C51 COMPILER V9.56.0.0   LCD12864                                                          09/19/2018 23:15:32 PAGE 1   


C51 COMPILER V9.56.0.0, COMPILATION OF MODULE LCD12864
OBJECT MODULE PLACED IN .\Objects\LCD12864.obj
COMPILER INVOKED BY: D:\Program Files\Keil\C51\BIN\C51.EXE src\LCD12864.c LARGE OMF2 OPTIMIZE(8,SPEED) BROWSE INCDIR(.\i
                    -nc) DEBUG PRINT(.\Listings\LCD12864.lst) TABS(2) OBJECT(.\Objects\LCD12864.obj)

line level    source

   1          #include "LCD12864.h"
   2          
   3          sbit en=P0^5;
   4          sbit rs=P0^7;
   5          sbit rw=P0^6;
   6          sbit lcd_psb=P0^4;
   7          
   8          u8 code dis1[]={"温度:"};
   9          u8 code dis2[]={"湿度:"};
  10          u8 code dis3[]={"人体:"};
  11          u8 code dis4[]={"声响:"};
  12          
  13          void delaynop()
  14          {
  15   1        _nop_();
  16   1        _nop_();
  17   1        _nop_();
  18   1        _nop_();
  19   1      }
  20          bit lcd_status()
  21          {
  22   1        bit status;
  23   1        rs=0;
  24   1        rw=1;
  25   1        _nop_();
  26   1        _nop_();
  27   1        en=1;
  28   1        status=P2&0x80;
  29   1        delaynop();
  30   1        delaynop();
  31   1        en=0;
  32   1        return status;    
  33   1      }
  34          void lcd_wcmd(u8 cmd)
  35          {
  36   1        while(lcd_status());
  37   1        rs=0;
  38   1        rw=0;
  39   1        _nop_();
  40   1        _nop_();
  41   1        en=1;
  42   1        P2=cmd;
  43   1        delaynop();
  44   1        delaynop();
  45   1        en=0;
  46   1      }
  47          void lcd_wdat(u8 dat)
  48          {
  49   1        while(lcd_status());
  50   1        rs=1;
  51   1        rw=0;
  52   1        _nop_();
  53   1        _nop_();
  54   1        en=1;
C51 COMPILER V9.56.0.0   LCD12864                                                          09/19/2018 23:15:32 PAGE 2   

  55   1        P2=dat;
  56   1        delaynop();
  57   1        delaynop();
  58   1        en=0;
  59   1      }
  60          void lcd_pos(u8 x,y)
  61          {
  62   1        u8 pos;
  63   1        switch(x)
  64   1        {
  65   2          case 0: x=0x80; break;
  66   2          case 1: x=0x90; break;
  67   2          case 2: x=0x88; break;
  68   2          case 3: x=0x98; break;
  69   2        }
  70   1        pos=x+y;
  71   1        lcd_wcmd(pos);
  72   1      }
  73          void lcd_init()
  74          {
  75   1        lcd_psb=1;
  76   1        lcd_wcmd(0x30);
  77   1        delaynop();
  78   1        lcd_wcmd(0x0c);
  79   1        delaynop();
  80   1        lcd_wcmd(0x01);
  81   1        delaynop();
  82   1      }
  83          
  84          void display_init(void)
  85          {
  86   1        u8 i;
  87   1        lcd_init();
  88   1      
  89   1        lcd_pos(0,0);
  90   1        i=0;
  91   1        while(dis1[i]!='\0')
  92   1        {
  93   2          lcd_wdat(dis1[i]);
  94   2          i++;  
  95   2        }
  96   1        //lcd_wcmd(0x34);
  97   1        //lcd_wcmd(0x04);
  98   1        //lcd_wcmd(0x30);
  99   1        
 100   1        lcd_pos(1,0);
 101   1        i=0;
 102   1        while(dis2[i]!='\0')
 103   1        {
 104   2          lcd_wdat(dis2[i]);
 105   2          i++;  
 106   2        }
 107   1      
 108   1        lcd_pos(2,0);
 109   1        i=0;
 110   1        while(dis3[i]!='\0')
 111   1        {
 112   2          lcd_wdat(dis3[i]);
 113   2          i++;  
 114   2        }
 115   1      
 116   1        lcd_pos(3,0);
C51 COMPILER V9.56.0.0   LCD12864                                                          09/19/2018 23:15:32 PAGE 3   

 117   1        i=0;
 118   1        while(dis4[i]!='\0')
 119   1        {
 120   2          lcd_wdat(dis4[i]);
 121   2          i++;  
 122   2        }
 123   1      
 124   1        P2=0xff;
 125   1      }
 126          
 127          void display_humiture(u8 *temp, u8 *humi)
 128          {
 129   1        u8 i;
 130   1        lcd_pos(0,4);
 131   1        i=0;
 132   1        while(temp[i]!='\0')
 133   1        {
 134   2          lcd_wdat(temp[i]);
 135   2          i++;  
 136   2        }
 137   1        lcd_pos(1,4);
 138   1        i=0;
 139   1        while(humi[i]!='\0')
 140   1        {
 141   2          lcd_wdat(humi[i]);
 142   2          i++;  
 143   2        }
 144   1      }
 145          void display_human(u8 *show)
 146          {
 147   1        u8 i;
 148   1        lcd_pos(2,4);
 149   1        i=0;
 150   1        while(show[i]!='\0')
 151   1        {
 152   2          lcd_wdat(show[i]);
 153   2          i++;  
 154   2        }
 155   1      }
 156          void display_sound(u8 *show)
 157          {
 158   1        u8 i;
 159   1        lcd_pos(3,4);
 160   1        i=0;
 161   1        while(show[i]!='\0')
 162   1        {
 163   2          lcd_wdat(show[i]);
 164   2          i++;  
 165   2        }
 166   1      }
 167          


MODULE INFORMATION:   STATIC OVERLAYABLE
   CODE SIZE        =    420    ----
   CONSTANT SIZE    =     24    ----
   XDATA SIZE       =   ----      12
   PDATA SIZE       =   ----    ----
   DATA SIZE        =   ----    ----
   IDATA SIZE       =   ----    ----
   BIT SIZE         =   ----       1
   EDATA SIZE       =   ----    ----
C51 COMPILER V9.56.0.0   LCD12864                                                          09/19/2018 23:15:32 PAGE 4   

   HDATA SIZE       =   ----    ----
   XDATA CONST SIZE =   ----    ----
   FAR CONST SIZE   =   ----    ----
END OF MODULE INFORMATION.


C51 COMPILATION COMPLETE.  0 WARNING(S),  0 ERROR(S)
