LX51 LINKER/LOCATER V4.66.66.0                                                          09/19/2018  23:15:32  PAGE 1


LX51 LINKER/LOCATER V4.66.66.0, INVOKED BY:
D:\PROGRAM FILES\KEIL\C51\BIN\LX51.EXE .\Objects\mysys.obj, .\Objects\tasklist.obj, .\Objects\agreement.obj, .\Objects\i
>> o.obj, .\Objects\delay.obj, .\Objects\uart.obj, .\Objects\main.obj, .\Objects\DHT11.obj, .\Objects\LCD12864.obj TO .\
>> Objects\samartAgr PRINT (.\Listings\samartAgr.map)


CPU MODE:     8051 MODE
MEMORY MODEL: LARGE


INPUT MODULES INCLUDED:
  .\Objects\mysys.obj (MYSYS)
         COMMENT TYPE 0: C51 V9.56.0.0
  .\Objects\tasklist.obj (TASKLIST)
         COMMENT TYPE 0: C51 V9.56.0.0
  .\Objects\agreement.obj (AGREEMENT)
         COMMENT TYPE 0: C51 V9.56.0.0
  .\Objects\io.obj (IO)
         COMMENT TYPE 0: C51 V9.56.0.0
  .\Objects\delay.obj (DELAY)
         COMMENT TYPE 0: C51 V9.56.0.0
  .\Objects\uart.obj (UART)
         COMMENT TYPE 0: C51 V9.56.0.0
  .\Objects\main.obj (MAIN)
         COMMENT TYPE 0: C51 V9.56.0.0
  .\Objects\DHT11.obj (DHT11)
         COMMENT TYPE 0: C51 V9.56.0.0
  .\Objects\LCD12864.obj (LCD12864)
         COMMENT TYPE 0: C51 V9.56.0.0
  D:\PROGRAM FILES\KEIL\C51\LIB\C51L.LIB (?C_STARTUP)
         COMMENT TYPE 1: A51 / ASM51 Assembler
  D:\PROGRAM FILES\KEIL\C51\LIB\C51L.LIB (?C?CLDPTR)
         COMMENT TYPE 1: A51 / ASM51 Assembler
  D:\PROGRAM FILES\KEIL\C51\LIB\C51L.LIB (?C?CLDOPTR)
         COMMENT TYPE 1: A51 / ASM51 Assembler
  D:\PROGRAM FILES\KEIL\C51\LIB\C51L.LIB (?C?CSTPTR)
         COMMENT TYPE 1: A51 / ASM51 Assembler
  D:\PROGRAM FILES\KEIL\C51\LIB\C51L.LIB (?C?CSTOPTR)
         COMMENT TYPE 1: A51 / ASM51 Assembler
  D:\PROGRAM FILES\KEIL\C51\LIB\C51L.LIB (?C?ULDIV)
         COMMENT TYPE 1: A51 / ASM51 Assembler
  D:\PROGRAM FILES\KEIL\C51\LIB\C51L.LIB (?C?ULCMP)
         COMMENT TYPE 1: A51 / ASM51 Assembler
  D:\PROGRAM FILES\KEIL\C51\LIB\C51L.LIB (?C?LSTXDATA)
         COMMENT TYPE 1: A51 / ASM51 Assembler
  D:\PROGRAM FILES\KEIL\C51\LIB\C51L.LIB (?C?LSTKXDATA)
         COMMENT TYPE 1: A51 / ASM51 Assembler
  D:\PROGRAM FILES\KEIL\C51\LIB\C51L.LIB (?C_INIT)
         COMMENT TYPE 1: A51 / ASM51 Assembler


ACTIVE MEMORY CLASSES OF MODULE:  .\Objects\samartAgr (MYSYS)

BASE        START       END         USED      MEMORY CLASS
==========================================================
C:000000H   C:000000H   C:00FFFFH   0009BBH   CODE
X:000000H   X:000000H   X:00FFFFH   000093H   XDATA
I:000020H.0 I:000020H.0 I:00002FH.7 000000H.2 BIT
C:000000H   C:000000H   C:00FFFFH   000018H   CONST
I:000000H   I:000000H   I:0000FFH   000001H   IDATA
I:000000H   I:000000H   I:00007FH   000008H   DATA


MEMORY MAP OF MODULE:  .\Objects\samartAgr (MYSYS)


LX51 LINKER/LOCATER V4.66.66.0                                                        09/19/2018  23:15:32  PAGE 2


START     STOP      LENGTH    ALIGN  RELOC    MEMORY CLASS   SEGMENT NAME
=========================================================================

* * * * * * * * * * *   D A T A   M E M O R Y   * * * * * * * * * * * * *
000000H   000007H   000008H   ---    AT..     DATA           "REG BANK 0"
000008H.0 00001FH.7 000018H.0 ---    ---      **GAP**
000020H.0 000020H.0 000000H.1 BIT    UNIT     BIT            ?BI?UART
000020H.1 000020H.1 000000H.1 BIT    UNIT     BIT            _BIT_GROUP_
000020H.2 000020H   000000H.6 ---    ---      **GAP**
000021H   000021H   000001H   BYTE   UNIT     IDATA          ?STACK

* * * * * * * * * * *   C O D E   M E M O R Y   * * * * * * * * * * * * *
000000H   000002H   000003H   ---    OFFS..   CODE           ?CO??C_STARTUP?0
000003H   00000AH   000008H   BYTE   UNIT     CODE           ?PR?_PUTCHAR?UART
00000BH   00000DH   000003H   BYTE   OFFS..   CODE           ?MYSYS?0000B
00000EH   000020H   000013H   BYTE   UNIT     CODE           ?PR?MYSYSINIT?MYSYS
000021H   000022H   000002H   ---    ---      **GAP**
000023H   000025H   000003H   BYTE   OFFS..   CODE           ?UART?00023
000026H   000184H   00015FH   BYTE   UNIT     CODE           ?PR?TIMER0?MYSYS
000185H   00026EH   0000EAH   BYTE   UNIT     CODE           ?PR?_DHT11_RECEIVE?DHT11
00026FH   0002E9H   00007BH   BYTE   UNIT     CODE           ?PR?MAIN?MAIN
0002EAH   00034FH   000066H   BYTE   UNIT     CODE           ?PR?DISPLAY_INIT?LCD12864
000350H   0003AEH   00005FH   BYTE   UNIT     CODE           ?PR?UART?UART
0003AFH   000404H   000056H   BYTE   UNIT     CODE           ?C_INITSEG
000405H   00045AH   000056H   BYTE   UNIT     CODE           ?PR?_DISPLAY_HUMITURE?LCD12864
00045BH   0004AEH   000054H   BYTE   UNIT     CODE           ?PR?_AGREEMENTPARSE?AGREEMENT
0004AFH   000501H   000053H   BYTE   UNIT     CODE           ?PR?MYTASK_ONE?TASKLIST
000502H   00053BH   00003AH   BYTE   UNIT     CODE           ?PR?_SEND_SENSORDATA?AGREEMENT
00053CH   00056EH   000033H   BYTE   UNIT     CODE           ?PR?MYTASK_TWO?TASKLIST
00056FH   0005A1H   000033H   BYTE   UNIT     CODE           ?PR?MYTASK_THREE?TASKLIST
0005A2H   0005D4H   000033H   BYTE   UNIT     CODE           ?PR?_DISPLAY_SOUND?LCD12864
0005D5H   000603H   00002FH   BYTE   UNIT     CODE           ?PR?_DISPLAY_HUMAN?LCD12864
000604H   000630H   00002DH   BYTE   UNIT     CODE           ?PR?_UARTSENDDATA?UART
000631H   000656H   000026H   BYTE   UNIT     CODE           ?PR?DHT11_REC_BYTE?DHT11
000657H   00067CH   000026H   BYTE   UNIT     CODE           ?PR?_LCD_POS?LCD12864
00067DH   0006A1H   000025H   BYTE   UNIT     CODE           ?PR?MYTASK_FOUR?TASKLIST
0006A2H   0006C0H   00001FH   BYTE   UNIT     CODE           ?PR?CLEARBUF?UART
0006C1H   0006DEH   00001EH   BYTE   UNIT     CODE           ?PR?_DELAY_MS?DELAY
0006DFH   0006FCH   00001EH   BYTE   UNIT     CODE           ?PR?_DHT11_DELAY_MS?DHT11
0006FDH   000717H   00001BH   BYTE   UNIT     CODE           ?PR?UARTINIT?UART
000718H   000731H   00001AH   BYTE   UNIT     CODE           ?PR?LCD_INIT?LCD12864
000732H   000749H   000018H   BYTE   UNIT     CODE           ?PR?LCD_STATUS?LCD12864
00074AH   000760H   000017H   BYTE   UNIT     CODE           ?PR?DHT11_START?DHT11
000761H   000771H   000011H   BYTE   UNIT     CODE           ?PR?_LCD_WCMD?LCD12864
000772H   000782H   000011H   BYTE   UNIT     CODE           ?PR?_LCD_WDAT?LCD12864
000783H   00078EH   00000CH   BYTE   UNIT     CODE           ?PR?DELAYNOP?LCD12864
00078FH   000797H   000009H   BYTE   UNIT     CODE           ?PR?BSP_INIT?MAIN
000798H   00079AH   000003H   BYTE   UNIT     CODE           ?PR?_DHT11_DELAY_US?DHT11
00079BH   0007B2H   000018H   BYTE   UNIT     CONST          ?CO?LCD12864
0007B3H   0007FFH   00004DH   ---    ---      **GAP**
000800H   000995H   000196H   BYTE   UNIT     CODE           ?C?LIB_CODE
000996H   000BDEH   000249H   ---    ---      **GAP**
000BDFH   000C6AH   00008CH   BYTE   UNIT     CODE           ?C_C51STARTUP

* * * * * * * * * * *  X D A T A   M E M O R Y  * * * * * * * * * * * * *
000000H   000036H   000037H   BYTE   UNIT     XDATA          ?XD?UART
000037H   000058H   000022H   BYTE   UNIT     XDATA          ?XD?TASKLIST
000059H   00006CH   000014H   BYTE   UNIT     XDATA          ?XD?AGREEMENT
00006DH   000077H   00000BH   BYTE   UNIT     XDATA          ?XD?_DHT11_RECEIVE?DHT11
000078H   00007FH   000008H   BYTE   UNIT     XDATA          ?XD?MYSYS
000080H   000085H   000006H   BYTE   UNIT     XDATA          ?XD?_DISPLAY_HUMITURE?LCD12864
000086H   000089H   000004H   BYTE   UNIT     XDATA          ?XD?DHT11
00008AH   00008CH   000003H   BYTE   UNIT     XDATA          ?XD?_DISPLAY_HUMAN?LCD12864
00008DH   00008FH   000003H   BYTE   UNIT     XDATA          ?XD?_DISPLAY_SOUND?LCD12864
000090H   000092H   000003H   BYTE   UNIT     XDATA          _XDATA_GROUP_
LX51 LINKER/LOCATER V4.66.66.0                                                        09/19/2018  23:15:32  PAGE 3





OVERLAY MAP OF MODULE:   .\Objects\samartAgr (MYSYS)


FUNCTION/MODULE                  BIT_GROUP   XDATA_GROUP
--> CALLED FUNCTION/MODULE      START  STOP  START  STOP
========================================================
TIMER0/MYSYS                    ----- -----  ----- -----

*** NEW ROOT ******************

UART/UART                       ----- -----  ----- -----

*** NEW ROOT ******************

?C_C51STARTUP                   ----- -----  ----- -----
  +--> MAIN/MAIN
  +--> ?C_INITSEG

MAIN/MAIN                       ----- -----  ----- -----
  +--> BSP_INIT/MAIN
  +--> _AGREEMENTPARSE/AGREEMENT
  +--> CLEARBUF/UART
  +--> _UARTSENDDATA/UART

BSP_INIT/MAIN                   ----- -----  ----- -----
  +--> UARTINIT/UART
  +--> MYSYSINIT/MYSYS
  +--> DISPLAY_INIT/LCD12864

UARTINIT/UART                   ----- -----  ----- -----

MYSYSINIT/MYSYS                 ----- -----  ----- -----

DISPLAY_INIT/LCD12864           ----- -----  ----- -----
  +--> LCD_INIT/LCD12864
  +--> _LCD_POS/LCD12864
  +--> ?CO?LCD12864
  +--> _LCD_WDAT/LCD12864

LCD_INIT/LCD12864               ----- -----  ----- -----
  +--> _LCD_WCMD/LCD12864
  +--> DELAYNOP/LCD12864

_LCD_WCMD/LCD12864              ----- -----  ----- -----
  +--> LCD_STATUS/LCD12864
  +--> DELAYNOP/LCD12864

LCD_STATUS/LCD12864             20H.1 20H.1  ----- -----
  +--> DELAYNOP/LCD12864

DELAYNOP/LCD12864               ----- -----  ----- -----

_LCD_POS/LCD12864               ----- -----  ----- -----
  +--> _LCD_WCMD/LCD12864

?CO?LCD12864                    ----- -----  ----- -----

_LCD_WDAT/LCD12864              ----- -----  ----- -----
  +--> LCD_STATUS/LCD12864
  +--> DELAYNOP/LCD12864

_AGREEMENTPARSE/AGREEMENT       ----- -----  ----- -----
LX51 LINKER/LOCATER V4.66.66.0                                                        09/19/2018  23:15:32  PAGE 4



CLEARBUF/UART                   ----- -----  ----- -----

_UARTSENDDATA/UART              ----- -----  0090H 0092H
  +--> _PUTCHAR/UART

_PUTCHAR/UART                   ----- -----  ----- -----

?C_INITSEG                      ----- -----  ----- -----



PUBLIC SYMBOLS OF MODULE:  .\Objects\samartAgr (MYSYS)


      VALUE       CLASS    TYPE      PUBLIC SYMBOL NAME
      =================================================
      0200006DH   XDATA    BYTE      ?_DHT11_receive?BYTE
      02000080H   XDATA    BYTE      ?_display_humiture?BYTE
      01000819H   CODE     ---       ?C?CLDOPTR
      01000800H   CODE     ---       ?C?CLDPTR
      00000000H   NUMBER   ---       ?C?CODESEG
      01000858H   CODE     ---       ?C?CSTOPTR
      01000846H   CODE     ---       ?C?CSTPTR
      01000965H   CODE     ---       ?C?LSTKXDATA
      01000959H   CODE     ---       ?C?LSTXDATA
      01000948H   CODE     ---       ?C?ULCMP
      010008B6H   CODE     ---       ?C?ULDIV
      00000000H   NUMBER   ---       ?C?XDATASEG
      01000C26H   CODE     ---       ?C_START
      01000000H   CODE     ---       ?C_STARTUP
      0100045BH   CODE     ---       _agreementParse
      010006C1H   CODE     ---       _delay_ms
      010006DFH   CODE     ---       _DHT11_delay_ms
      01000798H   CODE     ---       _DHT11_delay_us
      01000185H   CODE     ---       _DHT11_receive
      010005D5H   CODE     ---       _display_human
      01000405H   CODE     ---       _display_humiture
      010005A2H   CODE     ---       _display_sound
      0100065BH   CODE     ---       _lcd_pos
      01000761H   CODE     ---       _lcd_wcmd
      01000772H   CODE     ---       _lcd_wdat
      01000003H   CODE     ---       _Putchar
      01000502H   CODE     ---       _Send_SensorData
      01000604H   CODE     ---       _uartSendData
*SFR* 000000D0H.6 DATA     BIT       AC
*SFR* 000000E0H   DATA     BYTE      ACC
*SFR* 000000F0H   DATA     BYTE      B
      0100078FH   CODE     ---       bsp_init
      00000020H.0 BIT      BIT       busy
*SFR* 000000C8H.1 DATA     BIT       C_T2
      010006A2H   CODE     ---       clearBuf
      02000035H   XDATA    BYTE      cmd
*SFR* 000000C8H   DATA     BIT       CP_RL2
*SFR* 000000D0H.7 DATA     BIT       CY
*SFR* 000000B0H.7 DATA     BIT       Data
      0200005BH   XDATA    ---       dataBuffer
      0100078AH   CODE     ---       delaynop
      01000639H   CODE     ---       DHT11_rec_byte
      0100074AH   CODE     ---       DHT11_start
      0100079BH   CONST    ---       dis1
      010007A1H   CONST    ---       dis2
      010007A7H   CONST    ---       dis3
      010007ADH   CONST    ---       dis4
      010002EAH   CODE     ---       display_init
LX51 LINKER/LOCATER V4.66.66.0                                                        09/19/2018  23:15:32  PAGE 5


*SFR* 00000083H   DATA     BYTE      DPH
*SFR* 00000082H   DATA     BYTE      DPL
*SFR* 000000A8H.7 DATA     BIT       EA
*SFR* 00000080H.5 DATA     BIT       en
*SFR* 000000A8H.4 DATA     BIT       ES
*SFR* 000000A8H.1 DATA     BIT       ET0
*SFR* 000000A8H.3 DATA     BIT       ET1
*SFR* 000000A8H.5 DATA     BIT       ET2
*SFR* 000000A8H   DATA     BIT       EX0
*SFR* 000000A8H.2 DATA     BIT       EX1
*SFR* 000000C8H.3 DATA     BIT       EXEN2
*SFR* 000000C8H.6 DATA     BIT       EXF2
*SFR* 000000D0H.5 DATA     BIT       F0
      0200007DH   XDATA    BYTE      flag_taskFour
      0200007EH   XDATA    BYTE      flag_taskOne
      0200007CH   XDATA    BYTE      flag_taskThree
      0200007FH   XDATA    BYTE      flag_taskTwo
      02000000H   XDATA    BYTE      flag_uart_rx
      02000078H   XDATA    DWORD     heartBeat
      0200003BH   XDATA    BYTE      humanflag
*SFR* 000000A8H   DATA     BYTE      IE
*SFR* 00000088H.1 DATA     BIT       IE0
*SFR* 00000088H.3 DATA     BIT       IE1
*SFR* 000000B0H.2 DATA     BIT       INT0
*SFR* 000000B0H.3 DATA     BIT       INT1
*SFR* 00000090H.5 DATA     BIT       IO_FAN
*SFR* 00000090H.7 DATA     BIT       IO_HUMAN
*SFR* 00000090H   DATA     BIT       IO_LED1
*SFR* 00000090H.1 DATA     BIT       IO_LED2
*SFR* 00000090H.2 DATA     BIT       IO_LED3
*SFR* 00000090H.6 DATA     BIT       IO_SOUND
*SFR* 000000B8H   DATA     BYTE      IP
*SFR* 00000088H   DATA     BIT       IT0
*SFR* 00000088H.2 DATA     BIT       IT1
      01000718H   CODE     ---       lcd_init
*SFR* 00000080H.4 DATA     BIT       lcd_psb
      01000732H   CODE     ---       lcd_status
      0100026FH   CODE     ---       main
      0100000EH   CODE     ---       mysysinit
      0100067DH   CODE     ---       MyTask_Four
      010004AFH   CODE     ---       MyTask_One
      0100056FH   CODE     ---       MyTask_Three
      0100053CH   CODE     ---       MyTask_Two
*SFR* 000000D0H.2 DATA     BIT       OV
*SFR* 000000D0H   DATA     BIT       P
*SFR* 00000080H   DATA     BYTE      P0
*SFR* 00000090H   DATA     BYTE      P1
*SFR* 000000A0H   DATA     BYTE      P2
*SFR* 000000B0H   DATA     BYTE      P3
*SFR* 00000087H   DATA     BYTE      PCON
*SFR* 000000B8H.4 DATA     BIT       PS
*SFR* 000000D0H   DATA     BYTE      PSW
*SFR* 000000B8H.1 DATA     BIT       PT0
*SFR* 000000B8H.3 DATA     BIT       PT1
*SFR* 000000B8H.5 DATA     BIT       PT2
*SFR* 000000B8H   DATA     BIT       PX0
*SFR* 000000B8H.2 DATA     BIT       PX1
*SFR* 00000098H.2 DATA     BIT       RB8
*SFR* 000000CBH   DATA     BYTE      RCAP2H
*SFR* 000000CAH   DATA     BYTE      RCAP2L
*SFR* 000000C8H.5 DATA     BIT       RCLK
*SFR* 000000B0H.7 DATA     BIT       RD
*SFR* 00000098H.4 DATA     BIT       REN
      02000086H   XDATA    BYTE      RH
*SFR* 00000098H   DATA     BIT       RI
LX51 LINKER/LOCATER V4.66.66.0                                                        09/19/2018  23:15:32  PAGE 6


      02000088H   XDATA    BYTE      RL
*SFR* 00000080H.7 DATA     BIT       rs
*SFR* 000000D0H.3 DATA     BIT       RS0
*SFR* 000000D0H.4 DATA     BIT       RS1
*SFR* 00000080H.6 DATA     BIT       rw
*SFR* 000000B0H   DATA     BIT       RXD
*SFR* 00000099H   DATA     BYTE      SBUF
*SFR* 00000098H   DATA     BYTE      SCON
      02000037H   XDATA    ---       sdata
      02000045H   XDATA    ---       show1
      0200004AH   XDATA    ---       show2
      0200004FH   XDATA    ---       show3
      02000054H   XDATA    ---       show4
*SFR* 00000098H.7 DATA     BIT       SM0
*SFR* 00000098H.6 DATA     BIT       SM1
*SFR* 00000098H.5 DATA     BIT       SM2
      02000059H   XDATA    BYTE      SMARTMODE
      02000044H   XDATA    BYTE      soundflag
*SFR* 00000081H   DATA     BYTE      SP
*SFR* 000000B0H.4 DATA     BIT       T0
*SFR* 000000B0H.5 DATA     BIT       T1
*SFR* 00000090H   DATA     BIT       T2
*SFR* 000000C8H   DATA     BYTE      T2CON
*SFR* 00000090H.1 DATA     BIT       T2EX
*SFR* 00000098H.3 DATA     BIT       TB8
*SFR* 000000C8H.4 DATA     BIT       TCLK
*SFR* 00000088H   DATA     BYTE      TCON
      0200005AH   XDATA    BYTE      TEMPTHRESHOLD
*SFR* 00000088H.5 DATA     BIT       TF0
*SFR* 00000088H.7 DATA     BIT       TF1
*SFR* 000000C8H.7 DATA     BIT       TF2
      02000087H   XDATA    BYTE      TH
*SFR* 0000008CH   DATA     BYTE      TH0
*SFR* 0000008DH   DATA     BYTE      TH1
*SFR* 000000CDH   DATA     BYTE      TH2
*SFR* 00000098H.1 DATA     BIT       TI
      01000026H   CODE     ---       timer0
      02000089H   XDATA    BYTE      TL
*SFR* 0000008AH   DATA     BYTE      TL0
*SFR* 0000008BH   DATA     BYTE      TL1
*SFR* 000000CCH   DATA     BYTE      TL2
*SFR* 00000089H   DATA     BYTE      TMOD
*SFR* 00000088H.4 DATA     BIT       TR0
*SFR* 00000088H.6 DATA     BIT       TR1
*SFR* 000000C8H.2 DATA     BIT       TR2
*SFR* 000000B0H.1 DATA     BIT       TXD
      0200003CH   XDATA    ---       u8Humi
      02000040H   XDATA    ---       u8Temp
      01000350H   CODE     ---       Uart
      02000001H   XDATA    ---       UART_RX_BUF
      010006FDH   CODE     ---       UartInit
      02000033H   XDATA    BYTE      uartRxCount
      02000034H   XDATA    BYTE      uartRxSta
      02000036H   XDATA    BYTE      uartRxTimeOut
*SFR* 000000B0H.6 DATA     BIT       WR



SYMBOL TABLE OF MODULE:  .\Objects\samartAgr (MYSYS)

      VALUE       REP       CLASS    TYPE      SYMBOL NAME
      ====================================================
      ---         MODULE    ---      ---       MYSYS
      0200007FH   PUBLIC    XDATA    BYTE      flag_taskTwo
      0200007EH   PUBLIC    XDATA    BYTE      flag_taskOne
LX51 LINKER/LOCATER V4.66.66.0                                                        09/19/2018  23:15:32  PAGE 7


      0200007DH   PUBLIC    XDATA    BYTE      flag_taskFour
      0200007CH   PUBLIC    XDATA    BYTE      flag_taskThree
      02000078H   PUBLIC    XDATA    DWORD     heartBeat
      01000026H   PUBLIC    CODE     ---       timer0
      0100000EH   PUBLIC    CODE     ---       mysysinit
      00000090H   SFRSYM    DATA     BIT       IO_LED1
      00000080H   SFRSYM    DATA     BYTE      P0
      00000090H.1 SFRSYM    DATA     BIT       IO_LED2
      00000090H   SFRSYM    DATA     BYTE      P1
      00000090H.2 SFRSYM    DATA     BIT       IO_LED3
      000000A0H   SFRSYM    DATA     BYTE      P2
      000000B0H   SFRSYM    DATA     BYTE      P3
      00000090H.6 SFRSYM    DATA     BIT       IO_SOUND
      000000B0H.4 SFRSYM    DATA     BIT       T0
      000000D0H.6 SFRSYM    DATA     BIT       AC
      000000B0H.5 SFRSYM    DATA     BIT       T1
      00000090H   SFRSYM    DATA     BIT       T2
      000000A8H.7 SFRSYM    DATA     BIT       EA
      000000A8H   SFRSYM    DATA     BYTE      IE
      000000C8H.6 SFRSYM    DATA     BIT       EXF2
      000000B0H.7 SFRSYM    DATA     BIT       RD
      000000A8H.4 SFRSYM    DATA     BIT       ES
      000000B8H   SFRSYM    DATA     BYTE      IP
      00000098H   SFRSYM    DATA     BIT       RI
      000000B0H.2 SFRSYM    DATA     BIT       INT0
      000000D0H.7 SFRSYM    DATA     BIT       CY
      00000098H.1 SFRSYM    DATA     BIT       TI
      000000B0H.3 SFRSYM    DATA     BIT       INT1
      000000CBH   SFRSYM    DATA     BYTE      RCAP2H
      000000B8H.4 SFRSYM    DATA     BIT       PS
      00000081H   SFRSYM    DATA     BYTE      SP
      00000090H.1 SFRSYM    DATA     BIT       T2EX
      000000D0H.2 SFRSYM    DATA     BIT       OV
      000000CAH   SFRSYM    DATA     BYTE      RCAP2L
      000000C8H.1 SFRSYM    DATA     BIT       C_T2
      000000B0H.6 SFRSYM    DATA     BIT       WR
      000000C8H.5 SFRSYM    DATA     BIT       RCLK
      000000C8H.4 SFRSYM    DATA     BIT       TCLK
      00000099H   SFRSYM    DATA     BYTE      SBUF
      00000087H   SFRSYM    DATA     BYTE      PCON
      00000098H   SFRSYM    DATA     BYTE      SCON
      00000089H   SFRSYM    DATA     BYTE      TMOD
      00000088H   SFRSYM    DATA     BYTE      TCON
      00000088H.1 SFRSYM    DATA     BIT       IE0
      00000088H.3 SFRSYM    DATA     BIT       IE1
      000000F0H   SFRSYM    DATA     BYTE      B
      000000C8H   SFRSYM    DATA     BIT       CP_RL2
      000000E0H   SFRSYM    DATA     BYTE      ACC
      000000A8H.1 SFRSYM    DATA     BIT       ET0
      000000A8H.3 SFRSYM    DATA     BIT       ET1
      00000088H.5 SFRSYM    DATA     BIT       TF0
      000000A8H.5 SFRSYM    DATA     BIT       ET2
      00000088H.7 SFRSYM    DATA     BIT       TF1
      000000C8H.7 SFRSYM    DATA     BIT       TF2
      00000098H.2 SFRSYM    DATA     BIT       RB8
      0000008CH   SFRSYM    DATA     BYTE      TH0
      000000A8H   SFRSYM    DATA     BIT       EX0
      00000088H   SFRSYM    DATA     BIT       IT0
      0000008DH   SFRSYM    DATA     BYTE      TH1
      00000090H.5 SFRSYM    DATA     BIT       IO_FAN
      00000098H.3 SFRSYM    DATA     BIT       TB8
      000000A8H.2 SFRSYM    DATA     BIT       EX1
      00000088H.2 SFRSYM    DATA     BIT       IT1
      000000CDH   SFRSYM    DATA     BYTE      TH2
      000000D0H   SFRSYM    DATA     BIT       P
LX51 LINKER/LOCATER V4.66.66.0                                                        09/19/2018  23:15:32  PAGE 8


      00000098H.7 SFRSYM    DATA     BIT       SM0
      0000008AH   SFRSYM    DATA     BYTE      TL0
      00000098H.6 SFRSYM    DATA     BIT       SM1
      0000008BH   SFRSYM    DATA     BYTE      TL1
      00000098H.5 SFRSYM    DATA     BIT       SM2
      000000CCH   SFRSYM    DATA     BYTE      TL2
      000000B8H.1 SFRSYM    DATA     BIT       PT0
      000000B8H.3 SFRSYM    DATA     BIT       PT1
      000000D0H.3 SFRSYM    DATA     BIT       RS0
      000000B8H.5 SFRSYM    DATA     BIT       PT2
      00000088H.4 SFRSYM    DATA     BIT       TR0
      000000D0H.4 SFRSYM    DATA     BIT       RS1
      00000088H.6 SFRSYM    DATA     BIT       TR1
      000000C8H.2 SFRSYM    DATA     BIT       TR2
      000000B8H   SFRSYM    DATA     BIT       PX0
      000000B8H.2 SFRSYM    DATA     BIT       PX1
      00000083H   SFRSYM    DATA     BYTE      DPH
      00000082H   SFRSYM    DATA     BYTE      DPL
      000000C8H.3 SFRSYM    DATA     BIT       EXEN2
      00000098H.4 SFRSYM    DATA     BIT       REN
      000000C8H   SFRSYM    DATA     BYTE      T2CON
      000000B0H   SFRSYM    DATA     BIT       RXD
      000000B0H.1 SFRSYM    DATA     BIT       TXD
      00000090H.7 SFRSYM    DATA     BIT       IO_HUMAN
      000000D0H.5 SFRSYM    DATA     BIT       F0
      000000D0H   SFRSYM    DATA     BYTE      PSW

      0100000EH   BLOCK     CODE     ---       LVL=0
      0100000EH   LINE      CODE     ---       #11
      0100000EH   LINE      CODE     ---       #12
      0100000EH   LINE      CODE     ---       #13
      01000011H   LINE      CODE     ---       #14
      01000014H   LINE      CODE     ---       #15
      01000017H   LINE      CODE     ---       #16
      0100001AH   LINE      CODE     ---       #17
      0100001CH   LINE      CODE     ---       #18
      0100001EH   LINE      CODE     ---       #19
      01000020H   LINE      CODE     ---       #20
      ---         BLOCKEND  ---      ---       LVL=0

      01000026H   BLOCK     CODE     ---       LVL=0
      01000026H   LINE      CODE     ---       #24
      01000043H   LINE      CODE     ---       #26
      01000045H   LINE      CODE     ---       #28
      01000048H   LINE      CODE     ---       #29
      0100004BH   LINE      CODE     ---       #31
      01000087H   LINE      CODE     ---       #32
      0100008EH   LINE      CODE     ---       #34
      010000B8H   LINE      CODE     ---       #35
      010000BDH   LINE      CODE     ---       #37
      010000E7H   LINE      CODE     ---       #38
      010000ECH   LINE      CODE     ---       #40
      01000116H   LINE      CODE     ---       #41
      0100011BH   LINE      CODE     ---       #43
      01000145H   LINE      CODE     ---       #44
      0100014AH   LINE      CODE     ---       #47
      01000150H   LINE      CODE     ---       #48
      01000150H   LINE      CODE     ---       #49
      0100015EH   LINE      CODE     ---       #51
      0100015EH   LINE      CODE     ---       #52
      01000163H   LINE      CODE     ---       #53
      01000168H   LINE      CODE     ---       #54
      01000168H   LINE      CODE     ---       #55
      01000168H   LINE      CODE     ---       #56
      0100016AH   LINE      CODE     ---       #57
LX51 LINKER/LOCATER V4.66.66.0                                                        09/19/2018  23:15:32  PAGE 9


      ---         BLOCKEND  ---      ---       LVL=0

      ---         MODULE    ---      ---       TASKLIST
      02000054H   PUBLIC    XDATA    ---       show4
      0200004FH   PUBLIC    XDATA    ---       show3
      0200004AH   PUBLIC    XDATA    ---       show2
      02000045H   PUBLIC    XDATA    ---       show1
      02000044H   PUBLIC    XDATA    BYTE      soundflag
      02000040H   PUBLIC    XDATA    ---       u8Temp
      0200003CH   PUBLIC    XDATA    ---       u8Humi
      0200003BH   PUBLIC    XDATA    BYTE      humanflag
      02000037H   PUBLIC    XDATA    ---       sdata
      0100067DH   PUBLIC    CODE     ---       MyTask_Four
      0100056FH   PUBLIC    CODE     ---       MyTask_Three
      0100053CH   PUBLIC    CODE     ---       MyTask_Two
      010004AFH   PUBLIC    CODE     ---       MyTask_One
      00000090H   SFRSYM    DATA     BIT       IO_LED1
      00000080H   SFRSYM    DATA     BYTE      P0
      00000090H.1 SFRSYM    DATA     BIT       IO_LED2
      00000090H   SFRSYM    DATA     BYTE      P1
      00000090H.2 SFRSYM    DATA     BIT       IO_LED3
      000000A0H   SFRSYM    DATA     BYTE      P2
      000000B0H   SFRSYM    DATA     BYTE      P3
      00000090H.6 SFRSYM    DATA     BIT       IO_SOUND
      000000B0H.4 SFRSYM    DATA     BIT       T0
      000000D0H.6 SFRSYM    DATA     BIT       AC
      000000B0H.5 SFRSYM    DATA     BIT       T1
      00000090H   SFRSYM    DATA     BIT       T2
      000000A8H.7 SFRSYM    DATA     BIT       EA
      000000A8H   SFRSYM    DATA     BYTE      IE
      000000C8H.6 SFRSYM    DATA     BIT       EXF2
      000000B0H.7 SFRSYM    DATA     BIT       RD
      000000A8H.4 SFRSYM    DATA     BIT       ES
      000000B8H   SFRSYM    DATA     BYTE      IP
      00000098H   SFRSYM    DATA     BIT       RI
      000000B0H.2 SFRSYM    DATA     BIT       INT0
      000000D0H.7 SFRSYM    DATA     BIT       CY
      00000098H.1 SFRSYM    DATA     BIT       TI
      000000B0H.3 SFRSYM    DATA     BIT       INT1
      000000CBH   SFRSYM    DATA     BYTE      RCAP2H
      000000B8H.4 SFRSYM    DATA     BIT       PS
      00000081H   SFRSYM    DATA     BYTE      SP
      00000090H.1 SFRSYM    DATA     BIT       T2EX
      000000D0H.2 SFRSYM    DATA     BIT       OV
      000000CAH   SFRSYM    DATA     BYTE      RCAP2L
      000000C8H.1 SFRSYM    DATA     BIT       C_T2
      000000B0H.6 SFRSYM    DATA     BIT       WR
      000000C8H.5 SFRSYM    DATA     BIT       RCLK
      000000C8H.4 SFRSYM    DATA     BIT       TCLK
      00000099H   SFRSYM    DATA     BYTE      SBUF
      00000087H   SFRSYM    DATA     BYTE      PCON
      00000098H   SFRSYM    DATA     BYTE      SCON
      00000089H   SFRSYM    DATA     BYTE      TMOD
      00000088H   SFRSYM    DATA     BYTE      TCON
      00000088H.1 SFRSYM    DATA     BIT       IE0
      00000088H.3 SFRSYM    DATA     BIT       IE1
      000000F0H   SFRSYM    DATA     BYTE      B
      000000C8H   SFRSYM    DATA     BIT       CP_RL2
      000000E0H   SFRSYM    DATA     BYTE      ACC
      000000A8H.1 SFRSYM    DATA     BIT       ET0
      000000A8H.3 SFRSYM    DATA     BIT       ET1
      00000088H.5 SFRSYM    DATA     BIT       TF0
      000000A8H.5 SFRSYM    DATA     BIT       ET2
      00000088H.7 SFRSYM    DATA     BIT       TF1
      000000C8H.7 SFRSYM    DATA     BIT       TF2
LX51 LINKER/LOCATER V4.66.66.0                                                        09/19/2018  23:15:32  PAGE 10


      00000098H.2 SFRSYM    DATA     BIT       RB8
      0000008CH   SFRSYM    DATA     BYTE      TH0
      000000A8H   SFRSYM    DATA     BIT       EX0
      00000088H   SFRSYM    DATA     BIT       IT0
      0000008DH   SFRSYM    DATA     BYTE      TH1
      00000090H.5 SFRSYM    DATA     BIT       IO_FAN
      00000098H.3 SFRSYM    DATA     BIT       TB8
      000000A8H.2 SFRSYM    DATA     BIT       EX1
      00000088H.2 SFRSYM    DATA     BIT       IT1
      000000CDH   SFRSYM    DATA     BYTE      TH2
      000000D0H   SFRSYM    DATA     BIT       P
      00000098H.7 SFRSYM    DATA     BIT       SM0
      0000008AH   SFRSYM    DATA     BYTE      TL0
      00000098H.6 SFRSYM    DATA     BIT       SM1
      0000008BH   SFRSYM    DATA     BYTE      TL1
      00000098H.5 SFRSYM    DATA     BIT       SM2
      000000CCH   SFRSYM    DATA     BYTE      TL2
      000000B8H.1 SFRSYM    DATA     BIT       PT0
      000000B8H.3 SFRSYM    DATA     BIT       PT1
      000000D0H.3 SFRSYM    DATA     BIT       RS0
      000000B8H.5 SFRSYM    DATA     BIT       PT2
      00000088H.4 SFRSYM    DATA     BIT       TR0
      000000D0H.4 SFRSYM    DATA     BIT       RS1
      00000088H.6 SFRSYM    DATA     BIT       TR1
      000000C8H.2 SFRSYM    DATA     BIT       TR2
      000000B8H   SFRSYM    DATA     BIT       PX0
      000000B8H.2 SFRSYM    DATA     BIT       PX1
      00000083H   SFRSYM    DATA     BYTE      DPH
      00000082H   SFRSYM    DATA     BYTE      DPL
      000000C8H.3 SFRSYM    DATA     BIT       EXEN2
      00000098H.4 SFRSYM    DATA     BIT       REN
      000000C8H   SFRSYM    DATA     BYTE      T2CON
      000000B0H   SFRSYM    DATA     BIT       RXD
      000000B0H.1 SFRSYM    DATA     BIT       TXD
      00000090H.7 SFRSYM    DATA     BIT       IO_HUMAN
      000000D0H.5 SFRSYM    DATA     BIT       F0
      000000D0H   SFRSYM    DATA     BYTE      PSW

      010004AFH   BLOCK     CODE     ---       LVL=0
      010004AFH   LINE      CODE     ---       #15
      010004AFH   LINE      CODE     ---       #16
      010004AFH   LINE      CODE     ---       #17
      010004C6H   LINE      CODE     ---       #18
      010004DDH   LINE      CODE     ---       #19
      010004E2H   LINE      CODE     ---       #20
      010004EAH   LINE      CODE     ---       #21
      010004EDH   LINE      CODE     ---       #22
      010004F5H   LINE      CODE     ---       #23
      ---         BLOCKEND  ---      ---       LVL=0

      0100053CH   BLOCK     CODE     ---       LVL=0
      0100053CH   LINE      CODE     ---       #27
      0100053CH   LINE      CODE     ---       #28
      0100053CH   LINE      CODE     ---       #29
      0100053FH   LINE      CODE     ---       #30
      0100053FH   LINE      CODE     ---       #31
      01000545H   LINE      CODE     ---       #32
      0100054AH   LINE      CODE     ---       #33
      0100054CH   LINE      CODE     ---       #34
      0100054CH   LINE      CODE     ---       #35
      01000551H   LINE      CODE     ---       #36
      0100055AH   LINE      CODE     ---       #37
      0100055AH   LINE      CODE     ---       #38
      0100055FH   LINE      CODE     ---       #39
      01000561H   LINE      CODE     ---       #40
LX51 LINKER/LOCATER V4.66.66.0                                                        09/19/2018  23:15:32  PAGE 11


      01000563H   LINE      CODE     ---       #41
      ---         BLOCKEND  ---      ---       LVL=0

      0100056FH   BLOCK     CODE     ---       LVL=0
      0100056FH   LINE      CODE     ---       #45
      0100056FH   LINE      CODE     ---       #46
      0100056FH   LINE      CODE     ---       #47
      01000572H   LINE      CODE     ---       #48
      01000572H   LINE      CODE     ---       #49
      01000578H   LINE      CODE     ---       #50
      0100057DH   LINE      CODE     ---       #51
      0100057FH   LINE      CODE     ---       #52
      0100057FH   LINE      CODE     ---       #53
      01000584H   LINE      CODE     ---       #54
      0100058DH   LINE      CODE     ---       #55
      0100058DH   LINE      CODE     ---       #56
      01000592H   LINE      CODE     ---       #57
      01000594H   LINE      CODE     ---       #58
      01000596H   LINE      CODE     ---       #59
      ---         BLOCKEND  ---      ---       LVL=0

      0100067DH   BLOCK     CODE     ---       LVL=0
      0100067DH   LINE      CODE     ---       #62
      0100067DH   LINE      CODE     ---       #63
      0100067DH   LINE      CODE     ---       #64
      01000680H   LINE      CODE     ---       #65
      01000680H   LINE      CODE     ---       #66
      01000686H   LINE      CODE     ---       #67
      01000688H   LINE      CODE     ---       #68
      01000688H   LINE      CODE     ---       #69
      0100068DH   LINE      CODE     ---       #70
      0100068DH   LINE      CODE     ---       #71
      01000692H   LINE      CODE     ---       #72
      01000694H   LINE      CODE     ---       #73
      01000696H   LINE      CODE     ---       #74
      ---         BLOCKEND  ---      ---       LVL=0

      ---         MODULE    ---      ---       AGREEMENT
      0200005BH   PUBLIC    XDATA    ---       dataBuffer
      0200005AH   PUBLIC    XDATA    BYTE      TEMPTHRESHOLD
      02000059H   PUBLIC    XDATA    BYTE      SMARTMODE
      0100045BH   PUBLIC    CODE     ---       _agreementParse
      01000502H   PUBLIC    CODE     ---       _Send_SensorData
      00000090H   SFRSYM    DATA     BIT       IO_LED1
      00000080H   SFRSYM    DATA     BYTE      P0
      00000090H.1 SFRSYM    DATA     BIT       IO_LED2
      00000090H   SFRSYM    DATA     BYTE      P1
      00000090H.2 SFRSYM    DATA     BIT       IO_LED3
      000000A0H   SFRSYM    DATA     BYTE      P2
      000000B0H   SFRSYM    DATA     BYTE      P3
      00000090H.6 SFRSYM    DATA     BIT       IO_SOUND
      000000B0H.4 SFRSYM    DATA     BIT       T0
      000000D0H.6 SFRSYM    DATA     BIT       AC
      000000B0H.5 SFRSYM    DATA     BIT       T1
      00000090H   SFRSYM    DATA     BIT       T2
      000000A8H.7 SFRSYM    DATA     BIT       EA
      000000A8H   SFRSYM    DATA     BYTE      IE
      000000C8H.6 SFRSYM    DATA     BIT       EXF2
      000000B0H.7 SFRSYM    DATA     BIT       RD
      000000A8H.4 SFRSYM    DATA     BIT       ES
      000000B8H   SFRSYM    DATA     BYTE      IP
      00000098H   SFRSYM    DATA     BIT       RI
      000000B0H.2 SFRSYM    DATA     BIT       INT0
      000000D0H.7 SFRSYM    DATA     BIT       CY
      00000098H.1 SFRSYM    DATA     BIT       TI
LX51 LINKER/LOCATER V4.66.66.0                                                        09/19/2018  23:15:32  PAGE 12


      000000B0H.3 SFRSYM    DATA     BIT       INT1
      000000CBH   SFRSYM    DATA     BYTE      RCAP2H
      000000B8H.4 SFRSYM    DATA     BIT       PS
      00000081H   SFRSYM    DATA     BYTE      SP
      00000090H.1 SFRSYM    DATA     BIT       T2EX
      000000D0H.2 SFRSYM    DATA     BIT       OV
      000000CAH   SFRSYM    DATA     BYTE      RCAP2L
      000000C8H.1 SFRSYM    DATA     BIT       C_T2
      000000B0H.6 SFRSYM    DATA     BIT       WR
      000000C8H.5 SFRSYM    DATA     BIT       RCLK
      000000C8H.4 SFRSYM    DATA     BIT       TCLK
      00000099H   SFRSYM    DATA     BYTE      SBUF
      00000087H   SFRSYM    DATA     BYTE      PCON
      00000098H   SFRSYM    DATA     BYTE      SCON
      00000089H   SFRSYM    DATA     BYTE      TMOD
      00000088H   SFRSYM    DATA     BYTE      TCON
      00000088H.1 SFRSYM    DATA     BIT       IE0
      00000088H.3 SFRSYM    DATA     BIT       IE1
      000000F0H   SFRSYM    DATA     BYTE      B
      000000C8H   SFRSYM    DATA     BIT       CP_RL2
      000000E0H   SFRSYM    DATA     BYTE      ACC
      000000A8H.1 SFRSYM    DATA     BIT       ET0
      000000A8H.3 SFRSYM    DATA     BIT       ET1
      00000088H.5 SFRSYM    DATA     BIT       TF0
      000000A8H.5 SFRSYM    DATA     BIT       ET2
      00000088H.7 SFRSYM    DATA     BIT       TF1
      000000C8H.7 SFRSYM    DATA     BIT       TF2
      00000098H.2 SFRSYM    DATA     BIT       RB8
      0000008CH   SFRSYM    DATA     BYTE      TH0
      000000A8H   SFRSYM    DATA     BIT       EX0
      00000088H   SFRSYM    DATA     BIT       IT0
      0000008DH   SFRSYM    DATA     BYTE      TH1
      00000090H.5 SFRSYM    DATA     BIT       IO_FAN
      00000098H.3 SFRSYM    DATA     BIT       TB8
      000000A8H.2 SFRSYM    DATA     BIT       EX1
      00000088H.2 SFRSYM    DATA     BIT       IT1
      000000CDH   SFRSYM    DATA     BYTE      TH2
      000000D0H   SFRSYM    DATA     BIT       P
      00000098H.7 SFRSYM    DATA     BIT       SM0
      0000008AH   SFRSYM    DATA     BYTE      TL0
      00000098H.6 SFRSYM    DATA     BIT       SM1
      0000008BH   SFRSYM    DATA     BYTE      TL1
      00000098H.5 SFRSYM    DATA     BIT       SM2
      000000CCH   SFRSYM    DATA     BYTE      TL2
      000000B8H.1 SFRSYM    DATA     BIT       PT0
      000000B8H.3 SFRSYM    DATA     BIT       PT1
      000000D0H.3 SFRSYM    DATA     BIT       RS0
      000000B8H.5 SFRSYM    DATA     BIT       PT2
      00000088H.4 SFRSYM    DATA     BIT       TR0
      000000D0H.4 SFRSYM    DATA     BIT       RS1
      00000088H.6 SFRSYM    DATA     BIT       TR1
      000000C8H.2 SFRSYM    DATA     BIT       TR2
      000000B8H   SFRSYM    DATA     BIT       PX0
      000000B8H.2 SFRSYM    DATA     BIT       PX1
      00000083H   SFRSYM    DATA     BYTE      DPH
      00000082H   SFRSYM    DATA     BYTE      DPL
      000000C8H.3 SFRSYM    DATA     BIT       EXEN2
      00000098H.4 SFRSYM    DATA     BIT       REN
      000000C8H   SFRSYM    DATA     BYTE      T2CON
      000000B0H   SFRSYM    DATA     BIT       RXD
      000000B0H.1 SFRSYM    DATA     BIT       TXD
      00000090H.7 SFRSYM    DATA     BIT       IO_HUMAN
      000000D0H.5 SFRSYM    DATA     BIT       F0
      000000D0H   SFRSYM    DATA     BYTE      PSW

LX51 LINKER/LOCATER V4.66.66.0                                                        09/19/2018  23:15:32  PAGE 13


      01000502H   BLOCK     CODE     ---       LVL=0
      00000007H   SYMBOL    DATA     BYTE      _SensorStyle
      00000005H   SYMBOL    DATA     BYTE      _SenserIndex
      00000001H   SYMBOL    DATA     ---       _pData
      01000502H   LINE      CODE     ---       #16
      01000502H   LINE      CODE     ---       #17
      01000502H   LINE      CODE     ---       #18
      01000507H   LINE      CODE     ---       #19
      0100050EH   LINE      CODE     ---       #20
      01000518H   LINE      CODE     ---       #21
      01000522H   LINE      CODE     ---       #22
      0100052CH   LINE      CODE     ---       #23
      01000531H   LINE      CODE     ---       #25
      ---         BLOCKEND  ---      ---       LVL=0

      0100045BH   BLOCK     CODE     ---       LVL=0
      00000001H   SYMBOL    DATA     ---       str
      0100045BH   LINE      CODE     ---       #28
      0100045BH   LINE      CODE     ---       #29
      0100045BH   LINE      CODE     ---       #30
      01000475H   LINE      CODE     ---       #31
      01000475H   LINE      CODE     ---       #32
      0100047FH   LINE      CODE     ---       #33
      0100047FH   LINE      CODE     ---       #34
      01000489H   LINE      CODE     ---       #35
      01000493H   LINE      CODE     ---       #36
      01000493H   LINE      CODE     ---       #38
      01000497H   LINE      CODE     ---       #39
      01000497H   LINE      CODE     ---       #40
      010004A1H   LINE      CODE     ---       #41
      010004A1H   LINE      CODE     ---       #42
      010004A1H   LINE      CODE     ---       #43
      010004A9H   LINE      CODE     ---       #44
      010004ACH   LINE      CODE     ---       #46
      010004AEH   LINE      CODE     ---       #47
      010004AEH   LINE      CODE     ---       #48
      010004AEH   LINE      CODE     ---       #50
      010004AEH   LINE      CODE     ---       #51
      010004AEH   LINE      CODE     ---       #52
      010004AEH   LINE      CODE     ---       #53
      010004AEH   LINE      CODE     ---       #54
      010004AEH   LINE      CODE     ---       #55
      010004AEH   LINE      CODE     ---       #56
      ---         BLOCKEND  ---      ---       LVL=0

      ---         MODULE    ---      ---       IO
      00000090H   SFRSYM    DATA     BIT       IO_LED1
      00000080H   SFRSYM    DATA     BYTE      P0
      00000090H.1 SFRSYM    DATA     BIT       IO_LED2
      00000090H   SFRSYM    DATA     BYTE      P1
      00000090H.2 SFRSYM    DATA     BIT       IO_LED3
      000000A0H   SFRSYM    DATA     BYTE      P2
      000000B0H   SFRSYM    DATA     BYTE      P3
      00000090H.6 SFRSYM    DATA     BIT       IO_SOUND
      000000B0H.4 SFRSYM    DATA     BIT       T0
      000000D0H.6 SFRSYM    DATA     BIT       AC
      000000B0H.5 SFRSYM    DATA     BIT       T1
      00000090H   SFRSYM    DATA     BIT       T2
      000000A8H.7 SFRSYM    DATA     BIT       EA
      000000A8H   SFRSYM    DATA     BYTE      IE
      000000C8H.6 SFRSYM    DATA     BIT       EXF2
      000000B0H.7 SFRSYM    DATA     BIT       RD
      000000A8H.4 SFRSYM    DATA     BIT       ES
      000000B8H   SFRSYM    DATA     BYTE      IP
      00000098H   SFRSYM    DATA     BIT       RI
LX51 LINKER/LOCATER V4.66.66.0                                                        09/19/2018  23:15:32  PAGE 14


      000000B0H.2 SFRSYM    DATA     BIT       INT0
      000000D0H.7 SFRSYM    DATA     BIT       CY
      00000098H.1 SFRSYM    DATA     BIT       TI
      000000B0H.3 SFRSYM    DATA     BIT       INT1
      000000CBH   SFRSYM    DATA     BYTE      RCAP2H
      000000B8H.4 SFRSYM    DATA     BIT       PS
      00000081H   SFRSYM    DATA     BYTE      SP
      00000090H.1 SFRSYM    DATA     BIT       T2EX
      000000D0H.2 SFRSYM    DATA     BIT       OV
      000000CAH   SFRSYM    DATA     BYTE      RCAP2L
      000000C8H.1 SFRSYM    DATA     BIT       C_T2
      000000B0H.6 SFRSYM    DATA     BIT       WR
      000000C8H.5 SFRSYM    DATA     BIT       RCLK
      000000C8H.4 SFRSYM    DATA     BIT       TCLK
      00000099H   SFRSYM    DATA     BYTE      SBUF
      00000087H   SFRSYM    DATA     BYTE      PCON
      00000098H   SFRSYM    DATA     BYTE      SCON
      00000089H   SFRSYM    DATA     BYTE      TMOD
      00000088H   SFRSYM    DATA     BYTE      TCON
      00000088H.1 SFRSYM    DATA     BIT       IE0
      00000088H.3 SFRSYM    DATA     BIT       IE1
      000000F0H   SFRSYM    DATA     BYTE      B
      000000C8H   SFRSYM    DATA     BIT       CP_RL2
      000000E0H   SFRSYM    DATA     BYTE      ACC
      000000A8H.1 SFRSYM    DATA     BIT       ET0
      000000A8H.3 SFRSYM    DATA     BIT       ET1
      00000088H.5 SFRSYM    DATA     BIT       TF0
      000000A8H.5 SFRSYM    DATA     BIT       ET2
      00000088H.7 SFRSYM    DATA     BIT       TF1
      000000C8H.7 SFRSYM    DATA     BIT       TF2
      00000098H.2 SFRSYM    DATA     BIT       RB8
      0000008CH   SFRSYM    DATA     BYTE      TH0
      000000A8H   SFRSYM    DATA     BIT       EX0
      00000088H   SFRSYM    DATA     BIT       IT0
      0000008DH   SFRSYM    DATA     BYTE      TH1
      00000090H.5 SFRSYM    DATA     BIT       IO_FAN
      00000098H.3 SFRSYM    DATA     BIT       TB8
      000000A8H.2 SFRSYM    DATA     BIT       EX1
      00000088H.2 SFRSYM    DATA     BIT       IT1
      000000CDH   SFRSYM    DATA     BYTE      TH2
      000000D0H   SFRSYM    DATA     BIT       P
      00000098H.7 SFRSYM    DATA     BIT       SM0
      0000008AH   SFRSYM    DATA     BYTE      TL0
      00000098H.6 SFRSYM    DATA     BIT       SM1
      0000008BH   SFRSYM    DATA     BYTE      TL1
      00000098H.5 SFRSYM    DATA     BIT       SM2
      000000CCH   SFRSYM    DATA     BYTE      TL2
      000000B8H.1 SFRSYM    DATA     BIT       PT0
      000000B8H.3 SFRSYM    DATA     BIT       PT1
      000000D0H.3 SFRSYM    DATA     BIT       RS0
      000000B8H.5 SFRSYM    DATA     BIT       PT2
      00000088H.4 SFRSYM    DATA     BIT       TR0
      000000D0H.4 SFRSYM    DATA     BIT       RS1
      00000088H.6 SFRSYM    DATA     BIT       TR1
      000000C8H.2 SFRSYM    DATA     BIT       TR2
      000000B8H   SFRSYM    DATA     BIT       PX0
      000000B8H.2 SFRSYM    DATA     BIT       PX1
      00000083H   SFRSYM    DATA     BYTE      DPH
      00000082H   SFRSYM    DATA     BYTE      DPL
      000000C8H.3 SFRSYM    DATA     BIT       EXEN2
      00000098H.4 SFRSYM    DATA     BIT       REN
      000000C8H   SFRSYM    DATA     BYTE      T2CON
      000000B0H   SFRSYM    DATA     BIT       RXD
      000000B0H.1 SFRSYM    DATA     BIT       TXD
      00000090H.7 SFRSYM    DATA     BIT       IO_HUMAN
LX51 LINKER/LOCATER V4.66.66.0                                                        09/19/2018  23:15:32  PAGE 15


      000000D0H.5 SFRSYM    DATA     BIT       F0
      000000D0H   SFRSYM    DATA     BYTE      PSW

      ---         MODULE    ---      ---       DELAY
      010006C1H   PUBLIC    CODE     ---       _delay_ms
      00000080H   SFRSYM    DATA     BYTE      P0
      00000090H   SFRSYM    DATA     BYTE      P1
      000000A0H   SFRSYM    DATA     BYTE      P2
      000000B0H   SFRSYM    DATA     BYTE      P3
      000000B0H.4 SFRSYM    DATA     BIT       T0
      000000D0H.6 SFRSYM    DATA     BIT       AC
      000000B0H.5 SFRSYM    DATA     BIT       T1
      00000090H   SFRSYM    DATA     BIT       T2
      000000A8H.7 SFRSYM    DATA     BIT       EA
      000000A8H   SFRSYM    DATA     BYTE      IE
      000000C8H.6 SFRSYM    DATA     BIT       EXF2
      000000B0H.7 SFRSYM    DATA     BIT       RD
      000000A8H.4 SFRSYM    DATA     BIT       ES
      000000B8H   SFRSYM    DATA     BYTE      IP
      00000098H   SFRSYM    DATA     BIT       RI
      000000B0H.2 SFRSYM    DATA     BIT       INT0
      000000D0H.7 SFRSYM    DATA     BIT       CY
      00000098H.1 SFRSYM    DATA     BIT       TI
      000000B0H.3 SFRSYM    DATA     BIT       INT1
      000000CBH   SFRSYM    DATA     BYTE      RCAP2H
      000000B8H.4 SFRSYM    DATA     BIT       PS
      00000081H   SFRSYM    DATA     BYTE      SP
      00000090H.1 SFRSYM    DATA     BIT       T2EX
      000000D0H.2 SFRSYM    DATA     BIT       OV
      000000CAH   SFRSYM    DATA     BYTE      RCAP2L
      000000C8H.1 SFRSYM    DATA     BIT       C_T2
      000000B0H.6 SFRSYM    DATA     BIT       WR
      000000C8H.5 SFRSYM    DATA     BIT       RCLK
      000000C8H.4 SFRSYM    DATA     BIT       TCLK
      00000099H   SFRSYM    DATA     BYTE      SBUF
      00000087H   SFRSYM    DATA     BYTE      PCON
      00000098H   SFRSYM    DATA     BYTE      SCON
      00000089H   SFRSYM    DATA     BYTE      TMOD
      00000088H   SFRSYM    DATA     BYTE      TCON
      00000088H.1 SFRSYM    DATA     BIT       IE0
      00000088H.3 SFRSYM    DATA     BIT       IE1
      000000F0H   SFRSYM    DATA     BYTE      B
      000000C8H   SFRSYM    DATA     BIT       CP_RL2
      000000E0H   SFRSYM    DATA     BYTE      ACC
      000000A8H.1 SFRSYM    DATA     BIT       ET0
      000000A8H.3 SFRSYM    DATA     BIT       ET1
      00000088H.5 SFRSYM    DATA     BIT       TF0
      000000A8H.5 SFRSYM    DATA     BIT       ET2
      00000088H.7 SFRSYM    DATA     BIT       TF1
      000000C8H.7 SFRSYM    DATA     BIT       TF2
      00000098H.2 SFRSYM    DATA     BIT       RB8
      0000008CH   SFRSYM    DATA     BYTE      TH0
      000000A8H   SFRSYM    DATA     BIT       EX0
      00000088H   SFRSYM    DATA     BIT       IT0
      0000008DH   SFRSYM    DATA     BYTE      TH1
      00000098H.3 SFRSYM    DATA     BIT       TB8
      000000A8H.2 SFRSYM    DATA     BIT       EX1
      00000088H.2 SFRSYM    DATA     BIT       IT1
      000000CDH   SFRSYM    DATA     BYTE      TH2
      000000D0H   SFRSYM    DATA     BIT       P
      00000098H.7 SFRSYM    DATA     BIT       SM0
      0000008AH   SFRSYM    DATA     BYTE      TL0
      00000098H.6 SFRSYM    DATA     BIT       SM1
      0000008BH   SFRSYM    DATA     BYTE      TL1
      00000098H.5 SFRSYM    DATA     BIT       SM2
LX51 LINKER/LOCATER V4.66.66.0                                                        09/19/2018  23:15:32  PAGE 16


      000000CCH   SFRSYM    DATA     BYTE      TL2
      000000B8H.1 SFRSYM    DATA     BIT       PT0
      000000B8H.3 SFRSYM    DATA     BIT       PT1
      000000D0H.3 SFRSYM    DATA     BIT       RS0
      000000B8H.5 SFRSYM    DATA     BIT       PT2
      00000088H.4 SFRSYM    DATA     BIT       TR0
      000000D0H.4 SFRSYM    DATA     BIT       RS1
      00000088H.6 SFRSYM    DATA     BIT       TR1
      000000C8H.2 SFRSYM    DATA     BIT       TR2
      000000B8H   SFRSYM    DATA     BIT       PX0
      000000B8H.2 SFRSYM    DATA     BIT       PX1
      00000083H   SFRSYM    DATA     BYTE      DPH
      00000082H   SFRSYM    DATA     BYTE      DPL
      000000C8H.3 SFRSYM    DATA     BIT       EXEN2
      00000098H.4 SFRSYM    DATA     BIT       REN
      000000C8H   SFRSYM    DATA     BYTE      T2CON
      000000B0H   SFRSYM    DATA     BIT       RXD
      000000B0H.1 SFRSYM    DATA     BIT       TXD
      000000D0H.5 SFRSYM    DATA     BIT       F0
      000000D0H   SFRSYM    DATA     BYTE      PSW

      010006C1H   BLOCK     CODE     ---       LVL=0
      00000006H   SYMBOL    DATA     WORD      ms
      010006C1H   BLOCK     CODE     NEAR LAB  LVL=1
      00000006H   SYMBOL    DATA     WORD      i
      00000004H   SYMBOL    DATA     WORD      j
      ---         BLOCKEND  ---      ---       LVL=1
      010006C1H   LINE      CODE     ---       #3
      010006C1H   LINE      CODE     ---       #4
      010006C1H   LINE      CODE     ---       #6
      010006CAH   LINE      CODE     ---       #7
      010006DEH   LINE      CODE     ---       #8
      ---         BLOCKEND  ---      ---       LVL=0

      ---         MODULE    ---      ---       UART
      02000036H   PUBLIC    XDATA    BYTE      uartRxTimeOut
      00000020H.0 PUBLIC    BIT      BIT       busy
      02000035H   PUBLIC    XDATA    BYTE      cmd
      02000034H   PUBLIC    XDATA    BYTE      uartRxSta
      02000033H   PUBLIC    XDATA    BYTE      uartRxCount
      02000001H   PUBLIC    XDATA    ---       UART_RX_BUF
      02000000H   PUBLIC    XDATA    BYTE      flag_uart_rx
      010006A2H   PUBLIC    CODE     ---       clearBuf
      01000604H   PUBLIC    CODE     ---       _uartSendData
      01000003H   PUBLIC    CODE     ---       _Putchar
      01000350H   PUBLIC    CODE     ---       Uart
      010006FDH   PUBLIC    CODE     ---       UartInit
      00000080H   SFRSYM    DATA     BYTE      P0
      00000090H   SFRSYM    DATA     BYTE      P1
      000000A0H   SFRSYM    DATA     BYTE      P2
      000000B0H   SFRSYM    DATA     BYTE      P3
      000000B0H.4 SFRSYM    DATA     BIT       T0
      000000D0H.6 SFRSYM    DATA     BIT       AC
      000000B0H.5 SFRSYM    DATA     BIT       T1
      00000090H   SFRSYM    DATA     BIT       T2
      000000A8H.7 SFRSYM    DATA     BIT       EA
      000000A8H   SFRSYM    DATA     BYTE      IE
      000000C8H.6 SFRSYM    DATA     BIT       EXF2
      000000B0H.7 SFRSYM    DATA     BIT       RD
      000000A8H.4 SFRSYM    DATA     BIT       ES
      000000B8H   SFRSYM    DATA     BYTE      IP
      00000098H   SFRSYM    DATA     BIT       RI
      000000B0H.2 SFRSYM    DATA     BIT       INT0
      000000D0H.7 SFRSYM    DATA     BIT       CY
      00000098H.1 SFRSYM    DATA     BIT       TI
LX51 LINKER/LOCATER V4.66.66.0                                                        09/19/2018  23:15:32  PAGE 17


      000000B0H.3 SFRSYM    DATA     BIT       INT1
      000000CBH   SFRSYM    DATA     BYTE      RCAP2H
      000000B8H.4 SFRSYM    DATA     BIT       PS
      00000081H   SFRSYM    DATA     BYTE      SP
      00000090H.1 SFRSYM    DATA     BIT       T2EX
      000000D0H.2 SFRSYM    DATA     BIT       OV
      000000CAH   SFRSYM    DATA     BYTE      RCAP2L
      000000C8H.1 SFRSYM    DATA     BIT       C_T2
      000000B0H.6 SFRSYM    DATA     BIT       WR
      000000C8H.5 SFRSYM    DATA     BIT       RCLK
      000000C8H.4 SFRSYM    DATA     BIT       TCLK
      00000099H   SFRSYM    DATA     BYTE      SBUF
      00000087H   SFRSYM    DATA     BYTE      PCON
      00000098H   SFRSYM    DATA     BYTE      SCON
      00000089H   SFRSYM    DATA     BYTE      TMOD
      00000088H   SFRSYM    DATA     BYTE      TCON
      00000088H.1 SFRSYM    DATA     BIT       IE0
      00000088H.3 SFRSYM    DATA     BIT       IE1
      000000F0H   SFRSYM    DATA     BYTE      B
      000000C8H   SFRSYM    DATA     BIT       CP_RL2
      000000E0H   SFRSYM    DATA     BYTE      ACC
      000000A8H.1 SFRSYM    DATA     BIT       ET0
      000000A8H.3 SFRSYM    DATA     BIT       ET1
      00000088H.5 SFRSYM    DATA     BIT       TF0
      000000A8H.5 SFRSYM    DATA     BIT       ET2
      00000088H.7 SFRSYM    DATA     BIT       TF1
      000000C8H.7 SFRSYM    DATA     BIT       TF2
      00000098H.2 SFRSYM    DATA     BIT       RB8
      0000008CH   SFRSYM    DATA     BYTE      TH0
      000000A8H   SFRSYM    DATA     BIT       EX0
      00000088H   SFRSYM    DATA     BIT       IT0
      0000008DH   SFRSYM    DATA     BYTE      TH1
      00000098H.3 SFRSYM    DATA     BIT       TB8
      000000A8H.2 SFRSYM    DATA     BIT       EX1
      00000088H.2 SFRSYM    DATA     BIT       IT1
      000000CDH   SFRSYM    DATA     BYTE      TH2
      000000D0H   SFRSYM    DATA     BIT       P
      00000098H.7 SFRSYM    DATA     BIT       SM0
      0000008AH   SFRSYM    DATA     BYTE      TL0
      00000098H.6 SFRSYM    DATA     BIT       SM1
      0000008BH   SFRSYM    DATA     BYTE      TL1
      00000098H.5 SFRSYM    DATA     BIT       SM2
      000000CCH   SFRSYM    DATA     BYTE      TL2
      000000B8H.1 SFRSYM    DATA     BIT       PT0
      000000B8H.3 SFRSYM    DATA     BIT       PT1
      000000D0H.3 SFRSYM    DATA     BIT       RS0
      000000B8H.5 SFRSYM    DATA     BIT       PT2
      00000088H.4 SFRSYM    DATA     BIT       TR0
      000000D0H.4 SFRSYM    DATA     BIT       RS1
      00000088H.6 SFRSYM    DATA     BIT       TR1
      000000C8H.2 SFRSYM    DATA     BIT       TR2
      000000B8H   SFRSYM    DATA     BIT       PX0
      000000B8H.2 SFRSYM    DATA     BIT       PX1
      00000083H   SFRSYM    DATA     BYTE      DPH
      00000082H   SFRSYM    DATA     BYTE      DPL
      000000C8H.3 SFRSYM    DATA     BIT       EXEN2
      00000098H.4 SFRSYM    DATA     BIT       REN
      000000C8H   SFRSYM    DATA     BYTE      T2CON
      000000B0H   SFRSYM    DATA     BIT       RXD
      000000B0H.1 SFRSYM    DATA     BIT       TXD
      000000D0H.5 SFRSYM    DATA     BIT       F0
      000000D0H   SFRSYM    DATA     BYTE      PSW

      010006FDH   BLOCK     CODE     ---       LVL=0
      010006FDH   LINE      CODE     ---       #12
LX51 LINKER/LOCATER V4.66.66.0                                                        09/19/2018  23:15:32  PAGE 18


      010006FDH   LINE      CODE     ---       #13
      010006FDH   LINE      CODE     ---       #15
      01000700H   LINE      CODE     ---       #16
      01000703H   LINE      CODE     ---       #17
      01000706H   LINE      CODE     ---       #18
      01000709H   LINE      CODE     ---       #19
      0100070CH   LINE      CODE     ---       #20
      0100070FH   LINE      CODE     ---       #21
      01000711H   LINE      CODE     ---       #22
      01000713H   LINE      CODE     ---       #23
      01000715H   LINE      CODE     ---       #24
      01000717H   LINE      CODE     ---       #25
      ---         BLOCKEND  ---      ---       LVL=0

      01000350H   BLOCK     CODE     ---       LVL=0
      01000350H   LINE      CODE     ---       #30
      0100035DH   LINE      CODE     ---       #32
      01000360H   LINE      CODE     ---       #33
      01000360H   LINE      CODE     ---       #34
      01000362H   LINE      CODE     ---       #35
      0100036DH   LINE      CODE     ---       #36
      01000376H   LINE      CODE     ---       #37
      01000376H   LINE      CODE     ---       #38
      0100037CH   LINE      CODE     ---       #39
      01000390H   LINE      CODE     ---       #40
      01000392H   LINE      CODE     ---       #41
      01000398H   LINE      CODE     ---       #42
      0100039DH   LINE      CODE     ---       #43
      0100039DH   LINE      CODE     ---       #44
      0100039DH   LINE      CODE     ---       #45
      010003A0H   LINE      CODE     ---       #46
      010003A0H   LINE      CODE     ---       #47
      010003A2H   LINE      CODE     ---       #48
      010003A4H   LINE      CODE     ---       #49
      010003A4H   LINE      CODE     ---       #50
      ---         BLOCKEND  ---      ---       LVL=0

      01000003H   BLOCK     CODE     ---       LVL=0
      00000007H   SYMBOL    DATA     CHAR      dat
      01000003H   LINE      CODE     ---       #56
      01000003H   LINE      CODE     ---       #57
      01000003H   LINE      CODE     ---       #58
      01000005H   LINE      CODE     ---       #59
      01000007H   LINE      CODE     ---       #60
      0100000AH   LINE      CODE     ---       #61
      ---         BLOCKEND  ---      ---       LVL=0

      01000604H   BLOCK     CODE     ---       LVL=0
      02000090H   SYMBOL    XDATA    ---       buffer
      00000005H   SYMBOL    DATA     BYTE      datalen
      0100060FH   BLOCK     CODE     NEAR LAB  LVL=1
      00000006H   SYMBOL    DATA     BYTE      i
      ---         BLOCKEND  ---      ---       LVL=1
      01000604H   LINE      CODE     ---       #74
      0100060FH   LINE      CODE     ---       #75
      0100060FH   LINE      CODE     ---       #77
      01000616H   LINE      CODE     ---       #78
      01000630H   LINE      CODE     ---       #79
      ---         BLOCKEND  ---      ---       LVL=0

      010006A2H   BLOCK     CODE     ---       LVL=0
      010006A2H   BLOCK     CODE     NEAR LAB  LVL=1
      00000006H   SYMBOL    DATA     INT       i
      ---         BLOCKEND  ---      ---       LVL=1
      010006A2H   LINE      CODE     ---       #81
LX51 LINKER/LOCATER V4.66.66.0                                                        09/19/2018  23:15:32  PAGE 19


      010006A2H   LINE      CODE     ---       #82
      010006A2H   LINE      CODE     ---       #84
      010006A5H   LINE      CODE     ---       #85
      010006A5H   LINE      CODE     ---       #86
      010006B1H   LINE      CODE     ---       #87
      010006B5H   LINE      CODE     ---       #88
      010006C0H   LINE      CODE     ---       #89
      ---         BLOCKEND  ---      ---       LVL=0

      ---         MODULE    ---      ---       MAIN
      0100078FH   PUBLIC    CODE     ---       bsp_init
      0100026FH   PUBLIC    CODE     ---       main
      00000090H   SFRSYM    DATA     BIT       IO_LED1
      00000080H   SFRSYM    DATA     BYTE      P0
      00000090H.1 SFRSYM    DATA     BIT       IO_LED2
      00000090H   SFRSYM    DATA     BYTE      P1
      00000090H.2 SFRSYM    DATA     BIT       IO_LED3
      000000A0H   SFRSYM    DATA     BYTE      P2
      000000B0H   SFRSYM    DATA     BYTE      P3
      00000090H.6 SFRSYM    DATA     BIT       IO_SOUND
      000000B0H.4 SFRSYM    DATA     BIT       T0
      000000D0H.6 SFRSYM    DATA     BIT       AC
      000000B0H.5 SFRSYM    DATA     BIT       T1
      00000090H   SFRSYM    DATA     BIT       T2
      000000A8H.7 SFRSYM    DATA     BIT       EA
      000000A8H   SFRSYM    DATA     BYTE      IE
      000000C8H.6 SFRSYM    DATA     BIT       EXF2
      000000B0H.7 SFRSYM    DATA     BIT       RD
      000000A8H.4 SFRSYM    DATA     BIT       ES
      000000B8H   SFRSYM    DATA     BYTE      IP
      00000098H   SFRSYM    DATA     BIT       RI
      000000B0H.2 SFRSYM    DATA     BIT       INT0
      000000D0H.7 SFRSYM    DATA     BIT       CY
      00000098H.1 SFRSYM    DATA     BIT       TI
      000000B0H.3 SFRSYM    DATA     BIT       INT1
      000000CBH   SFRSYM    DATA     BYTE      RCAP2H
      000000B8H.4 SFRSYM    DATA     BIT       PS
      00000081H   SFRSYM    DATA     BYTE      SP
      00000090H.1 SFRSYM    DATA     BIT       T2EX
      000000D0H.2 SFRSYM    DATA     BIT       OV
      000000CAH   SFRSYM    DATA     BYTE      RCAP2L
      000000C8H.1 SFRSYM    DATA     BIT       C_T2
      000000B0H.6 SFRSYM    DATA     BIT       WR
      000000C8H.5 SFRSYM    DATA     BIT       RCLK
      000000C8H.4 SFRSYM    DATA     BIT       TCLK
      00000099H   SFRSYM    DATA     BYTE      SBUF
      00000087H   SFRSYM    DATA     BYTE      PCON
      00000098H   SFRSYM    DATA     BYTE      SCON
      00000089H   SFRSYM    DATA     BYTE      TMOD
      00000088H   SFRSYM    DATA     BYTE      TCON
      00000088H.1 SFRSYM    DATA     BIT       IE0
      00000088H.3 SFRSYM    DATA     BIT       IE1
      000000F0H   SFRSYM    DATA     BYTE      B
      000000C8H   SFRSYM    DATA     BIT       CP_RL2
      000000E0H   SFRSYM    DATA     BYTE      ACC
      000000A8H.1 SFRSYM    DATA     BIT       ET0
      000000A8H.3 SFRSYM    DATA     BIT       ET1
      00000088H.5 SFRSYM    DATA     BIT       TF0
      000000A8H.5 SFRSYM    DATA     BIT       ET2
      00000088H.7 SFRSYM    DATA     BIT       TF1
      000000C8H.7 SFRSYM    DATA     BIT       TF2
      00000098H.2 SFRSYM    DATA     BIT       RB8
      0000008CH   SFRSYM    DATA     BYTE      TH0
      000000A8H   SFRSYM    DATA     BIT       EX0
      00000088H   SFRSYM    DATA     BIT       IT0
LX51 LINKER/LOCATER V4.66.66.0                                                        09/19/2018  23:15:32  PAGE 20


      0000008DH   SFRSYM    DATA     BYTE      TH1
      00000090H.5 SFRSYM    DATA     BIT       IO_FAN
      00000098H.3 SFRSYM    DATA     BIT       TB8
      000000A8H.2 SFRSYM    DATA     BIT       EX1
      00000088H.2 SFRSYM    DATA     BIT       IT1
      000000CDH   SFRSYM    DATA     BYTE      TH2
      000000D0H   SFRSYM    DATA     BIT       P
      00000098H.7 SFRSYM    DATA     BIT       SM0
      0000008AH   SFRSYM    DATA     BYTE      TL0
      00000098H.6 SFRSYM    DATA     BIT       SM1
      0000008BH   SFRSYM    DATA     BYTE      TL1
      00000098H.5 SFRSYM    DATA     BIT       SM2
      000000CCH   SFRSYM    DATA     BYTE      TL2
      000000B8H.1 SFRSYM    DATA     BIT       PT0
      000000B8H.3 SFRSYM    DATA     BIT       PT1
      000000D0H.3 SFRSYM    DATA     BIT       RS0
      000000B8H.5 SFRSYM    DATA     BIT       PT2
      00000088H.4 SFRSYM    DATA     BIT       TR0
      000000D0H.4 SFRSYM    DATA     BIT       RS1
      00000088H.6 SFRSYM    DATA     BIT       TR1
      000000C8H.2 SFRSYM    DATA     BIT       TR2
      000000B8H   SFRSYM    DATA     BIT       PX0
      000000B8H.2 SFRSYM    DATA     BIT       PX1
      00000083H   SFRSYM    DATA     BYTE      DPH
      00000082H   SFRSYM    DATA     BYTE      DPL
      000000C8H.3 SFRSYM    DATA     BIT       EXEN2
      00000098H.4 SFRSYM    DATA     BIT       REN
      000000C8H   SFRSYM    DATA     BYTE      T2CON
      000000B0H   SFRSYM    DATA     BIT       RXD
      000000B0H.1 SFRSYM    DATA     BIT       TXD
      00000090H.7 SFRSYM    DATA     BIT       IO_HUMAN
      000000D0H.5 SFRSYM    DATA     BIT       F0
      000000D0H   SFRSYM    DATA     BYTE      PSW

      0100026FH   BLOCK     CODE     ---       LVL=0
      0100026FH   LINE      CODE     ---       #13
      0100026FH   LINE      CODE     ---       #14
      0100026FH   LINE      CODE     ---       #15
      01000272H   LINE      CODE     ---       #16
      01000272H   LINE      CODE     ---       #17
      01000272H   LINE      CODE     ---       #18
      01000278H   LINE      CODE     ---       #19
      01000278H   LINE      CODE     ---       #21
      0100027AH   LINE      CODE     ---       #22
      0100027AH   LINE      CODE     ---       #23
      01000280H   LINE      CODE     ---       #24
      01000280H   LINE      CODE     ---       #26
      01000282H   LINE      CODE     ---       #27
      01000282H   LINE      CODE     ---       #28
      01000288H   LINE      CODE     ---       #29
      01000288H   LINE      CODE     ---       #31
      0100028AH   LINE      CODE     ---       #32
      0100028AH   LINE      CODE     ---       #33
      01000290H   LINE      CODE     ---       #34
      01000290H   LINE      CODE     ---       #36
      01000295H   LINE      CODE     ---       #37
      01000295H   LINE      CODE     ---       #39
      0100029BH   LINE      CODE     ---       #40
      0100029BH   LINE      CODE     ---       #41
      010002A1H   LINE      CODE     ---       #42
      010002A1H   LINE      CODE     ---       #43
      010002AAH   LINE      CODE     ---       #44
      010002ADH   LINE      CODE     ---       #45
      010002B2H   LINE      CODE     ---       #46
      010002B6H   LINE      CODE     ---       #47
LX51 LINKER/LOCATER V4.66.66.0                                                        09/19/2018  23:15:32  PAGE 21


      010002B6H   LINE      CODE     ---       #48
      010002C3H   LINE      CODE     ---       #49
      010002C3H   LINE      CODE     ---       #50
      010002C5H   LINE      CODE     ---       #51
      010002C7H   LINE      CODE     ---       #52
      010002C7H   LINE      CODE     ---       #53
      010002C9H   LINE      CODE     ---       #54
      010002C9H   LINE      CODE     ---       #55
      010002CBH   LINE      CODE     ---       #56
      010002CBH   LINE      CODE     ---       #57
      010002D1H   LINE      CODE     ---       #58
      010002D1H   LINE      CODE     ---       #59
      010002DFH   LINE      CODE     ---       #61
      010002E4H   LINE      CODE     ---       #62
      010002E8H   LINE      CODE     ---       #63
      010002E8H   LINE      CODE     ---       #64
      010002E8H   LINE      CODE     ---       #65
      ---         BLOCKEND  ---      ---       LVL=0

      0100078FH   BLOCK     CODE     ---       LVL=0
      0100078FH   LINE      CODE     ---       #68
      0100078FH   LINE      CODE     ---       #69
      0100078FH   LINE      CODE     ---       #70
      01000792H   LINE      CODE     ---       #71
      01000795H   LINE      CODE     ---       #72
      ---         BLOCKEND  ---      ---       LVL=0

      ---         MODULE    ---      ---       DHT11
      02000089H   PUBLIC    XDATA    BYTE      TL
      02000088H   PUBLIC    XDATA    BYTE      RL
      02000087H   PUBLIC    XDATA    BYTE      TH
      02000086H   PUBLIC    XDATA    BYTE      RH
      0200006DH   PUBLIC    XDATA    BYTE      ?_DHT11_receive?BYTE
      01000185H   PUBLIC    CODE     ---       _DHT11_receive
      01000639H   PUBLIC    CODE     ---       DHT11_rec_byte
      0100074AH   PUBLIC    CODE     ---       DHT11_start
      010006DFH   PUBLIC    CODE     ---       _DHT11_delay_ms
      01000798H   PUBLIC    CODE     ---       _DHT11_delay_us
      00000080H   SFRSYM    DATA     BYTE      P0
      00000090H   SFRSYM    DATA     BYTE      P1
      000000A0H   SFRSYM    DATA     BYTE      P2
      000000B0H   SFRSYM    DATA     BYTE      P3
      000000B0H.4 SFRSYM    DATA     BIT       T0
      000000D0H.6 SFRSYM    DATA     BIT       AC
      000000B0H.5 SFRSYM    DATA     BIT       T1
      00000090H   SFRSYM    DATA     BIT       T2
      000000A8H.7 SFRSYM    DATA     BIT       EA
      000000A8H   SFRSYM    DATA     BYTE      IE
      000000C8H.6 SFRSYM    DATA     BIT       EXF2
      000000B0H.7 SFRSYM    DATA     BIT       RD
      000000A8H.4 SFRSYM    DATA     BIT       ES
      000000B8H   SFRSYM    DATA     BYTE      IP
      00000098H   SFRSYM    DATA     BIT       RI
      000000B0H.2 SFRSYM    DATA     BIT       INT0
      000000D0H.7 SFRSYM    DATA     BIT       CY
      00000098H.1 SFRSYM    DATA     BIT       TI
      000000B0H.3 SFRSYM    DATA     BIT       INT1
      000000CBH   SFRSYM    DATA     BYTE      RCAP2H
      000000B8H.4 SFRSYM    DATA     BIT       PS
      00000081H   SFRSYM    DATA     BYTE      SP
      00000090H.1 SFRSYM    DATA     BIT       T2EX
      000000D0H.2 SFRSYM    DATA     BIT       OV
      000000CAH   SFRSYM    DATA     BYTE      RCAP2L
      000000C8H.1 SFRSYM    DATA     BIT       C_T2
      000000B0H.6 SFRSYM    DATA     BIT       WR
LX51 LINKER/LOCATER V4.66.66.0                                                        09/19/2018  23:15:32  PAGE 22


      000000C8H.5 SFRSYM    DATA     BIT       RCLK
      000000C8H.4 SFRSYM    DATA     BIT       TCLK
      00000099H   SFRSYM    DATA     BYTE      SBUF
      00000087H   SFRSYM    DATA     BYTE      PCON
      00000098H   SFRSYM    DATA     BYTE      SCON
      00000089H   SFRSYM    DATA     BYTE      TMOD
      00000088H   SFRSYM    DATA     BYTE      TCON
      00000088H.1 SFRSYM    DATA     BIT       IE0
      00000088H.3 SFRSYM    DATA     BIT       IE1
      000000F0H   SFRSYM    DATA     BYTE      B
      000000C8H   SFRSYM    DATA     BIT       CP_RL2
      000000E0H   SFRSYM    DATA     BYTE      ACC
      000000A8H.1 SFRSYM    DATA     BIT       ET0
      000000A8H.3 SFRSYM    DATA     BIT       ET1
      00000088H.5 SFRSYM    DATA     BIT       TF0
      000000A8H.5 SFRSYM    DATA     BIT       ET2
      00000088H.7 SFRSYM    DATA     BIT       TF1
      000000C8H.7 SFRSYM    DATA     BIT       TF2
      00000098H.2 SFRSYM    DATA     BIT       RB8
      0000008CH   SFRSYM    DATA     BYTE      TH0
      000000A8H   SFRSYM    DATA     BIT       EX0
      00000088H   SFRSYM    DATA     BIT       IT0
      0000008DH   SFRSYM    DATA     BYTE      TH1
      00000098H.3 SFRSYM    DATA     BIT       TB8
      000000A8H.2 SFRSYM    DATA     BIT       EX1
      00000088H.2 SFRSYM    DATA     BIT       IT1
      000000CDH   SFRSYM    DATA     BYTE      TH2
      000000D0H   SFRSYM    DATA     BIT       P
      00000098H.7 SFRSYM    DATA     BIT       SM0
      0000008AH   SFRSYM    DATA     BYTE      TL0
      00000098H.6 SFRSYM    DATA     BIT       SM1
      0000008BH   SFRSYM    DATA     BYTE      TL1
      00000098H.5 SFRSYM    DATA     BIT       SM2
      000000CCH   SFRSYM    DATA     BYTE      TL2
      000000B8H.1 SFRSYM    DATA     BIT       PT0
      000000B8H.3 SFRSYM    DATA     BIT       PT1
      000000D0H.3 SFRSYM    DATA     BIT       RS0
      000000B8H.5 SFRSYM    DATA     BIT       PT2
      00000088H.4 SFRSYM    DATA     BIT       TR0
      000000D0H.4 SFRSYM    DATA     BIT       RS1
      00000088H.6 SFRSYM    DATA     BIT       TR1
      000000C8H.2 SFRSYM    DATA     BIT       TR2
      000000B8H   SFRSYM    DATA     BIT       PX0
      000000B8H.2 SFRSYM    DATA     BIT       PX1
      00000083H   SFRSYM    DATA     BYTE      DPH
      00000082H   SFRSYM    DATA     BYTE      DPL
      000000C8H.3 SFRSYM    DATA     BIT       EXEN2
      00000098H.4 SFRSYM    DATA     BIT       REN
      000000C8H   SFRSYM    DATA     BYTE      T2CON
      000000B0H   SFRSYM    DATA     BIT       RXD
      000000B0H.1 SFRSYM    DATA     BIT       TXD
      000000D0H.5 SFRSYM    DATA     BIT       F0
      000000D0H   SFRSYM    DATA     BYTE      PSW
      000000B0H.7 SFRSYM    DATA     BIT       Data

      01000798H   BLOCK     CODE     ---       LVL=0
      00000007H   SYMBOL    DATA     BYTE      n
      01000798H   LINE      CODE     ---       #6
      01000798H   LINE      CODE     ---       #7
      01000798H   LINE      CODE     ---       #8
      0100079AH   LINE      CODE     ---       #9
      ---         BLOCKEND  ---      ---       LVL=0

      010006DFH   BLOCK     CODE     ---       LVL=0
      00000006H   SYMBOL    DATA     WORD      z
LX51 LINKER/LOCATER V4.66.66.0                                                        09/19/2018  23:15:32  PAGE 23


      010006DFH   BLOCK     CODE     NEAR LAB  LVL=1
      00000006H   SYMBOL    DATA     WORD      i
      00000004H   SYMBOL    DATA     WORD      j
      ---         BLOCKEND  ---      ---       LVL=1
      010006DFH   LINE      CODE     ---       #11
      010006DFH   LINE      CODE     ---       #12
      010006DFH   LINE      CODE     ---       #14
      010006E8H   LINE      CODE     ---       #15
      010006FCH   LINE      CODE     ---       #16
      ---         BLOCKEND  ---      ---       LVL=0

      0100074AH   BLOCK     CODE     ---       LVL=0
      0100074AH   LINE      CODE     ---       #18
      0100074AH   LINE      CODE     ---       #19
      0100074AH   LINE      CODE     ---       #20
      0100074CH   LINE      CODE     ---       #21
      01000751H   LINE      CODE     ---       #22
      01000753H   LINE      CODE     ---       #23
      0100075AH   LINE      CODE     ---       #24
      0100075CH   LINE      CODE     ---       #25
      ---         BLOCKEND  ---      ---       LVL=0

      01000631H   BLOCK     CODE     ---       LVL=0
      ---         BLOCKEND  ---      ---       LVL=0

      01000639H   BLOCK     CODE     ---       LVL=0
      00000005H   SYMBOL    DATA     BYTE      i
      00000006H   SYMBOL    DATA     BYTE      dat
      01000639H   BLOCK     CODE     NEAR LAB  LVL=1
      00000005H   SYMBOL    DATA     BYTE      i
      00000006H   SYMBOL    DATA     BYTE      dat
      ---         BLOCKEND  ---      ---       LVL=1
      01000639H   LINE      CODE     ---       #28
      01000639H   LINE      CODE     ---       #29
      01000639H   LINE      CODE     ---       #30
      0100063BH   LINE      CODE     ---       #31
      0100063CH   LINE      CODE     ---       #32
      0100063CH   LINE      CODE     ---       #33
      0100063FH   LINE      CODE     ---       #34
      01000644H   LINE      CODE     ---       #35
      01000648H   LINE      CODE     ---       #36
      0100064BH   LINE      CODE     ---       #37
      0100064CH   LINE      CODE     ---       #38
      0100064FH   LINE      CODE     ---       #39
      01000654H   LINE      CODE     ---       #40
      01000656H   LINE      CODE     ---       #41
      ---         BLOCKEND  ---      ---       LVL=0

      01000185H   BLOCK     CODE     ---       LVL=0
      00000001H   SYMBOL    DATA     ---       temp
      02000070H   SYMBOL    XDATA    ---       humi
      01000185H   BLOCK     CODE     NEAR LAB  LVL=1
      02000073H   SYMBOL    XDATA    BYTE      R_H
      02000074H   SYMBOL    XDATA    BYTE      R_L
      02000075H   SYMBOL    XDATA    BYTE      T_H
      02000076H   SYMBOL    XDATA    BYTE      T_L
      02000077H   SYMBOL    XDATA    BYTE      revise
      ---         BLOCKEND  ---      ---       LVL=1
      01000185H   LINE      CODE     ---       #43
      01000185H   LINE      CODE     ---       #44
      01000185H   LINE      CODE     ---       #46
      01000187H   LINE      CODE     ---       #47
      0100018AH   LINE      CODE     ---       #48
      01000190H   LINE      CODE     ---       #49
      01000190H   LINE      CODE     ---       #50
LX51 LINKER/LOCATER V4.66.66.0                                                        09/19/2018  23:15:32  PAGE 24


      01000193H   LINE      CODE     ---       #51
      01000198H   LINE      CODE     ---       #52
      0100019EH   LINE      CODE     ---       #53
      0100019EH   LINE      CODE     ---       #54
      010001A2H   LINE      CODE     ---       #55
      010001A2H   LINE      CODE     ---       #56
      010001A8H   LINE      CODE     ---       #57
      010001ADH   LINE      CODE     ---       #58
      010001D6H   LINE      CODE     ---       #59
      010001D6H   LINE      CODE     ---       #60
      010001DEH   LINE      CODE     ---       #61
      010001E6H   LINE      CODE     ---       #62
      010001EEH   LINE      CODE     ---       #63
      010001F6H   LINE      CODE     ---       #64
      010001F6H   LINE      CODE     ---       #65
      01000203H   LINE      CODE     ---       #66
      01000215H   LINE      CODE     ---       #69
      0100021DH   LINE      CODE     ---       #70
      01000224H   LINE      CODE     ---       #72
      0100023EH   LINE      CODE     ---       #73
      0100025DH   LINE      CODE     ---       #74
      01000265H   LINE      CODE     ---       #75
      0100026CH   LINE      CODE     ---       #76
      0100026CH   LINE      CODE     ---       #77
      0100026EH   LINE      CODE     ---       #78
      ---         BLOCKEND  ---      ---       LVL=0

      ---         MODULE    ---      ---       LCD12864
      010007ADH   PUBLIC    CONST    ---       dis4
      010007A7H   PUBLIC    CONST    ---       dis3
      010007A1H   PUBLIC    CONST    ---       dis2
      0100079BH   PUBLIC    CONST    ---       dis1
      010005A2H   PUBLIC    CODE     ---       _display_sound
      010005D5H   PUBLIC    CODE     ---       _display_human
      02000080H   PUBLIC    XDATA    BYTE      ?_display_humiture?BYTE
      01000405H   PUBLIC    CODE     ---       _display_humiture
      010002EAH   PUBLIC    CODE     ---       display_init
      01000718H   PUBLIC    CODE     ---       lcd_init
      0100065BH   PUBLIC    CODE     ---       _lcd_pos
      01000772H   PUBLIC    CODE     ---       _lcd_wdat
      01000761H   PUBLIC    CODE     ---       _lcd_wcmd
      01000732H   PUBLIC    CODE     ---       lcd_status
      0100078AH   PUBLIC    CODE     ---       delaynop
      00000080H   SFRSYM    DATA     BYTE      P0
      00000090H   SFRSYM    DATA     BYTE      P1
      000000A0H   SFRSYM    DATA     BYTE      P2
      000000B0H   SFRSYM    DATA     BYTE      P3
      000000B0H.4 SFRSYM    DATA     BIT       T0
      000000D0H.6 SFRSYM    DATA     BIT       AC
      000000B0H.5 SFRSYM    DATA     BIT       T1
      00000090H   SFRSYM    DATA     BIT       T2
      000000A8H.7 SFRSYM    DATA     BIT       EA
      000000A8H   SFRSYM    DATA     BYTE      IE
      000000C8H.6 SFRSYM    DATA     BIT       EXF2
      000000B0H.7 SFRSYM    DATA     BIT       RD
      000000A8H.4 SFRSYM    DATA     BIT       ES
      000000B8H   SFRSYM    DATA     BYTE      IP
      00000098H   SFRSYM    DATA     BIT       RI
      000000B0H.2 SFRSYM    DATA     BIT       INT0
      000000D0H.7 SFRSYM    DATA     BIT       CY
      00000098H.1 SFRSYM    DATA     BIT       TI
      000000B0H.3 SFRSYM    DATA     BIT       INT1
      000000CBH   SFRSYM    DATA     BYTE      RCAP2H
      000000B8H.4 SFRSYM    DATA     BIT       PS
      00000081H   SFRSYM    DATA     BYTE      SP
LX51 LINKER/LOCATER V4.66.66.0                                                        09/19/2018  23:15:32  PAGE 25


      00000090H.1 SFRSYM    DATA     BIT       T2EX
      000000D0H.2 SFRSYM    DATA     BIT       OV
      000000CAH   SFRSYM    DATA     BYTE      RCAP2L
      000000C8H.1 SFRSYM    DATA     BIT       C_T2
      000000B0H.6 SFRSYM    DATA     BIT       WR
      000000C8H.5 SFRSYM    DATA     BIT       RCLK
      000000C8H.4 SFRSYM    DATA     BIT       TCLK
      00000099H   SFRSYM    DATA     BYTE      SBUF
      00000087H   SFRSYM    DATA     BYTE      PCON
      00000098H   SFRSYM    DATA     BYTE      SCON
      00000089H   SFRSYM    DATA     BYTE      TMOD
      00000088H   SFRSYM    DATA     BYTE      TCON
      00000088H.1 SFRSYM    DATA     BIT       IE0
      00000088H.3 SFRSYM    DATA     BIT       IE1
      000000F0H   SFRSYM    DATA     BYTE      B
      000000C8H   SFRSYM    DATA     BIT       CP_RL2
      000000E0H   SFRSYM    DATA     BYTE      ACC
      000000A8H.1 SFRSYM    DATA     BIT       ET0
      000000A8H.3 SFRSYM    DATA     BIT       ET1
      00000088H.5 SFRSYM    DATA     BIT       TF0
      000000A8H.5 SFRSYM    DATA     BIT       ET2
      00000088H.7 SFRSYM    DATA     BIT       TF1
      000000C8H.7 SFRSYM    DATA     BIT       TF2
      00000098H.2 SFRSYM    DATA     BIT       RB8
      0000008CH   SFRSYM    DATA     BYTE      TH0
      000000A8H   SFRSYM    DATA     BIT       EX0
      00000088H   SFRSYM    DATA     BIT       IT0
      0000008DH   SFRSYM    DATA     BYTE      TH1
      00000098H.3 SFRSYM    DATA     BIT       TB8
      000000A8H.2 SFRSYM    DATA     BIT       EX1
      00000088H.2 SFRSYM    DATA     BIT       IT1
      000000CDH   SFRSYM    DATA     BYTE      TH2
      000000D0H   SFRSYM    DATA     BIT       P
      00000098H.7 SFRSYM    DATA     BIT       SM0
      0000008AH   SFRSYM    DATA     BYTE      TL0
      00000098H.6 SFRSYM    DATA     BIT       SM1
      0000008BH   SFRSYM    DATA     BYTE      TL1
      00000098H.5 SFRSYM    DATA     BIT       SM2
      000000CCH   SFRSYM    DATA     BYTE      TL2
      00000080H.5 SFRSYM    DATA     BIT       en
      000000B8H.1 SFRSYM    DATA     BIT       PT0
      000000B8H.3 SFRSYM    DATA     BIT       PT1
      000000D0H.3 SFRSYM    DATA     BIT       RS0
      000000B8H.5 SFRSYM    DATA     BIT       PT2
      00000088H.4 SFRSYM    DATA     BIT       TR0
      000000D0H.4 SFRSYM    DATA     BIT       RS1
      00000088H.6 SFRSYM    DATA     BIT       TR1
      000000C8H.2 SFRSYM    DATA     BIT       TR2
      000000B8H   SFRSYM    DATA     BIT       PX0
      000000B8H.2 SFRSYM    DATA     BIT       PX1
      00000080H.4 SFRSYM    DATA     BIT       lcd_psb
      00000083H   SFRSYM    DATA     BYTE      DPH
      00000082H   SFRSYM    DATA     BYTE      DPL
      000000C8H.3 SFRSYM    DATA     BIT       EXEN2
      00000080H.7 SFRSYM    DATA     BIT       rs
      00000098H.4 SFRSYM    DATA     BIT       REN
      000000C8H   SFRSYM    DATA     BYTE      T2CON
      00000080H.6 SFRSYM    DATA     BIT       rw
      000000B0H   SFRSYM    DATA     BIT       RXD
      000000B0H.1 SFRSYM    DATA     BIT       TXD
      000000D0H.5 SFRSYM    DATA     BIT       F0
      000000D0H   SFRSYM    DATA     BYTE      PSW

      01000783H   BLOCK     CODE     ---       LVL=0
      ---         BLOCKEND  ---      ---       LVL=0
LX51 LINKER/LOCATER V4.66.66.0                                                        09/19/2018  23:15:32  PAGE 26



      0100078AH   BLOCK     CODE     ---       LVL=0
      0100078AH   LINE      CODE     ---       #13
      0100078AH   LINE      CODE     ---       #14
      0100078AH   LINE      CODE     ---       #15
      0100078BH   LINE      CODE     ---       #16
      0100078CH   LINE      CODE     ---       #17
      0100078DH   LINE      CODE     ---       #18
      0100078EH   LINE      CODE     ---       #19
      ---         BLOCKEND  ---      ---       LVL=0

      01000732H   BLOCK     CODE     ---       LVL=0
      01000732H   BLOCK     CODE     NEAR LAB  LVL=1
      00000020H.1 SYMBOL    BIT      BIT       status
      ---         BLOCKEND  ---      ---       LVL=1
      01000732H   LINE      CODE     ---       #20
      01000732H   LINE      CODE     ---       #21
      01000732H   LINE      CODE     ---       #23
      01000734H   LINE      CODE     ---       #24
      01000736H   LINE      CODE     ---       #25
      01000737H   LINE      CODE     ---       #26
      01000738H   LINE      CODE     ---       #27
      0100073AH   LINE      CODE     ---       #28
      0100073FH   LINE      CODE     ---       #29
      01000742H   LINE      CODE     ---       #30
      01000745H   LINE      CODE     ---       #31
      01000747H   LINE      CODE     ---       #32
      01000749H   LINE      CODE     ---       #33
      ---         BLOCKEND  ---      ---       LVL=0

      01000761H   BLOCK     CODE     ---       LVL=0
      00000007H   SYMBOL    DATA     BYTE      cmd
      01000761H   LINE      CODE     ---       #34
      01000761H   LINE      CODE     ---       #35
      01000761H   LINE      CODE     ---       #36
      01000766H   LINE      CODE     ---       #37
      01000768H   LINE      CODE     ---       #38
      0100076AH   LINE      CODE     ---       #39
      0100076BH   LINE      CODE     ---       #40
      0100076CH   LINE      CODE     ---       #41
      0100076CH   LINE      CODE     ---       #42
      0100076CH   LINE      CODE     ---       #43
      0100076CH   LINE      CODE     ---       #44
      0100076FH   LINE      CODE     ---       #45
      01000771H   LINE      CODE     ---       #46
      ---         BLOCKEND  ---      ---       LVL=0

      01000772H   BLOCK     CODE     ---       LVL=0
      00000007H   SYMBOL    DATA     BYTE      dat
      01000772H   LINE      CODE     ---       #47
      01000772H   LINE      CODE     ---       #48
      01000772H   LINE      CODE     ---       #49
      01000777H   LINE      CODE     ---       #50
      01000779H   LINE      CODE     ---       #51
      0100077BH   LINE      CODE     ---       #52
      0100077CH   LINE      CODE     ---       #53
      0100077DH   LINE      CODE     ---       #54
      0100077DH   LINE      CODE     ---       #55
      0100077DH   LINE      CODE     ---       #56
      0100077DH   LINE      CODE     ---       #57
      01000780H   LINE      CODE     ---       #58
      01000782H   LINE      CODE     ---       #59
      ---         BLOCKEND  ---      ---       LVL=0

      01000657H   BLOCK     CODE     ---       LVL=0
LX51 LINKER/LOCATER V4.66.66.0                                                        09/19/2018  23:15:32  PAGE 27


      ---         BLOCKEND  ---      ---       LVL=0

      0100065BH   BLOCK     CODE     ---       LVL=0
      00000007H   SYMBOL    DATA     BYTE      x
      00000004H   SYMBOL    DATA     INT       y
      00000007H   SYMBOL    DATA     BYTE      pos
      0100065BH   BLOCK     CODE     NEAR LAB  LVL=1
      00000007H   SYMBOL    DATA     BYTE      pos
      ---         BLOCKEND  ---      ---       LVL=1
      0100065BH   LINE      CODE     ---       #60
      0100065BH   LINE      CODE     ---       #61
      0100065BH   LINE      CODE     ---       #63
      01000669H   LINE      CODE     ---       #64
      01000669H   LINE      CODE     ---       #65
      0100066DH   LINE      CODE     ---       #66
      01000671H   LINE      CODE     ---       #67
      01000675H   LINE      CODE     ---       #68
      01000677H   LINE      CODE     ---       #69
      01000677H   LINE      CODE     ---       #70
      0100067AH   LINE      CODE     ---       #71
      ---         BLOCKEND  ---      ---       LVL=0

      01000718H   BLOCK     CODE     ---       LVL=0
      01000718H   LINE      CODE     ---       #73
      01000718H   LINE      CODE     ---       #74
      01000718H   LINE      CODE     ---       #75
      0100071AH   LINE      CODE     ---       #76
      0100071FH   LINE      CODE     ---       #77
      01000722H   LINE      CODE     ---       #78
      01000727H   LINE      CODE     ---       #79
      0100072AH   LINE      CODE     ---       #80
      0100072FH   LINE      CODE     ---       #81
      ---         BLOCKEND  ---      ---       LVL=0

      010002EAH   BLOCK     CODE     ---       LVL=0
      010002EAH   BLOCK     CODE     NEAR LAB  LVL=1
      00000006H   SYMBOL    DATA     BYTE      i
      ---         BLOCKEND  ---      ---       LVL=1
      010002EAH   LINE      CODE     ---       #84
      010002EAH   LINE      CODE     ---       #85
      010002EAH   LINE      CODE     ---       #87
      010002EDH   LINE      CODE     ---       #89
      010002F4H   LINE      CODE     ---       #90
      010002F6H   LINE      CODE     ---       #91
      010002FEH   LINE      CODE     ---       #92
      010002FEH   LINE      CODE     ---       #93
      01000301H   LINE      CODE     ---       #94
      01000302H   LINE      CODE     ---       #95
      01000304H   LINE      CODE     ---       #100
      0100030CH   LINE      CODE     ---       #101
      0100030EH   LINE      CODE     ---       #102
      01000316H   LINE      CODE     ---       #103
      01000316H   LINE      CODE     ---       #104
      01000319H   LINE      CODE     ---       #105
      0100031AH   LINE      CODE     ---       #106
      0100031CH   LINE      CODE     ---       #108
      01000324H   LINE      CODE     ---       #109
      01000326H   LINE      CODE     ---       #110
      0100032EH   LINE      CODE     ---       #111
      0100032EH   LINE      CODE     ---       #112
      01000331H   LINE      CODE     ---       #113
      01000332H   LINE      CODE     ---       #114
      01000334H   LINE      CODE     ---       #116
      0100033CH   LINE      CODE     ---       #117
      0100033EH   LINE      CODE     ---       #118
LX51 LINKER/LOCATER V4.66.66.0                                                        09/19/2018  23:15:32  PAGE 28


      01000346H   LINE      CODE     ---       #119
      01000346H   LINE      CODE     ---       #120
      01000349H   LINE      CODE     ---       #121
      0100034AH   LINE      CODE     ---       #122
      0100034CH   LINE      CODE     ---       #124
      0100034FH   LINE      CODE     ---       #125
      ---         BLOCKEND  ---      ---       LVL=0

      01000405H   BLOCK     CODE     ---       LVL=0
      02000080H   SYMBOL    XDATA    ---       temp
      02000083H   SYMBOL    XDATA    ---       humi
      01000410H   BLOCK     CODE     NEAR LAB  LVL=1
      00000006H   SYMBOL    DATA     BYTE      i
      ---         BLOCKEND  ---      ---       LVL=1
      01000405H   LINE      CODE     ---       #127
      01000410H   LINE      CODE     ---       #128
      01000410H   LINE      CODE     ---       #130
      01000419H   LINE      CODE     ---       #131
      0100041BH   LINE      CODE     ---       #132
      01000431H   LINE      CODE     ---       #133
      01000431H   LINE      CODE     ---       #134
      01000434H   LINE      CODE     ---       #135
      01000435H   LINE      CODE     ---       #136
      01000437H   LINE      CODE     ---       #137
      0100043CH   LINE      CODE     ---       #138
      0100043EH   LINE      CODE     ---       #139
      01000454H   LINE      CODE     ---       #140
      01000454H   LINE      CODE     ---       #141
      01000457H   LINE      CODE     ---       #142
      01000458H   LINE      CODE     ---       #143
      0100045AH   LINE      CODE     ---       #144
      ---         BLOCKEND  ---      ---       LVL=0

      010005D5H   BLOCK     CODE     ---       LVL=0
      0200008AH   SYMBOL    XDATA    ---       show
      010005E0H   BLOCK     CODE     NEAR LAB  LVL=1
      00000006H   SYMBOL    DATA     BYTE      i
      ---         BLOCKEND  ---      ---       LVL=1
      010005D5H   LINE      CODE     ---       #145
      010005E0H   LINE      CODE     ---       #146
      010005E0H   LINE      CODE     ---       #148
      010005E5H   LINE      CODE     ---       #149
      010005E7H   LINE      CODE     ---       #150
      010005FDH   LINE      CODE     ---       #151
      010005FDH   LINE      CODE     ---       #152
      01000600H   LINE      CODE     ---       #153
      01000601H   LINE      CODE     ---       #154
      01000603H   LINE      CODE     ---       #155
      ---         BLOCKEND  ---      ---       LVL=0

      010005A2H   BLOCK     CODE     ---       LVL=0
      0200008DH   SYMBOL    XDATA    ---       show
      010005ADH   BLOCK     CODE     NEAR LAB  LVL=1
      00000006H   SYMBOL    DATA     BYTE      i
      ---         BLOCKEND  ---      ---       LVL=1
      010005A2H   LINE      CODE     ---       #156
      010005ADH   LINE      CODE     ---       #157
      010005ADH   LINE      CODE     ---       #159
      010005B6H   LINE      CODE     ---       #160
      010005B8H   LINE      CODE     ---       #161
      010005CEH   LINE      CODE     ---       #162
      010005CEH   LINE      CODE     ---       #163
      010005D1H   LINE      CODE     ---       #164
      010005D2H   LINE      CODE     ---       #165
      010005D4H   LINE      CODE     ---       #166
LX51 LINKER/LOCATER V4.66.66.0                                                        09/19/2018  23:15:32  PAGE 29


      ---         BLOCKEND  ---      ---       LVL=0

      ---         MODULE    ---      ---       ?C_STARTUP
      01000000H   PUBLIC    CODE     ---       ?C_STARTUP

      ---         MODULE    ---      ---       ?C?CLDPTR
      01000800H   PUBLIC    CODE     ---       ?C?CLDPTR

      ---         MODULE    ---      ---       ?C?CLDOPTR
      01000819H   PUBLIC    CODE     ---       ?C?CLDOPTR

      ---         MODULE    ---      ---       ?C?CSTPTR
      01000846H   PUBLIC    CODE     ---       ?C?CSTPTR

      ---         MODULE    ---      ---       ?C?CSTOPTR
      01000858H   PUBLIC    CODE     ---       ?C?CSTOPTR

      ---         MODULE    ---      ---       ?C?ULDIV
      010008B6H   PUBLIC    CODE     ---       ?C?ULDIV

      ---         MODULE    ---      ---       ?C?ULCMP
      01000948H   PUBLIC    CODE     ---       ?C?ULCMP

      ---         MODULE    ---      ---       ?C?LSTXDATA
      01000959H   PUBLIC    CODE     ---       ?C?LSTXDATA

      ---         MODULE    ---      ---       ?C?LSTKXDATA
      01000965H   PUBLIC    CODE     ---       ?C?LSTKXDATA

      ---         MODULE    ---      ---       ?C_INIT
      01000C26H   PUBLIC    CODE     ---       ?C_START



*** WARNING L57: UNCALLED FUNCTION, IGNORED FOR OVERLAY PROCESS
    NAME:    MYTASK_ONE/TASKLIST

*** WARNING L57: UNCALLED FUNCTION, IGNORED FOR OVERLAY PROCESS
    NAME:    MYTASK_TWO/TASKLIST

*** WARNING L57: UNCALLED FUNCTION, IGNORED FOR OVERLAY PROCESS
    NAME:    MYTASK_THREE/TASKLIST

*** WARNING L57: UNCALLED FUNCTION, IGNORED FOR OVERLAY PROCESS
    NAME:    MYTASK_FOUR/TASKLIST

*** WARNING L57: UNCALLED FUNCTION, IGNORED FOR OVERLAY PROCESS
    NAME:    _DELAY_MS/DELAY

******************************************************************************
* RESTRICTED VERSION WITH 0800H BYTE CODE SIZE LIMIT; USED: 07ADH BYTE (95%) *
******************************************************************************

Program Size: data=9.2 xdata=147 const=24 code=2491
LX51 RUN COMPLETE.  5 WARNING(S),  0 ERROR(S)
