C51 COMPILER V9.56.0.0   TASKLIST                                                          09/25/2018 01:04:47 PAGE 1   


C51 COMPILER V9.56.0.0, COMPILATION OF MODULE TASKLIST
OBJECT MODULE PLACED IN .\Objects\tasklist.obj
COMPILER INVOKED BY: D:\Program Files\Keil\C51\BIN\C51.EXE src\tasklist.c LARGE OMF2 OPTIMIZE(8,SPEED) BROWSE INCDIR(.\i
                    -nc) DEBUG PRINT(.\Listings\tasklist.lst) TABS(2) OBJECT(.\Objects\tasklist.obj)

line level    source

   1          #include "tasklist.h"
   2          #include "io.h"
   3          #include "agreement.h"
   4          #include "SIM800A.h"
   5          #include "TFT_LCD.h"
   6          
   7          u8 sdata[4];
   8          
   9          void MyTask_One(void)
  10          {
  11   1        if(IO_HUMAN == 1)
  12   1        {
  13   2          sdata[3] = 0x01;
  14   2          Fast_DrawFont_GBK16(50,40,BLACK,WHITE, "有人");
  15   2        }
  16   1        else{
  17   2          sdata[3] = 0x00;
  18   2          Fast_DrawFont_GBK16(50,40,BLACK,WHITE, "无人");
  19   2        }
  20   1        sdata[0] = 0;
  21   1        sdata[1] = 0;
  22   1        sdata[2] = 0;
  23   1        Send_SensorData(SENSOR_HUMAN, 0, sdata);
  24   1      }
  25          
  26          void MyTask_Two(void)
  27          {
  28   1        if(IO_SHAKE == 1)
  29   1        {
  30   2          sdata[3] = 0x01;
  31   2          Fast_DrawFont_GBK16(50,80,BLACK,WHITE, "有震动:");
  32   2        }
  33   1        else{
  34   2          sdata[3] = 0x00;
  35   2          Fast_DrawFont_GBK16(50,80,BLACK,WHITE, "无震动:");
  36   2        } 
  37   1        sdata[0] = 0;
  38   1        sdata[1] = 0;
  39   1        sdata[2] = 0;
  40   1        Send_SensorData(SENSOR_SHAKE, 0, sdata);
  41   1      }
  42          
  43          


MODULE INFORMATION:   STATIC OVERLAYABLE
   CODE SIZE        =    168    ----
   CONSTANT SIZE    =     26    ----
   XDATA SIZE       =      4    ----
   PDATA SIZE       =   ----    ----
   DATA SIZE        =   ----    ----
   IDATA SIZE       =   ----    ----
   BIT SIZE         =   ----    ----
   EDATA SIZE       =   ----    ----
C51 COMPILER V9.56.0.0   TASKLIST                                                          09/25/2018 01:04:47 PAGE 2   

   HDATA SIZE       =   ----    ----
   XDATA CONST SIZE =   ----    ----
   FAR CONST SIZE   =   ----    ----
END OF MODULE INFORMATION.


C51 COMPILATION COMPLETE.  0 WARNING(S),  0 ERROR(S)
