C51 COMPILER V9.56.0.0   ADC                                                               09/27/2018 18:17:15 PAGE 1   


C51 COMPILER V9.56.0.0, COMPILATION OF MODULE ADC
OBJECT MODULE PLACED IN .\Objects\adc.obj
COMPILER INVOKED BY: C:\Keil_v5\C51\BIN\C51.EXE src\adc.c LARGE OMF2 OPTIMIZE(8,SPEED) BROWSE INCDIR(.\inc) DEBUG PRINT(
                    -.\Listings\adc.lst) TABS(2) OBJECT(.\Objects\adc.obj)

line level    source

   1          #include "adc.h"
   2          
   3          //P1.0 P1.1 P1.2 ADC输入
   4          
   5          void adc_Init(void)
   6          {
   7   1        P1ASF = 0x07;     //12C5A60AD/S2系列模拟输入(AD)选择
   8   1        ADC_CONTR = ADC_360T | ADC_ON;
   9   1      }
  10          
  11          u16 adc_getValue(u8 channel)  //channel = 0~7
  12          {
  13   1        u16 adc;
  14   1        u8  i = 250;
  15   1      
  16   1        ADC_RES = 0;
  17   1        ADC_RESL = 0;
  18   1      
  19   1        ADC_CONTR = (ADC_CONTR & 0xe0) | ADC_START | channel; 
  20   1        do{
  21   2          if(ADC_CONTR & ADC_FLAG)
  22   2          {
  23   3            ADC_CONTR &= ~ADC_FLAG;
  24   3            adc = (u16)ADC_RES;
  25   3            adc = (adc << 2) | (ADC_RESL & 3);
  26   3            return  adc;
  27   3          }
  28   2        }while(--i);
  29   1        return  1024;
  30   1      }
  31          
  32          u8 watl_value;
  33          u8 get_WTL_value(u8 *str)
  34          {
  35   1        watl_value = adc_getValue(0);
  36   1        
  37   1        return watl_value;
  38   1      }
*** WARNING C280 IN LINE 33 OF src\adc.c: 'str': unreferenced local variable
  39          
  40          u8 get_PH_value(u8 *str)
  41          {
  42   1        u8 sdata;
  43   1        sdata = adc_getValue(1);
  44   1        
  45   1        return sdata;
  46   1      }
*** WARNING C280 IN LINE 40 OF src\adc.c: 'str': unreferenced local variable
  47          


MODULE INFORMATION:   STATIC OVERLAYABLE
   CODE SIZE        =    104    ----
   CONSTANT SIZE    =   ----    ----
C51 COMPILER V9.56.0.0   ADC                                                               09/27/2018 18:17:15 PAGE 2   

   XDATA SIZE       =      1       6
   PDATA SIZE       =   ----    ----
   DATA SIZE        =   ----    ----
   IDATA SIZE       =   ----    ----
   BIT SIZE         =   ----    ----
   EDATA SIZE       =   ----    ----
   HDATA SIZE       =   ----    ----
   XDATA CONST SIZE =   ----    ----
   FAR CONST SIZE   =   ----    ----
END OF MODULE INFORMATION.


C51 COMPILATION COMPLETE.  2 WARNING(S),  0 ERROR(S)
