###############################################################################
#                                                                             #
# IAR C/C++ Compiler V8.10.3.10338/W32 for 8051         26/Sep/2018  20:41:27 #
# Copyright 2004-2011 IAR Systems AB.                                         #
#                                                                             #
#    Core               =  plain                                              #
#    Code model         =  banked                                             #
#    Data model         =  large                                              #
#    Calling convention =  xdata reentrant                                    #
#    Constant location  =  data_rom                                           #
#    Dptr setup         =  1,16                                               #
#    Source file        =  F:\BYSJ\SRC\14\ZigBeePro-V1.1\Components\mt\MT_UAR #
#                          T.c                                                #
#    Command line       =  -f F:\BYSJ\SRC\14\ZigBeePro-V1.1\Projects\zstack\S #
#                          amples\SampleApp\CC2530DB\..\..\..\Tools\CC2530DB\ #
#                          f8wCoord.cfg (-DCPU32MHZ -DROOT=__near_func        #
#                          -DMAC_CFG_APP_PENDING_QUEUE=TRUE                   #
#                          -DZDO_COORDINATOR -DRTR_NWK) -f                    #
#                          F:\BYSJ\SRC\14\ZigBeePro-V1.1\Projects\zstack\Samp #
#                          les\SampleApp\CC2530DB\..\..\..\Tools\CC2530DB\f8w #
#                          Config.cfg (-DZIGBEEPRO -DSECURE=0                 #
#                          -DZG_SECURE_DYNAMIC=0 -DREFLECTOR                  #
#                          -DDEFAULT_CHANLIST=0x00000800                      #
#                          -DZDAPP_CONFIG_PAN_ID=0x1234                       #
#                          -DNWK_START_DELAY=100 -DEXTENDED_JOINING_RANDOM_MA #
#                          SK=0x007F -DBEACON_REQUEST_DELAY=100               #
#                          -DBEACON_REQ_DELAY_MASK=0x00FF                     #
#                          -DLINK_STATUS_JITTER_MASK=0x007F                   #
#                          -DROUTE_EXPIRY_TIME=30 -DAPSC_ACK_WAIT_DURATION_PO #
#                          LLED=3000 -DNWK_INDIRECT_MSG_TIMEOUT=7             #
#                          -DMAX_RREQ_ENTRIES=8 -DAPSC_MAX_FRAME_RETRIES=3    #
#                          -DNWK_MAX_DATA_RETRIES=2                           #
#                          -DMAX_POLL_FAILURE_RETRIES=2 -DMAX_BCAST=9         #
#                          -DAPS_MAX_GROUPS=16 -DMAX_RTG_ENTRIES=40           #
#                          -DNWK_MAX_BINDING_ENTRIES=4                        #
#                          -DMAX_BINDING_CLUSTER_IDS=4 "-DDEFAULT_KEY={0x01,  #
#                          0x03, 0x05, 0x07, 0x09, 0x0B, 0x0D, 0x0F, 0x00,    #
#                          0x02, 0x04, 0x06, 0x08, 0x0A, 0x0C, 0x0D}"         #
#                          -DMAC_MAX_FRAME_SIZE=116                           #
#                          -DZDNWKMGR_MIN_TRANSMISSIONS=20 "-DCONST=const     #
#                          __code" -DGENERIC=__generic                        #
#                          -DRFD_RCVC_ALWAYS_ON=FALSE -DPOLL_RATE=1000        #
#                          -DQUEUED_POLL_RATE=100 -DRESPONSE_POLL_RATE=100)   #
#                          -DREJOIN_POLL_RATE=440 F:\BYSJ\SRC\14\ZigBeePro-V1 #
#                          .1\Components\mt\MT_UART.c -D COOR_DEVICE_UART1    #
#                          -D ZTOOL_P1 -D MT_TASK -D MT_SYS_FUNC -D           #
#                          MT_ZDO_FUNC -D LCD_SUPPORTED=DEBUG -lC             #
#                          F:\BYSJ\SRC\14\ZigBeePro-V1.1\Projects\zstack\Samp #
#                          les\SampleApp\CC2530DB\CoordinatorEB\List\ -lA     #
#                          F:\BYSJ\SRC\14\ZigBeePro-V1.1\Projects\zstack\Samp #
#                          les\SampleApp\CC2530DB\CoordinatorEB\List\         #
#                          --diag_suppress Pe001,Pa010 -o                     #
#                          F:\BYSJ\SRC\14\ZigBeePro-V1.1\Projects\zstack\Samp #
#                          les\SampleApp\CC2530DB\CoordinatorEB\Obj\ -e       #
#                          --no_code_motion --debug --core=plain --dptr=16,1  #
#                          --data_model=large --code_model=banked             #
#                          --calling_convention=xdata_reentrant               #
#                          --place_constants=data_rom --nr_virtual_regs 16    #
#                          -I F:\BYSJ\SRC\14\ZigBeePro-V1.1\Projects\zstack\S #
#                          amples\SampleApp\CC2530DB\ -I                      #
#                          F:\BYSJ\SRC\14\ZigBeePro-V1.1\Projects\zstack\Samp #
#                          les\SampleApp\CC2530DB\..\Source\ -I               #
#                          F:\BYSJ\SRC\14\ZigBeePro-V1.1\Projects\zstack\Samp #
#                          les\SampleApp\CC2530DB\..\..\..\ZMain\TI2530DB\    #
#                          -I F:\BYSJ\SRC\14\ZigBeePro-V1.1\Projects\zstack\S #
#                          amples\SampleApp\CC2530DB\..\..\..\..\..\Component #
#                          s\hal\include\ -I F:\BYSJ\SRC\14\ZigBeePro-V1.1\Pr #
#                          ojects\zstack\Samples\SampleApp\CC2530DB\..\..\..\ #
#                          ..\..\Components\hal\target\CC2530EB\ -I           #
#                          F:\BYSJ\SRC\14\ZigBeePro-V1.1\Projects\zstack\Samp #
#                          les\SampleApp\CC2530DB\..\..\..\..\..\Components\m #
#                          ac\include\ -I F:\BYSJ\SRC\14\ZigBeePro-V1.1\Proje #
#                          cts\zstack\Samples\SampleApp\CC2530DB\..\..\..\..\ #
#                          ..\Components\mac\high_level\ -I                   #
#                          F:\BYSJ\SRC\14\ZigBeePro-V1.1\Projects\zstack\Samp #
#                          les\SampleApp\CC2530DB\..\..\..\..\..\Components\m #
#                          ac\low_level\srf04\ -I F:\BYSJ\SRC\14\ZigBeePro-V1 #
#                          .1\Projects\zstack\Samples\SampleApp\CC2530DB\..\. #
#                          .\..\..\..\Components\mac\low_level\srf04\single_c #
#                          hip\ -I F:\BYSJ\SRC\14\ZigBeePro-V1.1\Projects\zst #
#                          ack\Samples\SampleApp\CC2530DB\..\..\..\..\..\Comp #
#                          onents\mt\ -I F:\BYSJ\SRC\14\ZigBeePro-V1.1\Projec #
#                          ts\zstack\Samples\SampleApp\CC2530DB\..\..\..\..\. #
#                          .\Components\osal\include\ -I                      #
#                          F:\BYSJ\SRC\14\ZigBeePro-V1.1\Projects\zstack\Samp #
#                          les\SampleApp\CC2530DB\..\..\..\..\..\Components\s #
#                          ervices\saddr\ -I F:\BYSJ\SRC\14\ZigBeePro-V1.1\Pr #
#                          ojects\zstack\Samples\SampleApp\CC2530DB\..\..\..\ #
#                          ..\..\Components\services\sdata\ -I                #
#                          F:\BYSJ\SRC\14\ZigBeePro-V1.1\Projects\zstack\Samp #
#                          les\SampleApp\CC2530DB\..\..\..\..\..\Components\s #
#                          tack\af\ -I F:\BYSJ\SRC\14\ZigBeePro-V1.1\Projects #
#                          \zstack\Samples\SampleApp\CC2530DB\..\..\..\..\..\ #
#                          Components\stack\nwk\ -I                           #
#                          F:\BYSJ\SRC\14\ZigBeePro-V1.1\Projects\zstack\Samp #
#                          les\SampleApp\CC2530DB\..\..\..\..\..\Components\s #
#                          tack\sapi\ -I F:\BYSJ\SRC\14\ZigBeePro-V1.1\Projec #
#                          ts\zstack\Samples\SampleApp\CC2530DB\..\..\..\..\. #
#                          .\Components\stack\sec\ -I                         #
#                          F:\BYSJ\SRC\14\ZigBeePro-V1.1\Projects\zstack\Samp #
#                          les\SampleApp\CC2530DB\..\..\..\..\..\Components\s #
#                          tack\sys\ -I F:\BYSJ\SRC\14\ZigBeePro-V1.1\Project #
#                          s\zstack\Samples\SampleApp\CC2530DB\..\..\..\..\.. #
#                          \Components\stack\zdo\ -I                          #
#                          F:\BYSJ\SRC\14\ZigBeePro-V1.1\Projects\zstack\Samp #
#                          les\SampleApp\CC2530DB\..\..\..\..\..\Components\z #
#                          mac\ -I F:\BYSJ\SRC\14\ZigBeePro-V1.1\Projects\zst #
#                          ack\Samples\SampleApp\CC2530DB\..\..\..\..\..\Comp #
#                          onents\zmac\f8w\ -Ohz --require_prototypes         #
#    List file          =  F:\BYSJ\SRC\14\ZigBeePro-V1.1\Projects\zstack\Samp #
#                          les\SampleApp\CC2530DB\CoordinatorEB\List\MT_UART. #
#                          lst                                                #
#    Object file        =  F:\BYSJ\SRC\14\ZigBeePro-V1.1\Projects\zstack\Samp #
#                          les\SampleApp\CC2530DB\CoordinatorEB\Obj\MT_UART.r #
#                          51                                                 #
#                                                                             #
#                                                                             #
###############################################################################

F:\BYSJ\SRC\14\ZigBeePro-V1.1\Components\mt\MT_UART.c
      1          /***************************************************************************************************
      2            Filename:       MT_UART.c
      3            Revised:        $Date: 2009-03-12 16:25:22 -0700 (Thu, 12 Mar 2009) $
      4            Revision:       $Revision: 19404 $
      5          
      6            Description:  This module handles anything dealing with the serial port.
      7          
      8            Copyright 2007 Texas Instruments Incorporated. All rights reserved.
      9          
     10            IMPORTANT: Your use of this Software is limited to those specific rights
     11            granted under the terms of a software license agreement between the user
     12            who downloaded the software, his/her employer (which must be your employer)
     13            and Texas Instruments Incorporated (the "License").  You may not use this
     14            Software unless you agree to abide by the terms of the License. The License
     15            limits your use, and you acknowledge, that the Software may not be modified,
     16            copied or distributed unless embedded on a Texas Instruments microcontroller
     17            or used solely and exclusively in conjunction with a Texas Instruments radio
     18            frequency transceiver, which is integrated into your product.  Other than for
     19            the foregoing purpose, you may not use, reproduce, copy, prepare derivative
     20            works of, modify, distribute, perform, display or sell this Software and/or
     21            its documentation for any purpose.
     22          
     23            YOU FURTHER ACKNOWLEDGE AND AGREE THAT THE SOFTWARE AND DOCUMENTATION ARE
     24            PROVIDED 揂S IS?WITHOUT WARRANTY OF ANY KIND, EITHER EXPRESS OR IMPLIED,
     25            INCLUDING WITHOUT LIMITATION, ANY WARRANTY OF MERCHANTABILITY, TITLE,
     26            NON-INFRINGEMENT AND FITNESS FOR A PARTICULAR PURPOSE. IN NO EVENT SHALL
     27            TEXAS INSTRUMENTS OR ITS LICENSORS BE LIABLE OR OBLIGATED UNDER CONTRACT,
     28            NEGLIGENCE, STRICT LIABILITY, CONTRIBUTION, BREACH OF WARRANTY, OR OTHER
     29            LEGAL EQUITABLE THEORY ANY DIRECT OR INDIRECT DAMAGES OR EXPENSES
     30            INCLUDING BUT NOT LIMITED TO ANY INCIDENTAL, SPECIAL, INDIRECT, PUNITIVE
     31            OR CONSEQUENTIAL DAMAGES, LOST PROFITS OR LOST DATA, COST OF PROCUREMENT
     32            OF SUBSTITUTE GOODS, TECHNOLOGY, SERVICES, OR ANY CLAIMS BY THIRD PARTIES
     33            (INCLUDING BUT NOT LIMITED TO ANY DEFENSE THEREOF), OR OTHER SIMILAR COSTS.
     34          
     35            Should you have any questions regarding your right to use this Software,
     36            contact Texas Instruments Incorporated at www.anlde.com.
     37          
     38          ***************************************************************************************************/
     39          
     40          /***************************************************************************************************
     41           * INCLUDES
     42           ***************************************************************************************************/
     43          #include "ZComDef.h"
     44          #include "OSAL.h"
     45          #include "hal_uart.h"
     46          #include "MT.h"
     47          #include "MT_UART.h"
     48          #include "OSAL_Memory.h"
     49          
     50          
     51          /***************************************************************************************************
     52           * MACROS
     53           ***************************************************************************************************/
     54          
     55          /***************************************************************************************************
     56           * CONSTANTS
     57           ***************************************************************************************************/
     58          /* State values for ZTool protocal */
     59          #define SOP_STATE      0x00
     60          #define CMD_STATE1     0x01
     61          #define CMD_STATE2     0x02
     62          #define LEN_STATE      0x03
     63          #define DATA_STATE     0x04
     64          #define FCS_STATE      0x05
     65          
     66          /***************************************************************************************************
     67           *                                         GLOBAL VARIABLES
     68           ***************************************************************************************************/
     69          /* Used to indentify the application ID for osal task */

   \                                 In  segment XDATA_Z, align 1, keep-with-next
     70          byte App_TaskID;
   \                     App_TaskID:
   \   000000                DS 1
   \   000001                REQUIRE __INIT_XDATA_Z
     71          
     72          /* ZTool protocal parameters */

   \                                 In  segment XDATA_Z, align 1, keep-with-next
     73          uint8 state = 0;
   \                     state:
   \   000000                DS 1
   \   000001                REQUIRE __INIT_XDATA_Z

   \                                 In  segment XDATA_Z, align 1, keep-with-next
     74          uint8  CMD_Token[2];
   \                     CMD_Token:
   \   000000                DS 2
   \   000002                REQUIRE __INIT_XDATA_Z

   \                                 In  segment XDATA_Z, align 1, keep-with-next
     75          uint8  LEN_Token;
   \                     LEN_Token:
   \   000000                DS 1
   \   000001                REQUIRE __INIT_XDATA_Z

   \                                 In  segment XDATA_Z, align 1, keep-with-next
     76          uint8  FSC_Token;
   \                     FSC_Token:
   \   000000                DS 1
   \   000001                REQUIRE __INIT_XDATA_Z

   \                                 In  segment XDATA_Z, align 1, keep-with-next
     77          mtOSALSerialData_t  *pMsg;
   \                     pMsg:
   \   000000                DS 2
   \   000002                REQUIRE __INIT_XDATA_Z

   \                                 In  segment XDATA_Z, align 1, keep-with-next
     78          uint8  tempDataLen;
   \                     tempDataLen:
   \   000000                DS 1
   \   000001                REQUIRE __INIT_XDATA_Z
     79          

   \                                 In  segment XDATA_Z, align 1, keep-with-next
     80          uint8 UART1_RX_STA = 0;
   \                     UART1_RX_STA:
   \   000000                DS 1
   \   000001                REQUIRE __INIT_XDATA_Z

   \                                 In  segment XDATA_Z, align 1, keep-with-next
     81          uint8 Uart1RxLen;
   \                     Uart1RxLen:
   \   000000                DS 1
   \   000001                REQUIRE __INIT_XDATA_Z

   \                                 In  segment XDATA_Z, align 1, keep-with-next
     82          uint8 UART1_RX_BUF[127];
   \                     UART1_RX_BUF:
   \   000000                DS 127
   \   00007F                REQUIRE __INIT_XDATA_Z
     83          
     84          #if defined (ZAPP_P1) || defined (ZAPP_P2)
     85          uint16  MT_UartMaxZAppBufLen;
     86          bool    MT_UartZAppRxStatus;
     87          #endif
     88          
     89          
     90          /***************************************************************************************************
     91           *                                          LOCAL FUNCTIONS
     92           ***************************************************************************************************/
     93          
     94          /***************************************************************************************************
     95           * @fn      MT_UartInit
     96           *
     97           * @brief   Initialize MT with UART support
     98           *
     99           * @param   None
    100           *
    101           * @return  None
    102          ***************************************************************************************************/

   \                                 In  segment BANKED_CODE, align 1, keep-with-next
    103          void MT_UartInit ()
   \                     MT_UartInit:
    104          {
   \   000000   C082         PUSH    DPL
   \   000002   C083         PUSH    DPH
   \   000004                ; Saved register size: 2
   \   000004                ; Auto size: 29
   \   000004   74E3         MOV     A,#-0x1d
   \   000006   12....       LCALL   ?ALLOC_XSTACK8
    105            halUARTCfg_t uartConfig;
    106          
    107            /* Initialize APP ID */
    108            App_TaskID = 0;
   \   000009   90....       MOV     DPTR,#App_TaskID
   \   00000C   E4           CLR     A
   \   00000D   12....       LCALL   ?Subroutine1 & 0xFFFF
    109          
    110            /* UART Configuration */
    111            uartConfig.configured           = TRUE;
   \                     ??CrossCallReturnLabel_0:
   \   000010   04           INC     A
   \   000011   F0           MOVX    @DPTR,A
    112            uartConfig.baudRate             = MT_UART_DEFAULT_BAUDRATE;
   \   000012   12....       LCALL   ?XSTACK_DISP0_8
   \   000015   7404         MOV     A,#0x4
   \   000017   F0           MOVX    @DPTR,A
    113            //uartConfig.flowControl          = MT_UART_DEFAULT_OVERFLOW;
    114            uartConfig.flowControl          = FALSE;
   \   000018   7402         MOV     A,#0x2
   \   00001A   12....       LCALL   ?XSTACK_DISP0_8
   \   00001D   E4           CLR     A
   \   00001E   F0           MOVX    @DPTR,A
    115            uartConfig.flowControlThreshold = MT_UART_DEFAULT_THRESHOLD;
   \   00001F   7403         MOV     A,#0x3
   \   000021   12....       LCALL   ?XSTACK_DISP0_8
   \   000024   7440         MOV     A,#0x40
   \   000026   F0           MOVX    @DPTR,A
   \   000027   A3           INC     DPTR
   \   000028   E4           CLR     A
   \   000029   F0           MOVX    @DPTR,A
    116            uartConfig.rx.maxBufSize        = MT_UART_DEFAULT_MAX_RX_BUFF;
   \   00002A   740A         MOV     A,#0xa
   \   00002C   12....       LCALL   ?XSTACK_DISP0_8
   \   00002F   7480         MOV     A,#-0x80
   \   000031   F0           MOVX    @DPTR,A
   \   000032   A3           INC     DPTR
   \   000033   E4           CLR     A
   \   000034   F0           MOVX    @DPTR,A
    117            uartConfig.tx.maxBufSize        = MT_UART_DEFAULT_MAX_TX_BUFF;
   \   000035   7412         MOV     A,#0x12
   \   000037   12....       LCALL   ?XSTACK_DISP0_8
   \   00003A   7480         MOV     A,#-0x80
   \   00003C   F0           MOVX    @DPTR,A
   \   00003D   A3           INC     DPTR
   \   00003E   E4           CLR     A
   \   00003F   F0           MOVX    @DPTR,A
    118            uartConfig.idleTimeout          = MT_UART_DEFAULT_IDLE_TIMEOUT;
   \   000040   7405         MOV     A,#0x5
   \   000042   12....       LCALL   ?XSTACK_DISP0_8
   \   000045   7406         MOV     A,#0x6
   \   000047   F0           MOVX    @DPTR,A
    119            uartConfig.intEnable            = TRUE;
   \   000048   7416         MOV     A,#0x16
   \   00004A   12....       LCALL   ?XSTACK_DISP0_8
   \   00004D   7401         MOV     A,#0x1
   \   00004F   F0           MOVX    @DPTR,A
    120          #if defined (ZTOOL_P1) || defined (ZTOOL_P2)
    121            uartConfig.callBackFunc         = MT_UartProcessZToolData; //串口接受回调函数
   \   000050   741B         MOV     A,#0x1b
   \   000052   12....       LCALL   ?XSTACK_DISP0_8
   \   000055   74..         MOV     A,#??MT_UartProcessZToolData?relay & 0xff
   \   000057   F0           MOVX    @DPTR,A
   \   000058   A3           INC     DPTR
   \   000059   74..         MOV     A,#(??MT_UartProcessZToolData?relay >> 8) & 0xff
   \   00005B   12....       LCALL   ?Subroutine1 & 0xFFFF
    122          #elif defined (ZAPP_P1) || defined (ZAPP_P2)
    123            uartConfig.callBackFunc         = MT_UartProcessZAppData;
    124          #else
    125            uartConfig.callBackFunc         = NULL;
    126          #endif
    127          
    128            /* Start UART */
    129          #if defined (MT_UART_DEFAULT_PORT)
    130            HalUARTOpen (MT_UART_DEFAULT_PORT, &uartConfig);
   \                     ??CrossCallReturnLabel_1:
   \   00005E   AA82         MOV     R2,DPL
   \   000060   AB83         MOV     R3,DPH
   \   000062   7900         MOV     R1,#0x0
   \   000064   12....       LCALL   ??HalUARTOpen?relay
    131          #ifdef COOR_DEVICE_UART1 //配置串口1
    132            HalUARTOpen (1, &uartConfig);
   \   000067                ; Setup parameters for call to function HalUARTOpen
   \   000067   85..82       MOV     DPL,?XSP + 0
   \   00006A   85..83       MOV     DPH,?XSP + 1
   \   00006D   AA82         MOV     R2,DPL
   \   00006F   AB83         MOV     R3,DPH
   \   000071   7901         MOV     R1,#0x1
   \   000073   12....       LCALL   ??HalUARTOpen?relay
    133          #endif
    134          #else
    135            /* Silence IAR compiler warning */
    136            (void)uartConfig;
    137          #endif
    138          
    139            /* Initialize for ZApp */
    140          #if defined (ZAPP_P1) || defined (ZAPP_P2)
    141            /* Default max bytes that ZAPP can take */
    142            MT_UartMaxZAppBufLen  = 1;
    143            MT_UartZAppRxStatus   = MT_UART_ZAPP_RX_READY;
    144          #endif
    145          
    146          }
   \   000076   741D         MOV     A,#0x1d
   \   000078   12....       LCALL   ?DEALLOC_XSTACK8
   \   00007B                REQUIRE ?Subroutine0
   \   00007B                ; // Fall through to label ?Subroutine0

   \                                 In  segment BANKED_CODE, align 1, keep-with-next
   \                     ?Subroutine0:
   \   000000   D083         POP     DPH
   \   000002   D082         POP     DPL
   \   000004   02....       LJMP    ?BRET

   \                                 In  segment BANKED_CODE, align 1, keep-with-next
   \                     ?Subroutine1:
   \   000000   F0           MOVX    @DPTR,A
   \   000001                ; Setup parameters for call to function HalUARTOpen
   \   000001                ; Setup parameters for call to function osal_memcpy
   \   000001   85..82       MOV     DPL,?XSP + 0
   \   000004   85..83       MOV     DPH,?XSP + 1
   \   000007   22           RET
    147          
    148          /***************************************************************************************************
    149           * @fn      MT_SerialRegisterTaskID
    150           *
    151           * @brief   This function registers the taskID of the application so it knows
    152           *          where to send the messages whent they come in.
    153           *
    154           * @param   void
    155           *
    156           * @return  void
    157           ***************************************************************************************************/

   \                                 In  segment BANKED_CODE, align 1, keep-with-next
    158          void MT_UartRegisterTaskID( byte taskID )
   \                     MT_UartRegisterTaskID:
    159          {
   \   000000   C082         PUSH    DPL
   \   000002   C083         PUSH    DPH
   \   000004                ; Saved register size: 2
   \   000004                ; Auto size: 0
    160            App_TaskID = taskID;
   \   000004   E9           MOV     A,R1
   \   000005   90....       MOV     DPTR,#App_TaskID
   \   000008   F0           MOVX    @DPTR,A
    161          }
   \   000009   80..         SJMP    ?Subroutine0
    162          
    163          /***************************************************************************************************
    164           * @fn      SPIMgr_CalcFCS
    165           *
    166           * @brief   Calculate the FCS of a message buffer by XOR'ing each byte.
    167           *          Remember to NOT include SOP and FCS fields, so start at the CMD field.
    168           *
    169           * @param   byte *msg_ptr - message pointer
    170           * @param   byte len - length (in bytes) of message
    171           *
    172           * @return  result byte
    173           ***************************************************************************************************/

   \                                 In  segment BANKED_CODE, align 1, keep-with-next
    174          byte MT_UartCalcFCS( uint8 *msg_ptr, uint8 len )
   \                     MT_UartCalcFCS:
    175          {
   \   000000   C082         PUSH    DPL
   \   000002   C083         PUSH    DPH
   \   000004                ; Saved register size: 2
   \   000004                ; Auto size: 0
   \   000004   E9           MOV     A,R1
   \   000005   FC           MOV     R4,A
    176            byte x;
    177            byte xorResult;
    178          
    179            xorResult = 0;
   \   000006   7900         MOV     R1,#0x0
    180          
    181            for ( x = 0; x < len; x++, msg_ptr++ )
   \   000008   7800         MOV     R0,#0x0
   \   00000A   800E         SJMP    ??MT_UartCalcFCS_0
    182              xorResult = xorResult ^ *msg_ptr;
   \                     ??MT_UartCalcFCS_1:
   \   00000C   8A82         MOV     DPL,R2
   \   00000E   8B83         MOV     DPH,R3
   \   000010   E0           MOVX    A,@DPTR
   \   000011   C9           XCH     A,R1
   \   000012   69           XRL     A,R1
   \   000013   F9           MOV     R1,A
   \   000014   08           INC     R0
   \   000015   A3           INC     DPTR
   \   000016   AA82         MOV     R2,DPL
   \   000018   AB83         MOV     R3,DPH
   \                     ??MT_UartCalcFCS_0:
   \   00001A   E8           MOV     A,R0
   \   00001B   C3           CLR     C
   \   00001C   9C           SUBB    A,R4
   \   00001D   40ED         JC      ??MT_UartCalcFCS_1
    183          
    184            return ( xorResult );
   \   00001F   80..         SJMP    ?Subroutine0
    185          }
    186          
    187          
    188          /***************************************************************************************************
    189           * @fn      MT_UartProcessZToolData
    190           *
    191           * @brief   | SOP | Data Length  |   CMD   |   Data   |  FCS  |
    192           *          |  1  |     1        |    2    |  0-Len   |   1   |
    193           *
    194           *          Parses the data and determine either is SPI or just simply serial data
    195           *          then send the data to correct place (MT or APP)
    196           *
    197           * @param   port     - UART port
    198           *          event    - Event that causes the callback
    199           *
    200           *
    201           * @return  None
    202           ***************************************************************************************************/

   \                                 In  segment BANKED_CODE, align 1, keep-with-next
    203          void MT_UartProcessZToolData ( uint8 port, uint8 event ) //自定義毀掉函數 1
   \                     MT_UartProcessZToolData:
    204          {
   \   000000   74F1         MOV     A,#-0xf
   \   000002   12....       LCALL   ?BANKED_ENTER_XDATA
   \   000005                ; Saved register size: 15
   \   000005                ; Auto size: 127
   \   000005   7481         MOV     A,#-0x7f
   \   000007   12....       LCALL   ?ALLOC_XSTACK8
   \   00000A   E9           MOV     A,R1
   \   00000B   FF           MOV     R7,A
   \   00000C   EA           MOV     A,R2
   \   00000D   FE           MOV     R6,A
    205            uint8 uart0RxLen;
    206            uint8 dataBuffer0[127];
    207            
    208             if(( event & ( HAL_UART_RX_FULL | HAL_UART_RX_ABOUT_FULL | HAL_UART_RX_TIMEOUT ) ) )
   \   00000E   7407         MOV     A,#0x7
   \   000010   5E           ANL     A,R6
   \   000011   7003         JNZ     $+5
   \   000013   02....       LJMP    ??MT_UartProcessZToolData_0 & 0xFFFF
    209             {
    210               if(port == HAL_UART_PORT_0)
   \   000016   EF           MOV     A,R7
   \   000017   707C         JNZ     ??MT_UartProcessZToolData_1
    211               {
    212                 uart0RxLen = Hal_UART_RxBufLen(HAL_UART_PORT_0);
   \   000019                ; Setup parameters for call to function Hal_UART_RxBufLen
   \   000019   7900         MOV     R1,#0x0
   \   00001B   12....       LCALL   ??Hal_UART_RxBufLen?relay
   \   00001E   EA           MOV     A,R2
   \   00001F   F5..         MOV     ?V0 + 0,A
    213                 HalUARTRead(HAL_UART_PORT_0, dataBuffer0, uart0RxLen);
   \   000021                ; Setup parameters for call to function HalUARTRead
   \   000021   FC           MOV     R4,A
   \   000022   7D00         MOV     R5,#0x0
   \   000024   85..82       MOV     DPL,?XSP + 0
   \   000027   85..83       MOV     DPH,?XSP + 1
   \   00002A   AA82         MOV     R2,DPL
   \   00002C   AB83         MOV     R3,DPH
   \   00002E   7900         MOV     R1,#0x0
   \   000030   12....       LCALL   ??HalUARTRead?relay
    214                 
    215                 pMsg = (mtOSALSerialData_t *)osal_msg_allocate( sizeof ( mtOSALSerialData_t ));
   \   000033                ; Setup parameters for call to function osal_msg_allocate
   \   000033   7A04         MOV     R2,#0x4
   \   000035   7B00         MOV     R3,#0x0
   \   000037   12....       LCALL   ??osal_msg_allocate?relay
   \   00003A   90....       MOV     DPTR,#pMsg
   \   00003D   EA           MOV     A,R2
   \   00003E   F0           MOVX    @DPTR,A
   \   00003F   A3           INC     DPTR
   \   000040   EB           MOV     A,R3
   \   000041   F0           MOVX    @DPTR,A
    216                 if(pMsg)
   \   000042   90....       MOV     DPTR,#pMsg
   \   000045   E0           MOVX    A,@DPTR
   \   000046   F8           MOV     R0,A
   \   000047   A3           INC     DPTR
   \   000048   E0           MOVX    A,@DPTR
   \   000049   F9           MOV     R1,A
   \   00004A   E8           MOV     A,R0
   \   00004B   49           ORL     A,R1
   \   00004C   6062         JZ      ??MT_UartProcessZToolData_0
    217                 {
    218                   pMsg->hdr.event = CMD_SERIAL_MSG_0; //串口0
   \   00004E   E0           MOVX    A,@DPTR
   \   00004F   F583         MOV     DPH,A
   \   000051   8882         MOV     DPL,R0
   \   000053   7401         MOV     A,#0x1
   \   000055   F0           MOVX    @DPTR,A
    219                   pMsg->hdr.status = uart0RxLen;
   \   000056   12....       LCALL   ?Subroutine2 & 0xFFFF
   \                     ??CrossCallReturnLabel_3:
   \   000059   E5..         MOV     A,?V0 + 0
   \   00005B   12....       LCALL   ?Subroutine1 & 0xFFFF
    220                   
    221                   osal_memcpy(pMsg->msg, dataBuffer0, uart0RxLen);
   \                     ??CrossCallReturnLabel_2:
   \   00005E   A982         MOV     R1,DPL
   \   000060   AA83         MOV     R2,DPH
   \   000062   89..         MOV     ?V0 + 4,R1
   \   000064   8A..         MOV     ?V0 + 5,R2
   \   000066   75..00       MOV     ?V0 + 6,#0x0
   \   000069   78..         MOV     R0,#?V0 + 4
   \   00006B   12....       LCALL   ?PUSH_XSTACK_I_THREE
   \   00006E   AC..         MOV     R4,?V0 + 0
   \   000070   7D00         MOV     R5,#0x0
   \   000072   12....       LCALL   ?Subroutine2 & 0xFFFF
   \                     ??CrossCallReturnLabel_4:
   \   000075   A3           INC     DPTR
   \   000076   E0           MOVX    A,@DPTR
   \   000077   FA           MOV     R2,A
   \   000078   A3           INC     DPTR
   \   000079   E0           MOVX    A,@DPTR
   \   00007A   FB           MOV     R3,A
   \   00007B   12....       LCALL   ??osal_memcpy?relay
   \   00007E   7403         MOV     A,#0x3
   \   000080   12....       LCALL   ?DEALLOC_XSTACK8
    222                   osal_msg_send( App_TaskID, (byte *)pMsg );
   \   000083                ; Setup parameters for call to function osal_msg_send
   \   000083   90....       MOV     DPTR,#pMsg
   \   000086   E0           MOVX    A,@DPTR
   \   000087   FA           MOV     R2,A
   \   000088   A3           INC     DPTR
   \   000089   E0           MOVX    A,@DPTR
   \   00008A   FB           MOV     R3,A
   \   00008B   90....       MOV     DPTR,#App_TaskID
   \   00008E   E0           MOVX    A,@DPTR
   \   00008F   F9           MOV     R1,A
   \   000090   12....       LCALL   ??osal_msg_send?relay
   \   000093   801B         SJMP    ??MT_UartProcessZToolData_0
    223                 }
    224               }
    225               else{ //uart1 for sim800a
    226                 UART1_RX_STA = 1;
   \                     ??MT_UartProcessZToolData_1:
   \   000095   90....       MOV     DPTR,#UART1_RX_STA
   \   000098   7401         MOV     A,#0x1
   \   00009A   F0           MOVX    @DPTR,A
    227                 
    228                 Uart1RxLen = Hal_UART_RxBufLen(HAL_UART_PORT_1);
   \   00009B                ; Setup parameters for call to function Hal_UART_RxBufLen
   \   00009B   F9           MOV     R1,A
   \   00009C   12....       LCALL   ??Hal_UART_RxBufLen?relay
   \   00009F   EA           MOV     A,R2
   \   0000A0   90....       MOV     DPTR,#Uart1RxLen
   \   0000A3   F0           MOVX    @DPTR,A
    229                 HalUARTRead(HAL_UART_PORT_1, UART1_RX_BUF, Uart1RxLen);
   \   0000A4                ; Setup parameters for call to function HalUARTRead
   \   0000A4   FC           MOV     R4,A
   \   0000A5   7D00         MOV     R5,#0x0
   \   0000A7   7A..         MOV     R2,#UART1_RX_BUF & 0xff
   \   0000A9   7B..         MOV     R3,#(UART1_RX_BUF >> 8) & 0xff
   \   0000AB   7901         MOV     R1,#0x1
   \   0000AD   12....       LCALL   ??HalUARTRead?relay
    230               }
    231             }
    232          }
   \                     ??MT_UartProcessZToolData_0:
   \   0000B0   747F         MOV     A,#0x7f
   \   0000B2   12....       LCALL   ?DEALLOC_XSTACK8
   \   0000B5   7F07         MOV     R7,#0x7
   \   0000B7   02....       LJMP    ?BANKED_LEAVE_XDATA

   \                                 In  segment BANKED_CODE, align 1, keep-with-next
   \                     ?Subroutine2:
   \   000000   90....       MOV     DPTR,#pMsg
   \   000003   E0           MOVX    A,@DPTR
   \   000004   F8           MOV     R0,A
   \   000005   A3           INC     DPTR
   \   000006   E0           MOVX    A,@DPTR
   \   000007   F583         MOV     DPH,A
   \   000009   8882         MOV     DPL,R0
   \   00000B   A3           INC     DPTR
   \   00000C   22           RET

   \                                 In  segment BANK_RELAYS, align 1
   \                     ??MT_UartInit?relay:
   \   000000   12....       LCALL   ?BDISPATCH
   \   000003   ......       DC24    MT_UartInit

   \                                 In  segment BANK_RELAYS, align 1
   \                     ??MT_UartRegisterTaskID?relay:
   \   000000   12....       LCALL   ?BDISPATCH
   \   000003   ......       DC24    MT_UartRegisterTaskID

   \                                 In  segment BANK_RELAYS, align 1
   \                     ??MT_UartCalcFCS?relay:
   \   000000   12....       LCALL   ?BDISPATCH
   \   000003   ......       DC24    MT_UartCalcFCS

   \                                 In  segment BANK_RELAYS, align 1
   \                     ??MT_UartProcessZToolData?relay:
   \   000000   12....       LCALL   ?BDISPATCH
   \   000003   ......       DC24    MT_UartProcessZToolData
    233          
    234          /*void MT_UartProcessZToolData ( uint8 port, uint8 event ) //自定義毀掉函數 2
    235          {
    236            uint8  ch;
    237            //uint8  bytesInRxBuffer;
    238            uint8  msglen = 0;
    239            uint8  msgBuffer[18];
    240            state = SOP_STATE;
    241            
    242            (void)event;  // Intentionally unreferenced parameter
    243            while (Hal_UART_RxBufLen(port))
    244            {
    245               HalUARTRead (port, &ch, 1); 
    246               msgBuffer[msglen ++] = ch; //存储数据
    247               switch (state)
    248               {
    249                case SOP_STATE:
    250                  if (ch == 0xEE) //帧头
    251                  {
    252                    break;
    253                  }else if (ch == 0xCC)
    254                  {
    255                    state = DATA_STATE;
    256                    break;
    257                  }else
    258                    break;
    259                case DATA_STATE:
    260                  if(msglen == 18)
    261                  {
    262                    if( ch == 0xFF)
    263                    {
    264                      pMsg = (mtOSALSerialData_t *)osal_msg_allocate( sizeof ( mtOSALSerialData_t ));
    265                      if(pMsg)
    266                      {
    267                        if(port == 0)
    268                          pMsg->hdr.event = CMD_SERIAL_MSG_0; //串口0
    269                        else if(port == 1)
    270                          pMsg->hdr.event = CMD_SERIAL_MSG_1; //串口1
    271                        
    272                        osal_memcpy(pMsg->msg, msgBuffer, 18);
    273                        osal_msg_send( App_TaskID, (byte *)pMsg );
    274                        state = SOP_STATE;
    275                      }else
    276                      {
    277                        state = SOP_STATE;
    278                      }
    279                    }else
    280                    {
    281                      //deallocate the msg 
    282                      osal_msg_deallocate ( (uint8 *)pMsg );
    283                      state = SOP_STATE;
    284                    }
    285                  }
    286                  break;
    287                default:
    288                 break;
    289               }
    290            }
    291          }
    292          */
    293          
    294           /*
    295          void MT_UartProcessZToolData ( uint8 port, uint8 event )//系统定义回调函数
    296          {
    297            uint8  ch;
    298            uint8  bytesInRxBuffer;
    299            
    300            (void)event;  // Intentionally unreferenced parameter
    301            while (Hal_UART_RxBufLen(port))
    302            {
    303              HalUARTRead (port, &ch, 1);
    304          
    305              switch (state)
    306              {
    307                case SOP_STATE:
    308                  if (ch == MT_UART_SOF)
    309                    state = LEN_STATE;
    310                  break;
    311          
    312                case LEN_STATE:
    313                  LEN_Token = ch; //数据长度
    314          
    315                  tempDataLen = 0;
    316          
    317                  //Allocate memory for the data 
    318                  pMsg = (mtOSALSerialData_t *)osal_msg_allocate( sizeof ( mtOSALSerialData_t ) +
    319                                                                  MT_RPC_FRAME_HDR_SZ + LEN_Token );
    320          
    321                  if (pMsg)
    322                  {
    323                    //Fill up what we can 
    324                    if(port == 0)
    325                      pMsg->hdr.event = CMD_SERIAL_MSG_0; //串口0
    326                    else if(port == 1)
    327                      pMsg->hdr.event = CMD_SERIAL_MSG_1; //串口1
    328                    
    329                    pMsg->msg = (uint8*)(pMsg+1);
    330                    pMsg->msg[MT_RPC_POS_LEN] = LEN_Token;
    331                    state = CMD_STATE1;
    332                  }
    333                  else
    334                  {
    335                    state = SOP_STATE;
    336                    return;
    337                  }
    338                  break;
    339          
    340                case CMD_STATE1:
    341                  pMsg->msg[MT_RPC_POS_CMD0] = ch;
    342                  state = CMD_STATE2;
    343                  break;
    344          
    345                case CMD_STATE2:
    346                  pMsg->msg[MT_RPC_POS_CMD1] = ch;
    347                  // If there is no data, skip to FCS state 
    348                  if (LEN_Token)
    349                  {
    350                    state = DATA_STATE;
    351                  }
    352                  else
    353                  {
    354                    state = FCS_STATE;
    355                  }
    356                  break;
    357          
    358                case DATA_STATE:
    359          
    360                  // Fill in the buffer the first byte of the data 
    361                  pMsg->msg[MT_RPC_FRAME_HDR_SZ + tempDataLen++] = ch;
    362          
    363                  // Check number of bytes left in the Rx buffer 
    364                  bytesInRxBuffer = Hal_UART_RxBufLen(port);
    365          
    366                  // If the remain of the data is there, read them all, otherwise, just read enough 
    367                  if (bytesInRxBuffer <= LEN_Token - tempDataLen)
    368                  {
    369                    HalUARTRead (port, &pMsg->msg[MT_RPC_FRAME_HDR_SZ + tempDataLen], bytesInRxBuffer);
    370                    tempDataLen += bytesInRxBuffer;
    371                  }
    372                  else
    373                  {
    374                    HalUARTRead (port, &pMsg->msg[MT_RPC_FRAME_HDR_SZ + tempDataLen], LEN_Token - tempDataLen);
    375                    tempDataLen += (LEN_Token - tempDataLen);
    376                  }
    377          
    378                  // If number of bytes read is equal to data length, time to move on to FCS 
    379                  if ( tempDataLen == LEN_Token )
    380                      state = FCS_STATE;
    381          
    382                  break;
    383          
    384                case FCS_STATE:
    385          
    386                  FSC_Token = ch;
    387          
    388                  // Make sure it's correct 
    389                  if ((MT_UartCalcFCS ((uint8*)&pMsg->msg[0], MT_RPC_FRAME_HDR_SZ + LEN_Token) == FSC_Token))
    390                  {
    391                    osal_msg_send( App_TaskID, (byte *)pMsg );
    392                  }
    393                  else
    394                  {
    395                    // deallocate the msg 
    396                    osal_msg_deallocate ( (uint8 *)pMsg );
    397                  }
    398          
    399                  // Reset the state, send or discard the buffers at this point 
    400                  state = SOP_STATE;
    401          
    402                  break;
    403          
    404                default:
    405                 break;
    406              }
    407            }
    408          }*/
    409          
    410          #if defined (ZAPP_P1) || defined (ZAPP_P2)
    411          /***************************************************************************************************
    412           * @fn      MT_UartProcessZAppData
    413           *
    414           * @brief   | SOP | CMD  |   Data Length   | FSC  |
    415           *          |  1  |  2   |       1         |  1   |
    416           *
    417           *          Parses the data and determine either is SPI or just simply serial data
    418           *          then send the data to correct place (MT or APP)
    419           *
    420           * @param   port    - UART port
    421           *          event   - Event that causes the callback
    422           *
    423           *
    424           * @return  None
    425           ***************************************************************************************************/
    426          void MT_UartProcessZAppData ( uint8 port, uint8 event )
    427          {
    428          
    429            osal_event_hdr_t  *msg_ptr;
    430            uint16 length = 0;
    431            uint16 rxBufLen  = Hal_UART_RxBufLen(MT_UART_DEFAULT_PORT);
    432          
    433            /*
    434               If maxZAppBufferLength is 0 or larger than current length
    435               the entire length of the current buffer is returned.
    436            */
    437            if ((MT_UartMaxZAppBufLen != 0) && (MT_UartMaxZAppBufLen <= rxBufLen))
    438            {
    439              length = MT_UartMaxZAppBufLen;
    440            }
    441            else
    442            {
    443              length = rxBufLen;
    444            }
    445          
    446            /* Verify events */
    447            if (event == HAL_UART_TX_FULL)
    448            {
    449              // Do something when TX if full
    450              return;
    451            }
    452          
    453            if (event & ( HAL_UART_RX_FULL | HAL_UART_RX_ABOUT_FULL | HAL_UART_RX_TIMEOUT))
    454            {
    455              if ( App_TaskID )
    456              {
    457                /*
    458                   If Application is ready to receive and there is something
    459                   in the Rx buffer then send it up
    460                */
    461                if ((MT_UartZAppRxStatus == MT_UART_ZAPP_RX_READY ) && (length != 0))
    462                {
    463                  /* Disable App flow control until it processes the current data */
    464                   MT_UartAppFlowControl (MT_UART_ZAPP_RX_NOT_READY);
    465          
    466                  /* 2 more bytes are added, 1 for CMD type, other for length */
    467                  msg_ptr = (osal_event_hdr_t *)osal_msg_allocate( length + sizeof(osal_event_hdr_t) );
    468                  if ( msg_ptr )
    469                  {
    470                    msg_ptr->event = SPI_INCOMING_ZAPP_DATA;
    471                    msg_ptr->status = length;
    472          
    473                    /* Read the data of Rx buffer */
    474                    HalUARTRead( MT_UART_DEFAULT_PORT, (uint8 *)(msg_ptr + 1), length );
    475          
    476                    /* Send the raw data to application...or where ever */
    477                    osal_msg_send( App_TaskID, (uint8 *)msg_ptr );
    478                  }
    479                }
    480              }
    481            }
    482          }
    483          
    484          /***************************************************************************************************
    485           * @fn      SPIMgr_ZAppBufferLengthRegister
    486           *
    487           * @brief
    488           *
    489           * @param   maxLen - Max Length that the application wants at a time
    490           *
    491           * @return  None
    492           *
    493           ***************************************************************************************************/
    494          void MT_UartZAppBufferLengthRegister ( uint16 maxLen )
    495          {
    496            /* If the maxLen is larger than the RX buff, something is not right */
    497            if (maxLen <= MT_UART_DEFAULT_MAX_RX_BUFF)
    498              MT_UartMaxZAppBufLen = maxLen;
    499            else
    500              MT_UartMaxZAppBufLen = 1; /* default is 1 byte */
    501          }
    502          
    503          /***************************************************************************************************
    504           * @fn      SPIMgr_AppFlowControl
    505           *
    506           * @brief
    507           *
    508           * @param   status - ready to send or not
    509           *
    510           * @return  None
    511           *
    512           ***************************************************************************************************/
    513          void MT_UartAppFlowControl ( bool status )
    514          {
    515          
    516            /* Make sure only update if needed */
    517            if (status != MT_UartZAppRxStatus )
    518            {
    519              MT_UartZAppRxStatus = status;
    520            }
    521          
    522            /* App is ready to read again, ProcessZAppData have to be triggered too */
    523            if (status == MT_UART_ZAPP_RX_READY)
    524            {
    525              MT_UartProcessZAppData (MT_UART_DEFAULT_PORT, HAL_UART_RX_TIMEOUT );
    526            }
    527          
    528          }
    529          
    530          #endif //ZAPP
    531          
    532          /***************************************************************************************************
    533          ***************************************************************************************************/

   Maximum stack usage in bytes:

     Function                ISTACK PSTACK XSTACK
     --------                ------ ------ ------
     MT_UartCalcFCS              2      0      0
     MT_UartInit                 2      0     29
       -> HalUARTOpen            4      0     58
       -> HalUARTOpen            4      0     58
     MT_UartProcessZToolData     1      0    145
       -> Hal_UART_RxBufLen      0      0    284
       -> HalUARTRead            0      0    284
       -> osal_msg_allocate      0      0    284
       -> osal_memcpy            0      0    290
       -> osal_msg_send          0      0    284
       -> Hal_UART_RxBufLen      0      0    284
       -> HalUARTRead            0      0    284
     MT_UartRegisterTaskID       2      0      0


   Segment part sizes:

     Function/Label                  Bytes
     --------------                  -----
     App_TaskID                         1
     state                              1
     CMD_Token                          2
     LEN_Token                          1
     FSC_Token                          1
     pMsg                               2
     tempDataLen                        1
     UART1_RX_STA                       1
     Uart1RxLen                         1
     UART1_RX_BUF                     127
     MT_UartInit                      123
     ?Subroutine0                       7
     ?Subroutine1                       8
     MT_UartRegisterTaskID             11
     MT_UartCalcFCS                    33
     MT_UartProcessZToolData          186
     ?Subroutine2                      13
     ??MT_UartInit?relay                6
     ??MT_UartRegisterTaskID?relay      6
     ??MT_UartCalcFCS?relay             6
     ??MT_UartProcessZToolData?relay    6

 
 381 bytes in segment BANKED_CODE
  24 bytes in segment BANK_RELAYS
 138 bytes in segment XDATA_Z
 
 405 bytes of CODE  memory
 138 bytes of XDATA memory

Errors: none
Warnings: none
