C51 COMPILER V9.56.0.0   AGREEMENT                                                         09/28/2018 16:54:18 PAGE 1   


C51 COMPILER V9.56.0.0, COMPILATION OF MODULE AGREEMENT
OBJECT MODULE PLACED IN .\Objects\agreement.obj
COMPILER INVOKED BY: C:\Keil_v5\C51\BIN\C51.EXE src\agreement.c LARGE OMF2 OPTIMIZE(8,SPEED) BROWSE INCDIR(.\inc) DEBUG 
                    -PRINT(.\Listings\agreement.lst) TABS(2) OBJECT(.\Objects\agreement.obj)

line level    source

   1          #include "agreement.h"
   2          #include "uart.h"
   3          #include "uart2.h"
   4          #include "io.h"
   5          #include "mysys.h"
   6          
   7          u8 SMARTMODE = 0;
   8          u8 watl_threshold = 5;
   9          u8 temp_threshold = 20;
  10          sysData DataBuf = {DATA_HEADH, DATA_HEADL, 0, 0, 0, 0, 0, 0, 0, CMDID_UP, 0, 0, 0, 0, 0, 0, 0, DATA_END};
  11          
  12          void Send_SensorData(u8 _SensorType, u8 _SenserIndex, u8 *_pData)
  13          {
  14   1        DataBuf.dataDet.sIndex    = _SenserIndex;
  15   1        DataBuf.dataDet.sValue[0] = _pData[0];
  16   1        DataBuf.dataDet.sValue[1] = _pData[1];
  17   1        DataBuf.dataDet.sValue[2] = _pData[2];
  18   1        DataBuf.dataDet.sValue[3] = _pData[3];
  19   1        DataBuf.dataDet.sType     = _SensorType;
  20   1        
  21   1        uartSendData(DataBuf.dataArry, DATA_LENGTH);
  22   1      }
  23          
  24          void agreementParse(u8 *str)
  25          {
  26   1        if(str[0] == DATA_HEADH && str[1] == DATA_HEADL && str[17] == DATA_END)
  27   1        {
  28   2          if(str[9] == CMDID_MODE) //设置模式
  29   2          {
  30   3            SMARTMODE = str[16];
  31   3            temp_threshold = str[14];
  32   3            watl_threshold = str[15];
  33   3          }
  34   2          
  35   2          if(str[9] == CMDID_DOWN) //下发控制指令
  36   2          {
  37   3            switch (str[10]) //不同传感器
  38   3            {
  39   4              case SENSOR_WATER_PUMP://报警设备
  40   4                if(str[16])PUMP_ON();
  41   4                else PUMP_OFF();
  42   4                flag_taskFour=1;
  43   4                break;
  44   4              case SENSOR_LAMP:
  45   4                if(str[16]) LAMP_ON();
  46   4                else LAMP_OFF();
  47   4                flag_taskThree=1;
  48   4                break;
  49   4              default:
  50   4                break;
  51   4            }
  52   3          }
  53   2        }
  54   1      }
C51 COMPILER V9.56.0.0   AGREEMENT                                                         09/28/2018 16:54:18 PAGE 2   

  55          


MODULE INFORMATION:   STATIC OVERLAYABLE
   CODE SIZE        =    183    ----
   CONSTANT SIZE    =   ----    ----
   XDATA SIZE       =     21    ----
   PDATA SIZE       =   ----    ----
   DATA SIZE        =   ----    ----
   IDATA SIZE       =   ----    ----
   BIT SIZE         =   ----    ----
   EDATA SIZE       =   ----    ----
   HDATA SIZE       =   ----    ----
   XDATA CONST SIZE =   ----    ----
   FAR CONST SIZE   =   ----    ----
END OF MODULE INFORMATION.


C51 COMPILATION COMPLETE.  0 WARNING(S),  0 ERROR(S)
