C51 COMPILER V9.56.0.0   MAIN                                                              10/09/2018 12:38:48 PAGE 1   


C51 COMPILER V9.56.0.0, COMPILATION OF MODULE MAIN
OBJECT MODULE PLACED IN .\Objects\main.obj
COMPILER INVOKED BY: C:\Keil_v5\C51\BIN\C51.EXE src\main.c LARGE OMF2 OPTIMIZE(8,SPEED) BROWSE INCDIR(.\inc) DEBUG PRINT
                    -(.\Listings\main.lst) TABS(2) OBJECT(.\Objects\main.obj)

line level    source

   1          #include <reg52.h>  
   2          #include <stdio.h>
   3          #include "mysys.h"
   4          #include "io.h"
   5          #include "adc.h"
   6          #include "uart.h"
   7          #include "uart2.h"
   8          #include "tasklist.h"
   9          #include "agreement.h"
  10          #include "TFT_LCD.h"
  11          
  12          void bsp_init(void);
  13          void display_background(void);
  14          
  15          void main(void)
  16          {
  17   1        bsp_init();
  18   1        while(1)
  19   1        { 
  20   2          if(flag_taskOne)
  21   2          {
  22   3            MyTask_One(); //任务一:温度DS18B20
  23   3            flag_taskOne=0;
  24   3          }
  25   2          if(flag_taskTwo)
  26   2          {
  27   3            MyTask_Two(); //任务二:水位
  28   3            flag_taskTwo=0;
  29   3          }
  30   2          if(flag_taskThree)
  31   2          {
  32   3            MyTask_Three(); //任务三:供暖灯
  33   3            flag_taskThree=0;
  34   3          }
  35   2          if(flag_taskFour)
  36   2          {
  37   3            MyTask_Four(); //任务四:水泵
  38   3            flag_taskFour=0;
  39   3          }
  40   2          if(flag_taskFive)
  41   2          {
  42   3            MyTask_Five(); //任务五:水质
  43   3            flag_taskFive=0;
  44   3          }
  45   2          if(SMARTMODE) //自动模式
  46   2          {
  47   3            if(uartRxSta)
  48   3            {
  49   4              agreementParse(UART_RX_BUF);
  50   4              uartRxSta = 0;
  51   4              uartRxCount = 0;
  52   4            }
  53   3            if(watl_value>watl_threshold) PUMP_ON(); //水位超标
  54   3            else PUMP_OFF();
C51 COMPILER V9.56.0.0   MAIN                                                              10/09/2018 12:38:48 PAGE 2   

  55   3            
  56   3            if(tempvalue<temp_threshold) LAMP_ON(); //温度过低
  57   3            else LAMP_OFF();
  58   3          }else //手动模式
  59   2          { 
  60   3            if(uartRxSta)
  61   3            {
  62   4              //uartSendData(UART_RX_BUF, uartRxCount); //通过串口输出
  63   4              agreementParse(UART_RX_BUF);
  64   4              uartRxSta = 0;
  65   4              uartRxCount = 0;
  66   4            }
  67   3          }
  68   2        } 
  69   1      }
  70          
  71          void bsp_init(void)
  72          {
  73   1        UartInit();
  74   1        Uart2Init();
  75   1        mysysinit();
  76   1        adc_Init();
  77   1        lcd_initial();
  78   1        display_background();
  79   1      }
  80          void display_background(void)
  81          {
  82   1        dsp_single_colour(WHITE);
  83   1        Fast_DrawFont_GBK16(33,10,BLUE,WHITE, "智能鱼缸");
  84   1        Fast_DrawFont_GBK16(5,40,BLACK,WHITE, "温度:");
  85   1        Fast_DrawFont_GBK16(5,60,BLACK,WHITE, "水位:");
  86   1        Fast_DrawFont_GBK16(5,80,BLACK,WHITE, "热灯:"); 
  87   1        Fast_DrawFont_GBK16(5,100,BLACK,WHITE, "水泵:");
  88   1      }
  89          
  90          


MODULE INFORMATION:   STATIC OVERLAYABLE
   CODE SIZE        =    359    ----
   CONSTANT SIZE    =     33    ----
   XDATA SIZE       =   ----    ----
   PDATA SIZE       =   ----    ----
   DATA SIZE        =   ----    ----
   IDATA SIZE       =   ----    ----
   BIT SIZE         =   ----    ----
   EDATA SIZE       =   ----    ----
   HDATA SIZE       =   ----    ----
   XDATA CONST SIZE =   ----    ----
   FAR CONST SIZE   =   ----    ----
END OF MODULE INFORMATION.


C51 COMPILATION COMPLETE.  0 WARNING(S),  0 ERROR(S)
