C51 COMPILER V9.56.0.0   DELAY                                                             09/27/2018 10:11:53 PAGE 1   


C51 COMPILER V9.56.0.0, COMPILATION OF MODULE DELAY
OBJECT MODULE PLACED IN .\Objects\delay.obj
COMPILER INVOKED BY: C:\Keil_v5\C51\BIN\C51.EXE src\delay.c LARGE OMF2 OPTIMIZE(8,SPEED) BROWSE INCDIR(.\inc) DEBUG PRIN
                    -T(.\Listings\delay.lst) TABS(2) OBJECT(.\Objects\delay.obj)

line level    source

   1          #include "delay.h"
   2          
   3          void Delay1ms(void)   //@12.000MHz
   4          {
   5   1        unsigned char i, j;
   6   1      
   7   1        i = 12;
   8   1        j = 169;
   9   1        do
  10   1        {
  11   2          while (--j);
  12   2        } while (--i);
  13   1      }
  14          
  15          void delay_ms(u16 ms)    //u16 等价于
  16          { 
  17   1        u16 i; 
  18   1        for(i=ms;i>0;i--) 
  19   1          Delay1ms();
  20   1      }
  21          
  22          /*void delay_ms(u16 ms)    //u16 等价于
  23          { 
  24            u16 i,j,k; 
  25            for(i=ms;i>0;i--) 
  26              for(j=114;j>0;j--);
  27            
  28          }*/
  29          


MODULE INFORMATION:   STATIC OVERLAYABLE
   CODE SIZE        =     33    ----
   CONSTANT SIZE    =   ----    ----
   XDATA SIZE       =   ----    ----
   PDATA SIZE       =   ----    ----
   DATA SIZE        =   ----    ----
   IDATA SIZE       =   ----    ----
   BIT SIZE         =   ----    ----
   EDATA SIZE       =   ----    ----
   HDATA SIZE       =   ----    ----
   XDATA CONST SIZE =   ----    ----
   FAR CONST SIZE   =   ----    ----
END OF MODULE INFORMATION.


C51 COMPILATION COMPLETE.  0 WARNING(S),  0 ERROR(S)
