C51 COMPILER V9.56.0.0   MAIN                                                              10/09/2018 14:31:48 PAGE 1   


C51 COMPILER V9.56.0.0, COMPILATION OF MODULE MAIN
OBJECT MODULE PLACED IN .\Objects\main.obj
COMPILER INVOKED BY: C:\Keil_v5\C51\BIN\C51.EXE src\main.c LARGE OMF2 OPTIMIZE(8,SPEED) BROWSE INCDIR(.\inc) DEBUG PRINT
                    -(.\Listings\main.lst) TABS(2) OBJECT(.\Objects\main.obj)

line level    source

   1          #include <reg52.h>  
   2          #include <stdio.h>
   3          #include "mysys.h"
   4          #include "io.h"
   5          #include "uart.h"
   6          #include "uart2.h"
   7          #include "tasklist.h"
   8          #include "agreement.h"
   9          #include "SIM800A.h"
  10          #include "TFT_LCD.h"
  11          
  12          void bsp_init(void);
  13          void display_background(void);
  14          
  15          u8 *mynumber = "00310038003100340031003900320031003600360031"; //目标号码
  16          u8 *manmsg = "4EBA545862A58B66"; //人员报警
  17          u8 *shakemsg = "970752A862A58B66"; //震动报警
  18          
  19          void main(void)
  20          {
  21   1        bsp_init();
  22   1        while(1)
  23   1        { 
  24   2          if(flag_taskOne)
  25   2          {
  26   3            MyTask_One(); //任务一:人体检测
  27   3            flag_taskOne=0;
  28   3          }
  29   2          if(flag_taskTwo)
  30   2          {
  31   3            MyTask_Two(); //任务二:震动检测
  32   3            flag_taskTwo=0;
  33   3          }
  34   2          if(flag_taskThree)
  35   2          {
  36   3            MyTask_Three(); 
  37   3            flag_taskThree=0;
  38   3          }
  39   2          if(SMARTMODE) //自动模式
  40   2          {
  41   3            if(!IO_KEY) SMARTMODE=0;
  42   3            if(uartRxSta)
  43   3            {
  44   4              agreementParse(UART_RX_BUF);
  45   4              clearBuf();
  46   4              uartRxSta = 0;
  47   4              uartRxCount = 0;
  48   4            }
  49   3            if(IO_HUMAN) //人体检测报警
  50   3            {
  51   4              if(sendManMsgFlag)
  52   4              {
  53   5                if(sam800a_send_chmessage(mynumber, manmsg))
  54   5                {
C51 COMPILER V9.56.0.0   MAIN                                                              10/09/2018 14:31:48 PAGE 2   

  55   6                  sendManMsgFlag = 0;
  56   6                  sendManMsgTout = 200; 
  57   6                }
  58   5              }
  59   4              BEEP_ON();
  60   4            }else if(IO_SHAKE) //震动报警
  61   3            {
  62   4              if(sendShkMsgFlag)
  63   4              {
  64   5                if(sam800a_send_chmessage(mynumber, shakemsg))
  65   5                {
  66   6                  sendShkMsgFlag = 0;
  67   6                  sendShkMsgTout = 200; 
  68   6                }
  69   5              }
  70   4              BEEP_ON();
  71   4            }else{
  72   4            }
  73   3          }else //手动模式
  74   2          { 
  75   3            if(!IO_KEY) SMARTMODE=1;
  76   3            if(uartRxSta)
  77   3            {
  78   4              //uartSendData(UART_RX_BUF, uartRxCount); //通过串口输出
  79   4              agreementParse(UART_RX_BUF);
  80   4              uartRxSta = 0;
  81   4              uartRxCount = 0;
  82   4            }
  83   3          }
  84   2        } 
  85   1      }
  86          
  87          void bsp_init(void)
  88          {
  89   1        UartInit();
  90   1        Uart2Init();
  91   1        mysysinit();
  92   1        lcd_initial();
  93   1        display_background();
  94   1        while(sim800a_work_init());
  95   1      }
  96          void display_background(void)
  97          {
  98   1        dsp_single_colour(WHITE);
  99   1        Fast_DrawFont_GBK16(15,10,BLUE,WHITE, "车辆防盗系统");
 100   1        Fast_DrawFont_GBK16(5,40,BLACK,WHITE, "人体:");
 101   1        Fast_DrawFont_GBK16(5,80,BLACK,WHITE, "震动:");
 102   1      }
 103          
 104          


MODULE INFORMATION:   STATIC OVERLAYABLE
   CODE SIZE        =    376    ----
   CONSTANT SIZE    =    104    ----
   XDATA SIZE       =      9    ----
   PDATA SIZE       =   ----    ----
   DATA SIZE        =   ----    ----
   IDATA SIZE       =   ----    ----
   BIT SIZE         =   ----    ----
   EDATA SIZE       =   ----    ----
   HDATA SIZE       =   ----    ----
C51 COMPILER V9.56.0.0   MAIN                                                              10/09/2018 14:31:48 PAGE 3   

   XDATA CONST SIZE =   ----    ----
   FAR CONST SIZE   =   ----    ----
END OF MODULE INFORMATION.


C51 COMPILATION COMPLETE.  0 WARNING(S),  0 ERROR(S)
