Component: ARM Compiler 5.06 update 4 (build 422) Tool: armlink [4d35d2]

==============================================================================

Section Cross References

    main.o(.text) refers to delay.o(.text) for delay_init
    main.o(.text) refers to misc.o(.text) for NVIC_PriorityGroupConfig
    main.o(.text) refers to usart.o(.text) for uart_init
    main.o(.text) refers to usart3.o(.text) for usart3_init
    main.o(.text) refers to timer.o(.text) for TIM3_Int_Init
    main.o(.text) refers to led.o(.text) for IO_Init
    main.o(.text) refers to adc.o(.text) for Adc_Init
    main.o(.text) refers to tasklist.o(.text) for MyTask_One
    main.o(.text) refers to timer.o(.data) for flag_taskOne
    main.o(.text) refers to agreement.o(.data) for SMARTMODE
    main.o(.text) refers to dht11.o(.data) for TH
    system_stm32f10x.o(.text) refers to system_stm32f10x.o(.data) for SystemCoreClock
    tasklist.o(.text) refers to dht11.o(.text) for DHT11_receive
    tasklist.o(.text) refers to agreement.o(.text) for Send_SensorData
    tasklist.o(.text) refers to adc.o(.text) for get_water_level
    tasklist.o(.text) refers to tasklist.o(.data) for sdata
    tasklist.o(.text) refers to dht11.o(.data) for TH
    tasklist.o(.text) refers to adc.o(.data) for water_level
    agreement.o(.text) refers to usart.o(.text) for UART_SendMyData
    agreement.o(.text) refers to agreement.o(.data) for DataBuf
    agreement.o(.text) refers to timer.o(.data) for flag_taskFour
    led.o(.text) refers to stm32f10x_rcc.o(.text) for RCC_APB2PeriphClockCmd
    led.o(.text) refers to stm32f10x_gpio.o(.text) for GPIO_Init
    key.o(.text) refers to stm32f10x_rcc.o(.text) for RCC_APB2PeriphClockCmd
    key.o(.text) refers to stm32f10x_gpio.o(.text) for GPIO_Init
    key.o(.text) refers to delay.o(.text) for delay_ms
    key.o(.text) refers to key.o(.data) for key_up
    timer.o(.text) refers to stm32f10x_rcc.o(.text) for RCC_APB1PeriphClockCmd
    timer.o(.text) refers to stm32f10x_tim.o(.text) for TIM_TimeBaseInit
    timer.o(.text) refers to misc.o(.text) for NVIC_Init
    timer.o(.text) refers to timer.o(.data) for heartBeat
    timer.o(.text) refers to usart3.o(.data) for USART3_RX_STA
    usart3.o(.text) refers to stm32f10x_usart.o(.text) for USART_GetITStatus
    usart3.o(.text) refers to stm32f10x_tim.o(.text) for TIM_SetCounter
    usart3.o(.text) refers to stm32f10x_rcc.o(.text) for RCC_APB2PeriphClockCmd
    usart3.o(.text) refers to stm32f10x_gpio.o(.text) for GPIO_Init
    usart3.o(.text) refers to misc.o(.text) for NVIC_Init
    usart3.o(.text) refers to timer.o(.text) for TIM7_Int_Init
    usart3.o(.text) refers to c89vsprintf.o(.text) for __c89vsprintf
    usart3.o(.text) refers to strlen.o(.text) for strlen
    usart3.o(.text) refers to usart3.o(.data) for USART3_RX_STA
    usart3.o(.text) refers to usart3.o(.bss) for USART3_RX_BUF
    dht11.o(.text) refers to stm32f10x_rcc.o(.text) for RCC_APB2PeriphClockCmd
    dht11.o(.text) refers to stm32f10x_gpio.o(.text) for GPIO_SetBits
    dht11.o(.text) refers to delay.o(.text) for delay_us
    dht11.o(.text) refers to dht11.o(.data) for RH
    sim800a.o(.text) refers to _printf_percent.o(.ARM.Collect$$_printf_percent$$00000000) for _printf_percent
    sim800a.o(.text) refers to _printf_s.o(.ARM.Collect$$_printf_percent$$00000014) for _printf_s
    sim800a.o(.text) refers to _printf_str.o(.text) for _printf_str
    sim800a.o(.text) refers to strstr.o(.text) for strstr
    sim800a.o(.text) refers to usart3.o(.text) for u3_printf
    sim800a.o(.text) refers to delay.o(.text) for delay_ms
    sim800a.o(.text) refers to __2sprintf.o(.text) for __2sprintf
    sim800a.o(.text) refers to usart3.o(.data) for USART3_RX_STA
    sim800a.o(.text) refers to usart3.o(.bss) for USART3_RX_BUF
    sim800a.o(.text) refers to sim800a.o(.data) for SIM900_CSQ
    adc.o(.text) refers to stm32f10x_rcc.o(.text) for RCC_APB2PeriphClockCmd
    adc.o(.text) refers to stm32f10x_gpio.o(.text) for GPIO_Init
    adc.o(.text) refers to stm32f10x_adc.o(.text) for ADC_DeInit
    adc.o(.text) refers to delay.o(.text) for delay_ms
    adc.o(.text) refers to fflt_clz.o(x$fpl$ffltu) for __aeabi_ui2f
    adc.o(.text) refers to fdiv.o(x$fpl$fdiv) for __aeabi_fdiv
    adc.o(.text) refers to fmul.o(x$fpl$fmul) for __aeabi_fmul
    adc.o(.text) refers to ffixu.o(x$fpl$ffixu) for __aeabi_f2uiz
    adc.o(.text) refers to adc.o(.data) for water_level
    delay.o(.text) refers to misc.o(.text) for SysTick_CLKSourceConfig
    delay.o(.text) refers to system_stm32f10x.o(.data) for SystemCoreClock
    delay.o(.text) refers to delay.o(.data) for fac_us
    usart.o(.text) refers (Special) to use_no_semi_2.o(.text) for __use_no_semihosting
    usart.o(.text) refers to stm32f10x_rcc.o(.text) for RCC_APB2PeriphClockCmd
    usart.o(.text) refers to stm32f10x_gpio.o(.text) for GPIO_Init
    usart.o(.text) refers to misc.o(.text) for NVIC_Init
    usart.o(.text) refers to stm32f10x_usart.o(.text) for USART_Init
[...]
    .text                                    0x0800036c   Section        0  system_stm32f10x.o(.text)
    SetSysClockTo72                          0x0800036d   Thumb Code   214  system_stm32f10x.o(.text)
    SetSysClock                              0x08000443   Thumb Code     8  system_stm32f10x.o(.text)
    .text                                    0x0800054c   Section        0  tasklist.o(.text)
    .text                                    0x080005ec   Section        0  agreement.o(.text)
    .text                                    0x08000688   Section        0  led.o(.text)
    .text                                    0x080006f4   Section        0  timer.o(.text)
    .text                                    0x08000888   Section        0  usart3.o(.text)
    .text                                    0x08000a30   Section        0  dht11.o(.text)
    .text                                    0x08000bbc   Section        0  adc.o(.text)
    .text                                    0x08000cfc   Section        0  delay.o(.text)
    .text                                    0x08000dd0   Section        0  usart.o(.text)
    .text                                    0x08000f60   Section       64  startup_stm32f10x_hd.o(.text)
    .text                                    0x08000fa0   Section        0  misc.o(.text)
    .text                                    0x0800107c   Section        0  stm32f10x_gpio.o(.text)
    .text                                    0x080013d8   Section        0  stm32f10x_rcc.o(.text)
    .text                                    0x0800177c   Section        0  stm32f10x_usart.o(.text)
    .text                                    0x08001b84   Section        0  stm32f10x_tim.o(.text)
    TI4_Config                               0x0800202b   Thumb Code   130  stm32f10x_tim.o(.text)
    TI3_Config                               0x080020bf   Thumb Code   122  stm32f10x_tim.o(.text)
    TI2_Config                               0x08002153   Thumb Code   130  stm32f10x_tim.o(.text)
    TI1_Config                               0x080021e7   Thumb Code   108  stm32f10x_tim.o(.text)
    .text                                    0x080029a0   Section        0  stm32f10x_adc.o(.text)
    .text                                    0x08002dee   Section        2  use_no_semi_2.o(.text)
    .text                                    0x08002df0   Section        0  c89vsprintf.o(.text)
    .text                                    0x08002e14   Section        0  _printf_str.o(.text)
    .text                                    0x08002e68   Section        0  __printf_flags_ss_wp.o(.text)
    .text                                    0x08002ff0   Section        0  strlen.o(.text)
    .text                                    0x0800302e   Section        0  heapauxi.o(.text)
    .text                                    0x08003034   Section        2  use_no_semi.o(.text)
    .text                                    0x08003036   Section        0  _printf_pad.o(.text)
    .text                                    0x08003084   Section        0  _printf_truncate.o(.text)
    .text                                    0x080030a8   Section        0  _printf_dec.o(.text)
    .text                                    0x08003120   Section        0  _printf_charcount.o(.text)
    .text                                    0x08003148   Section        0  _printf_char_common.o(.text)
    _printf_input_char                       0x08003149   Thumb Code    10  _printf_char_common.o(.text)
    .text                                    0x08003178   Section        0  _sputc.o(.text)
    .text                                    0x08003182   Section        0  _printf_char.o(.text)
    .text                                    0x080031b0   Section        0  _printf_wctomb.o(.text)
    .text                                    0x0800326c   Section        0  _printf_longlong_dec.o(.text)
    .text                                    0x080032e8   Section        0  _printf_oct_int_ll.o(.text)
    _printf_longlong_oct_internal            0x080032e9   Thumb Code     0  _printf_oct_int_ll.o(.text)
    .text                                    0x08003358   Section        0  _printf_hex_int_ll_ptr.o(.text)
    _printf_hex_common                       0x08003359   Thumb Code     0  _printf_hex_int_ll_ptr.o(.text)
    .text                                    0x080033ec   Section      138  lludiv10.o(.text)
    .text                                    0x08003476   Section        0  _printf_intcommon.o(.text)
    .text                                    0x08003528   Section        0  _printf_fp_dec.o(.text)
    _fp_digits                               0x0800352b   Thumb Code   428  _printf_fp_dec.o(.text)
    .text                                    0x08003942   Section        0  _printf_wchar.o(.text)
    .text                                    0x0800396e   Section        0  _wcrtomb.o(.text)
    .text                                    0x080039ae   Section       74  sys_stackheap_outer.o(.text)
    .text                                    0x080039f8   Section       16  rt_ctype_table.o(.text)
    .text                                    0x08003a08   Section        8  rt_locale_intlibspace.o(.text)
    .text                                    0x08003a10   Section        0  _printf_fp_infnan.o(.text)
    .text                                    0x08003a90   Section        0  bigflt0.o(.text)
    .text                                    0x08003b6c   Section        0  exit.o(.text)
    .text                                    0x08003b80   Section        8  libspace.o(.text)
    .text                                    0x08003b88   Section      128  strcmpv7m.o(.text)
    CL$$btod_d2e                             0x08003c08   Section       62  btod.o(CL$$btod_d2e)
    CL$$btod_d2e_denorm_low                  0x08003c46   Section       70  btod.o(CL$$btod_d2e_denorm_low)
    CL$$btod_d2e_norm_op1                    0x08003c8c   Section       96  btod.o(CL$$btod_d2e_norm_op1)
    CL$$btod_div_common                      0x08003cec   Section      824  btod.o(CL$$btod_div_common)
    CL$$btod_e2e                             0x08004024   Section      198  btod.o(CL$$btod_e2e)
    CL$$btod_ediv                            0x080040ea   Section       40  btod.o(CL$$btod_ediv)
    CL$$btod_emul                            0x08004112   Section       40  btod.o(CL$$btod_emul)
    CL$$btod_mult_common                     0x0800413a   Section      580  btod.o(CL$$btod_mult_common)
    i.__ARM_fpclassify                       0x0800437e   Section        0  fpclassify.o(i.__ARM_fpclassify)
    i._is_digit                              0x080043a6   Section        0  __printf_wp.o(i._is_digit)
    locale$$code                             0x080043b4   Section       44  lc_numeric_c.o(locale$$code)
    locale$$code                             0x080043e0   Section       44  lc_ctype_c.o(locale$$code)
    x$fpl$fdiv                               0x0800440c   Section      388  fdiv.o(x$fpl$fdiv)
    _fdiv1                                   0x0800440d   Thumb Code     0  fdiv.o(x$fpl$fdiv)
    x$fpl$ffixu                              0x08004590   Section       62  ffixu.o(x$fpl$ffixu)
    x$fpl$ffltu                              0x080045d0   Section       38  fflt_clz.o(x$fpl$ffltu)
    x$fpl$fmul                               0x080045f8   Section      258  fmul.o(x$fpl$fmul)
    x$fpl$fnaninf                            0x080046fa   Section      140  fnaninf.o(x$fpl$fnaninf)
    x$fpl$fretinf                            0x08004786   Section       10  fretinf.o(x$fpl$fretinf)
    x$fpl$printf1                            0x08004790   Section        4  printf1.o(x$fpl$printf1)
    .constdata                               0x08004794   Section       17  __printf_flags_ss_wp.o(.constdata)
    x$fpl$usenofp                            0x08004794   Section        0  usenofp.o(x$fpl$usenofp)
    maptable                                 0x08004794   Data          17  __printf_flags_ss_wp.o(.constdata)
    .constdata                               0x080047a8   Section        8  _printf_wctomb.o(.constdata)
    initial_mbstate                          0x080047a8   Data           8  _printf_wctomb.o(.constdata)
    .constdata                               0x080047b0   Section       40  _printf_hex_int_ll_ptr.o(.constdata)
    uc_hextab                                0x080047b0   Data          20  _printf_hex_int_ll_ptr.o(.constdata)
    lc_hextab                                0x080047c4   Data          20  _printf_hex_int_ll_ptr.o(.constdata)
    .constdata                               0x080047d8   Section      148  bigflt0.o(.constdata)
    tenpwrs_x                                0x080047d8   Data          60  bigflt0.o(.constdata)
    tenpwrs_i                                0x08004814   Data          64  bigflt0.o(.constdata)
    locale$$data                             0x0800488c   Section       28  lc_numeric_c.o(locale$$data)
    __lcnum_c_name                           0x08004890   Data           2  lc_numeric_c.o(locale$$data)
    __lcnum_c_start                          0x08004898   Data           0  lc_numeric_c.o(locale$$data)
    __lcnum_c_point                          0x080048a4   Data           0  lc_numeric_c.o(locale$$data)
    __lcnum_c_thousands                      0x080048a6   Data           0  lc_numeric_c.o(locale$$data)
    __lcnum_c_grouping                       0x080048a7   Data           0  lc_numeric_c.o(locale$$data)
    locale$$data                             0x080048a8   Section      272  lc_ctype_c.o(locale$$data)
    __lcnum_c_end                            0x080048a8   Data           0  lc_numeric_c.o(locale$$data)
    __lcctype_c_name                         0x080048ac   Data           2  lc_ctype_c.o(locale$$data)
    __lcctype_c_start                        0x080048b4   Data           0  lc_ctype_c.o(locale$$data)
    __lcctype_c_end                          0x080049b8   Data           0  lc_ctype_c.o(locale$$data)
    .data                                    0x20000000   Section       20  system_stm32f10x.o(.data)
    .data                                    0x20000014   Section        4  tasklist.o(.data)
    .data                                    0x20000018   Section       22  agreement.o(.data)
    .data                                    0x20000030   Section        8  timer.o(.data)
    .data                                    0x20000038   Section        2  usart3.o(.data)
    .data                                    0x2000003a   Section        4  dht11.o(.data)
    .data                                    0x2000003e   Section        1  adc.o(.data)
    .data                                    0x20000040   Section        4  delay.o(.data)
    fac_us                                   0x20000040   Data           1  delay.o(.data)
    fac_ms                                   0x20000042   Data           2  delay.o(.data)
    .data                                    0x20000044   Section        6  usart.o(.data)
    .data                                    0x2000004a   Section       20  stm32f10x_rcc.o(.data)
    APBAHBPrescTable                         0x2000004a   Data          16  stm32f10x_rcc.o(.data)
    ADCPrescTable                            0x2000005a   Data           4  stm32f10x_rcc.o(.data)
    .bss                                     0x20000060   Section     1200  usart3.o(.bss)
    .bss                                     0x20000510   Section      200  usart.o(.bss)
    .bss                                     0x200005d8   Section       96  libspace.o(.bss)
    HEAP                                     0x20000638   Section      512  startup_stm32f10x_hd.o(HEAP)
    Heap_Mem                                 0x20000638   Data         512  startup_stm32f10x_hd.o(HEAP)
    STACK                                    0x20000838   Section     1024  startup_stm32f10x_hd.o(STACK)
    Stack_Mem                                0x20000838   Data        1024  startup_stm32f10x_hd.o(STACK)
    __initial_sp                             0x20000c38   Data           0  startup_stm32f10x_hd.o(STACK)
    .ARM.__AT_0x68000000                     0x68000000   Section    983040  malloc.o(.ARM.__AT_0x68000000)
    .ARM.__AT_0x680F0000                     0x680f0000   Section    61440  malloc.o(.ARM.__AT_0x680F0000)

    Global Symbols

    Symbol Name                              Value     Ov Type        Size  Object(Section)

    BuildAttributes$$THM_ISAv4$P$D$K$B$S$PE$A:L22UL41UL21$X:L11$S22US41US21$IEEE1$IW$USESV6$~STKCKD$USESV7$~SHL$OTIME$ROPI$IEEEJ$EBA8$UX$STANDARDLIB$REQ8$PRES8$EABIv2 0x00000000   Number         0  anon$$obj.o ABSOLUTE
    __ARM_use_no_argv                        0x00000000   Number         0  main.o ABSOLUTE
    _printf_flags                            0x00000000   Number         0  printf_stubs.o ABSOLUTE
    _printf_return_value                     0x00000000   Number         0  printf_stubs.o ABSOLUTE
    _printf_sizespec                         0x00000000   Number         0  printf_stubs.o ABSOLUTE
    _printf_widthprec                        0x00000000   Number         0  printf_stubs.o ABSOLUTE
    __ARM_exceptions_init                     - Undefined Weak Reference
    __alloca_initialize                       - Undefined Weak Reference
    __arm_preinit_                            - Undefined Weak Reference
    __cpp_initialize__aeabi_                  - Undefined Weak Reference
    __cxa_finalize                            - Undefined Weak Reference
    __sigvec_lookup                           - Undefined Weak Reference
    _atexit_init                              - Undefined Weak Reference
    _call_atexit_fns                          - Undefined Weak Reference
    _clock_init                               - Undefined Weak Reference
    _fp_trap_init                             - Undefined Weak Reference
    _fp_trap_shutdown                         - Undefined Weak Reference
    _get_lc_collate                           - Undefined Weak Reference
    _get_lc_monetary                          - Undefined Weak Reference
    _get_lc_time                              - Undefined Weak Reference
    _getenv_init                              - Undefined Weak Reference
    _handle_redirection                       - Undefined Weak Reference
    _init_alloc                               - Undefined Weak Reference
    _init_user_alloc                          - Undefined Weak Reference
    _initio                                   - Undefined Weak Reference
    _mutex_acquire                            - Undefined Weak Reference
    _mutex_release                            - Undefined Weak Reference
    _printf_fp_hex                            - Undefined Weak Reference
    _printf_mbtowc                            - Undefined Weak Reference
    _printf_wc                                - Undefined Weak Reference
    _rand_init                                - Undefined Weak Reference
    _signal_finish                            - Undefined Weak Reference
    _signal_init                              - Undefined Weak Reference
    _terminate_alloc                          - Undefined Weak Reference
    _terminate_user_alloc                     - Undefined Weak Reference
    _terminateio                              - Undefined Weak Reference
    __Vectors_Size                           0x00000130   Number         0  startup_stm32f10x_hd.o ABSOLUTE
    __Vectors                                0x08000000   Data           4  startup_stm32f10x_hd.o(RESET)
    __Vectors_End                            0x08000130   Data           0  startup_stm32f10x_hd.o(RESET)
    __main                                   0x08000131   Thumb Code     8  __main.o(!!!main)
    __scatterload                            0x08000139   Thumb Code     0  __scatter.o(!!!scatter)
    __scatterload_rt2                        0x08000139   Thumb Code    44  __scatter.o(!!!scatter)
    __scatterload_rt2_thumb_only             0x08000139   Thumb Code     0  __scatter.o(!!!scatter)
    __scatterload_null                       0x08000147   Thumb Code     0  __scatter.o(!!!scatter)
    __scatterload_copy                       0x0800016d   Thumb Code    26  __scatter_copy.o(!!handler_copy)
    __scatterload_zeroinit                   0x08000189   Thumb Code    28  __scatter_zi.o(!!handler_zi)
    _printf_n                                0x080001a5   Thumb Code     0  _printf_n.o(.ARM.Collect$$_printf_percent$$00000001)
    _printf_percent                          0x080001a5   Thumb Code     0  _printf_percent.o(.ARM.Collect$$_printf_percent$$00000000)
    _printf_p                                0x080001ab   Thumb Code     0  _printf_p.o(.ARM.Collect$$_printf_percent$$00000002)
    _printf_f                                0x080001b1   Thumb Code     0  _printf_f.o(.ARM.Collect$$_printf_percent$$00000003)
    _printf_e                                0x080001b7   Thumb Code     0  _printf_e.o(.ARM.Collect$$_printf_percent$$00000004)
    _printf_g                                0x080001bd   Thumb Code     0  _printf_g.o(.ARM.Collect$$_printf_percent$$00000005)
    _printf_a                                0x080001c3   Thumb Code     0  _printf_a.o(.ARM.Collect$$_printf_percent$$00000006)
    _printf_ll                               0x080001c9   Thumb Code     0  _printf_ll.o(.ARM.Collect$$_printf_percent$$00000007)
    _printf_i                                0x080001d3   Thumb Code     0  _printf_i.o(.ARM.Collect$$_printf_percent$$00000008)
    _printf_d                                0x080001d9   Thumb Code     0  _printf_d.o(.ARM.Collect$$_printf_percent$$00000009)
    _printf_u                                0x080001df   Thumb Code     0  _printf_u.o(.ARM.Collect$$_printf_percent$$0000000A)
    _printf_o                                0x080001e5   Thumb Code     0  _printf_o.o(.ARM.Collect$$_printf_percent$$0000000B)
    _printf_x                                0x080001eb   Thumb Code     0  _printf_x.o(.ARM.Collect$$_printf_percent$$0000000C)
    _printf_lli                              0x080001f1   Thumb Code     0  _printf_lli.o(.ARM.Collect$$_printf_percent$$0000000D)
    _printf_lld                              0x080001f7   Thumb Code     0  _printf_lld.o(.ARM.Collect$$_printf_percent$$0000000E)
    _printf_llu                              0x080001fd   Thumb Code     0  _printf_llu.o(.ARM.Collect$$_printf_percent$$0000000F)
    _printf_llo                              0x08000203   Thumb Code     0  _printf_llo.o(.ARM.Collect$$_printf_percent$$00000010)
    _printf_llx                              0x08000209   Thumb Code     0  _printf_llx.o(.ARM.Collect$$_printf_percent$$00000011)
    _printf_l                                0x0800020f   Thumb Code     0  _printf_l.o(.ARM.Collect$$_printf_percent$$00000012)
    _printf_c                                0x08000219   Thumb Code     0  _printf_c.o(.ARM.Collect$$_printf_percent$$00000013)
    _printf_s                                0x0800021f   Thumb Code     0  _printf_s.o(.ARM.Collect$$_printf_percent$$00000014)
    _printf_lc                               0x08000225   Thumb Code     0  _printf_lc.o(.ARM.Collect$$_printf_percent$$00000015)
    _printf_ls                               0x0800022b   Thumb Code     0  _printf_ls.o(.ARM.Collect$$_printf_percent$$00000016)
    _printf_percent_end                      0x08000231   Thumb Code     0  _printf_percent_end.o(.ARM.Collect$$_printf_percent$$00000017)
    __rt_lib_init                            0x08000235   Thumb Code     0  libinit.o(.ARM.Collect$$libinit$$00000000)
    __rt_lib_init_fp_1                       0x08000237   Thumb Code     0  libinit2.o(.ARM.Collect$$libinit$$00000002)
    __rt_lib_init_heap_1                     0x08000237   Thumb Code     0  libinit2.o(.ARM.Collect$$libinit$$0000000A)
    __rt_lib_init_lc_common                  0x08000237   Thumb Code     0  libinit2.o(.ARM.Collect$$libinit$$0000000F)
    __rt_lib_init_preinit_1                  0x08000237   Thumb Code     0  libinit2.o(.ARM.Collect$$libinit$$00000004)
    __rt_lib_init_rand_1                     0x08000237   Thumb Code     0  libinit2.o(.ARM.Collect$$libinit$$0000000E)
    __rt_lib_init_user_alloc_1               0x08000237   Thumb Code     0  libinit2.o(.ARM.Collect$$libinit$$0000000C)
    __rt_lib_init_lc_collate_1               0x0800023d   Thumb Code     0  libinit2.o(.ARM.Collect$$libinit$$00000011)
    __rt_lib_init_lc_ctype_2                 0x0800023d   Thumb Code     0  libinit2.o(.ARM.Collect$$libinit$$00000012)
    __rt_lib_init_lc_ctype_1                 0x08000249   Thumb Code     0  libinit2.o(.ARM.Collect$$libinit$$00000013)
    __rt_lib_init_lc_monetary_1              0x08000249   Thumb Code     0  libinit2.o(.ARM.Collect$$libinit$$00000015)
    __rt_lib_init_lc_numeric_2               0x08000249   Thumb Code     0  libinit2.o(.ARM.Collect$$libinit$$00000016)
    __rt_lib_init_alloca_1                   0x08000253   Thumb Code     0  libinit2.o(.ARM.Collect$$libinit$$0000002E)
    __rt_lib_init_argv_1                     0x08000253   Thumb Code     0  libinit2.o(.ARM.Collect$$libinit$$0000002C)
    __rt_lib_init_atexit_1                   0x08000253   Thumb Code     0  libinit2.o(.ARM.Collect$$libinit$$0000001B)
    __rt_lib_init_clock_1                    0x08000253   Thumb Code     0  libinit2.o(.ARM.Collect$$libinit$$00000021)
    __rt_lib_init_cpp_1                      0x08000253   Thumb Code     0  libinit2.o(.ARM.Collect$$libinit$$00000032)
    __rt_lib_init_exceptions_1               0x08000253   Thumb Code     0  libinit2.o(.ARM.Collect$$libinit$$00000030)
    __rt_lib_init_fp_trap_1                  0x08000253   Thumb Code     0  libinit2.o(.ARM.Collect$$libinit$$0000001F)
    __rt_lib_init_getenv_1                   0x08000253   Thumb Code     0  libinit2.o(.ARM.Collect$$libinit$$00000023)
    __rt_lib_init_lc_numeric_1               0x08000253   Thumb Code     0  libinit2.o(.ARM.Collect$$libinit$$00000017)
    __rt_lib_init_lc_time_1                  0x08000253   Thumb Code     0  libinit2.o(.ARM.Collect$$libinit$$00000019)
    __rt_lib_init_return                     0x08000253   Thumb Code     0  libinit2.o(.ARM.Collect$$libinit$$00000033)
    __rt_lib_init_signal_1                   0x08000253   Thumb Code     0  libinit2.o(.ARM.Collect$$libinit$$0000001D)
    __rt_lib_init_stdio_1                    0x08000253   Thumb Code     0  libinit2.o(.ARM.Collect$$libinit$$00000025)
    __rt_lib_shutdown                        0x08000255   Thumb Code     0  libshutdown.o(.ARM.Collect$$libshutdown$$00000000)
    __rt_lib_shutdown_cpp_1                  0x08000257   Thumb Code     0  libshutdown2.o(.ARM.Collect$$libshutdown$$00000002)
    __rt_lib_shutdown_fp_trap_1              0x08000257   Thumb Code     0  libshutdown2.o(.ARM.Collect$$libshutdown$$00000007)
    __rt_lib_shutdown_heap_1                 0x08000257   Thumb Code     0  libshutdown2.o(.ARM.Collect$$libshutdown$$0000000F)
    __rt_lib_shutdown_return                 0x08000257   Thumb Code     0  libshutdown2.o(.ARM.Collect$$libshutdown$$00000010)
    __rt_lib_shutdown_signal_1               0x08000257   Thumb Code     0  libshutdown2.o(.ARM.Collect$$libshutdown$$0000000A)
    __rt_lib_shutdown_stdio_1                0x08000257   Thumb Code     0  libshutdown2.o(.ARM.Collect$$libshutdown$$00000004)
    __rt_lib_shutdown_user_alloc_1           0x08000257   Thumb Code     0  libshutdown2.o(.ARM.Collect$$libshutdown$$0000000C)
    __rt_entry                               0x08000259   Thumb Code     0  __rtentry.o(.ARM.Collect$$rtentry$$00000000)
    __rt_entry_presh_1                       0x08000259   Thumb Code     0  __rtentry2.o(.ARM.Collect$$rtentry$$00000002)
    __rt_entry_sh                            0x08000259   Thumb Code     0  __rtentry4.o(.ARM.Collect$$rtentry$$00000004)
    __rt_entry_li                            0x0800025f   Thumb Code     0  __rtentry2.o(.ARM.Collect$$rtentry$$0000000A)
    __rt_entry_postsh_1                      0x0800025f   Thumb Code     0  __rtentry2.o(.ARM.Collect$$rtentry$$00000009)
    __rt_entry_main                          0x08000263   Thumb Code     0  __rtentry2.o(.ARM.Collect$$rtentry$$0000000D)
    __rt_entry_postli_1                      0x08000263   Thumb Code     0  __rtentry2.o(.ARM.Collect$$rtentry$$0000000C)
    __rt_exit                                0x0800026b   Thumb Code     0  rtexit.o(.ARM.Collect$$rtexit$$00000000)
    __rt_exit_ls                             0x0800026d   Thumb Code     0  rtexit2.o(.ARM.Collect$$rtexit$$00000003)
    __rt_exit_prels_1                        0x0800026d   Thumb Code     0  rtexit2.o(.ARM.Collect$$rtexit$$00000002)
    __rt_exit_exit                           0x08000271   Thumb Code     0  rtexit2.o(.ARM.Collect$$rtexit$$00000004)
    bsp_init                                 0x08000279   Thumb Code    50  main.o(.text)
    main                                     0x080002ab   Thumb Code   126  main.o(.text)
    NMI_Handler                              0x08000351   Thumb Code     2  stm32f10x_it.o(.text)
    HardFault_Handler                        0x08000353   Thumb Code     4  stm32f10x_it.o(.text)
    MemManage_Handler                        0x08000357   Thumb Code     4  stm32f10x_it.o(.text)
    BusFault_Handler                         0x0800035b   Thumb Code     4  stm32f10x_it.o(.text)
    UsageFault_Handler                       0x0800035f   Thumb Code     4  stm32f10x_it.o(.text)
    SVC_Handler                              0x08000363   Thumb Code     2  stm32f10x_it.o(.text)
    DebugMon_Handler                         0x08000365   Thumb Code     2  stm32f10x_it.o(.text)
    PendSV_Handler                           0x08000367   Thumb Code     2  stm32f10x_it.o(.text)
    SysTick_Handler                          0x08000369   Thumb Code     2  stm32f10x_it.o(.text)
    SystemInit                               0x0800044b   Thumb Code    78  system_stm32f10x.o(.text)
    SystemCoreClockUpdate                    0x08000499   Thumb Code   142  system_stm32f10x.o(.text)
    MyTask_One                               0x0800054d   Thumb Code    44  tasklist.o(.text)
    MyTask_Two                               0x08000579   Thumb Code    34  tasklist.o(.text)
    MyTask_Three                             0x0800059b   Thumb Code    30  tasklist.o(.text)
    MyTask_Four                              0x080005b9   Thumb Code    32  tasklist.o(.text)
    Send_SensorData                          0x080005ed   Thumb Code    42  agreement.o(.text)
    agreementParse                           0x08000617   Thumb Code    88  agreement.o(.text)
    IO_Init                                  0x08000689   Thumb Code    94  led.o(.text)
    TIM3_Int_Init                            0x080006f5   Thumb Code    90  timer.o(.text)
    TIM7_Int_Init                            0x0800074f   Thumb Code    90  timer.o(.text)
    TIM3_IRQHandler                          0x080007a9   Thumb Code   150  timer.o(.text)
    TIM7_IRQHandler                          0x0800083f   Thumb Code    42  timer.o(.text)
    USART3_IRQHandler                        0x08000889   Thumb Code    94  usart3.o(.text)
    usart3_init                              0x080008e7   Thumb Code   192  usart3.o(.text)
    u3_printf                                0x080009a7   Thumb Code    72  usart3.o(.text)
    usart3_send_data                         0x080009ef   Thumb Code    42  usart3.o(.text)
    DHT11_DATA_INIT                          0x08000a31   Thumb Code    58  dht11.o(.text)
    DHT11_start                              0x08000a6b   Thumb Code    48  dht11.o(.text)
    DHT11_rec_byte                           0x08000a9b   Thumb Code    68  dht11.o(.text)
    DHT11_receive                            0x08000adf   Thumb Code   192  dht11.o(.text)
    Adc_Init                                 0x08000bbd   Thumb Code   152  adc.o(.text)
    Get_Adc                                  0x08000c55   Thumb Code    46  adc.o(.text)
    Get_Adc_Average                          0x08000c83   Thumb Code    46  adc.o(.text)
    get_water_level                          0x08000cb1   Thumb Code    54  adc.o(.text)
    delay_init                               0x08000cfd   Thumb Code    50  delay.o(.text)
    delay_us                                 0x08000d2f   Thumb Code    72  delay.o(.text)
    delay_ms                                 0x08000d77   Thumb Code    72  delay.o(.text)
    _sys_exit                                0x08000dd1   Thumb Code     6  usart.o(.text)
    fputc                                    0x08000dd7   Thumb Code    24  usart.o(.text)
    uart_init                                0x08000def   Thumb Code   152  usart.o(.text)
    USART1_IRQHandler                        0x08000e87   Thumb Code   122  usart.o(.text)
    UART_SendMyData                          0x08000f01   Thumb Code    42  usart.o(.text)
    receive_usart1_msg                       0x08000f2b   Thumb Code    36  usart.o(.text)
    Reset_Handler                            0x08000f61   Thumb Code     8  startup_stm32f10x_hd.o(.text)
    ADC1_2_IRQHandler                        0x08000f7b   Thumb Code     0  startup_stm32f10x_hd.o(.text)
    ADC3_IRQHandler                          0x08000f7b   Thumb Code     0  startup_stm32f10x_hd.o(.text)
    CAN1_RX1_IRQHandler                      0x08000f7b   Thumb Code     0  startup_stm32f10x_hd.o(.text)
    CAN1_SCE_IRQHandler                      0x08000f7b   Thumb Code     0  startup_stm32f10x_hd.o(.text)
    DMA1_Channel1_IRQHandler                 0x08000f7b   Thumb Code     0  startup_stm32f10x_hd.o(.text)
    DMA1_Channel2_IRQHandler                 0x08000f7b   Thumb Code     0  startup_stm32f10x_hd.o(.text)
    DMA1_Channel3_IRQHandler                 0x08000f7b   Thumb Code     0  startup_stm32f10x_hd.o(.text)
    DMA1_Channel4_IRQHandler                 0x08000f7b   Thumb Code     0  startup_stm32f10x_hd.o(.text)
    DMA1_Channel5_IRQHandler                 0x08000f7b   Thumb Code     0  startup_stm32f10x_hd.o(.text)
    DMA1_Channel6_IRQHandler                 0x08000f7b   Thumb Code     0  startup_stm32f10x_hd.o(.text)
    DMA1_Channel7_IRQHandler                 0x08000f7b   Thumb Code     0  startup_stm32f10x_hd.o(.text)
    DMA2_Channel1_IRQHandler                 0x08000f7b   Thumb Code     0  startup_stm32f10x_hd.o(.text)
    DMA2_Channel2_IRQHandler                 0x08000f7b   Thumb Code     0  startup_stm32f10x_hd.o(.text)
    DMA2_Channel3_IRQHandler                 0x08000f7b   Thumb Code     0  startup_stm32f10x_hd.o(.text)
    DMA2_Channel4_5_IRQHandler               0x08000f7b   Thumb Code     0  startup_stm32f10x_hd.o(.text)
    EXTI0_IRQHandler                         0x08000f7b   Thumb Code     0  startup_stm32f10x_hd.o(.text)
    EXTI15_10_IRQHandler                     0x08000f7b   Thumb Code     0  startup_stm32f10x_hd.o(.text)
    EXTI1_IRQHandler                         0x08000f7b   Thumb Code     0  startup_stm32f10x_hd.o(.text)
    EXTI2_IRQHandler                         0x08000f7b   Thumb Code     0  startup_stm32f10x_hd.o(.text)
    EXTI3_IRQHandler                         0x08000f7b   Thumb Code     0  startup_stm32f10x_hd.o(.text)
    EXTI4_IRQHandler                         0x08000f7b   Thumb Code     0  startup_stm32f10x_hd.o(.text)
    EXTI9_5_IRQHandler                       0x08000f7b   Thumb Code     0  startup_stm32f10x_hd.o(.text)
    FLASH_IRQHandler                         0x08000f7b   Thumb Code     0  startup_stm32f10x_hd.o(.text)
    FSMC_IRQHandler                          0x08000f7b   Thumb Code     0  startup_stm32f10x_hd.o(.text)
    I2C1_ER_IRQHandler                       0x08000f7b   Thumb Code     0  startup_stm32f10x_hd.o(.text)
    I2C1_EV_IRQHandler                       0x08000f7b   Thumb Code     0  startup_stm32f10x_hd.o(.text)
    I2C2_ER_IRQHandler                       0x08000f7b   Thumb Code     0  startup_stm32f10x_hd.o(.text)
    I2C2_EV_IRQHandler                       0x08000f7b   Thumb Code     0  startup_stm32f10x_hd.o(.text)
    PVD_IRQHandler                           0x08000f7b   Thumb Code     0  startup_stm32f10x_hd.o(.text)
    RCC_IRQHandler                           0x08000f7b   Thumb Code     0  startup_stm32f10x_hd.o(.text)
    RTCAlarm_IRQHandler                      0x08000f7b   Thumb Code     0  startup_stm32f10x_hd.o(.text)
    RTC_IRQHandler                           0x08000f7b   Thumb Code     0  startup_stm32f10x_hd.o(.text)
    SDIO_IRQHandler                          0x08000f7b   Thumb Code     0  startup_stm32f10x_hd.o(.text)
    SPI1_IRQHandler                          0x08000f7b   Thumb Code     0  startup_stm32f10x_hd.o(.text)
    SPI2_IRQHandler                          0x08000f7b   Thumb Code     0  startup_stm32f10x_hd.o(.text)
    SPI3_IRQHandler                          0x08000f7b   Thumb Code     0  startup_stm32f10x_hd.o(.text)
    TAMPER_IRQHandler                        0x08000f7b   Thumb Code     0  startup_stm32f10x_hd.o(.text)
    TIM1_BRK_IRQHandler                      0x08000f7b   Thumb Code     0  startup_stm32f10x_hd.o(.text)
    TIM1_CC_IRQHandler                       0x08000f7b   Thumb Code     0  startup_stm32f10x_hd.o(.text)
    TIM1_TRG_COM_IRQHandler                  0x08000f7b   Thumb Code     0  startup_stm32f10x_hd.o(.text)
    TIM1_UP_IRQHandler                       0x08000f7b   Thumb Code     0  startup_stm32f10x_hd.o(.text)
    TIM2_IRQHandler                          0x08000f7b   Thumb Code     0  startup_stm32f10x_hd.o(.text)
    TIM4_IRQHandler                          0x08000f7b   Thumb Code     0  startup_stm32f10x_hd.o(.text)
    TIM5_IRQHandler                          0x08000f7b   Thumb Code     0  startup_stm32f10x_hd.o(.text)
    TIM6_IRQHandler                          0x08000f7b   Thumb Code     0  startup_stm32f10x_hd.o(.text)
    TIM8_BRK_IRQHandler                      0x08000f7b   Thumb Code     0  startup_stm32f10x_hd.o(.text)
    TIM8_CC_IRQHandler                       0x08000f7b   Thumb Code     0  startup_stm32f10x_hd.o(.text)
    TIM8_TRG_COM_IRQHandler                  0x08000f7b   Thumb Code     0  startup_stm32f10x_hd.o(.text)
    TIM8_UP_IRQHandler                       0x08000f7b   Thumb Code     0  startup_stm32f10x_hd.o(.text)
    UART4_IRQHandler                         0x08000f7b   Thumb Code     0  startup_stm32f10x_hd.o(.text)
    UART5_IRQHandler                         0x08000f7b   Thumb Code     0  startup_stm32f10x_hd.o(.text)
    USART2_IRQHandler                        0x08000f7b   Thumb Code     0  startup_stm32f10x_hd.o(.text)
    USBWakeUp_IRQHandler                     0x08000f7b   Thumb Code     0  startup_stm32f10x_hd.o(.text)
    USB_HP_CAN1_TX_IRQHandler                0x08000f7b   Thumb Code     0  startup_stm32f10x_hd.o(.text)
    USB_LP_CAN1_RX0_IRQHandler               0x08000f7b   Thumb Code     0  startup_stm32f10x_hd.o(.text)
    WWDG_IRQHandler                          0x08000f7b   Thumb Code     0  startup_stm32f10x_hd.o(.text)
    __user_initial_stackheap                 0x08000f7d   Thumb Code     0  startup_stm32f10x_hd.o(.text)
    NVIC_PriorityGroupConfig                 0x08000fa1   Thumb Code    10  misc.o(.text)
    NVIC_Init                                0x08000fab   Thumb Code   100  misc.o(.text)
    NVIC_SetVectorTable                      0x0800100f   Thumb Code    14  misc.o(.text)
    NVIC_SystemLPConfig                      0x0800101d   Thumb Code    34  misc.o(.text)
    SysTick_CLKSourceConfig                  0x0800103f   Thumb Code    40  misc.o(.text)
    GPIO_DeInit                              0x0800107d   Thumb Code   172  stm32f10x_gpio.o(.text)
    GPIO_AFIODeInit                          0x08001129   Thumb Code    20  stm32f10x_gpio.o(.text)
    GPIO_Init                                0x0800113d   Thumb Code   278  stm32f10x_gpio.o(.text)
    GPIO_StructInit                          0x08001253   Thumb Code    16  stm32f10x_gpio.o(.text)
    GPIO_ReadInputDataBit                    0x08001263   Thumb Code    18  stm32f10x_gpio.o(.text)
    GPIO_ReadInputData                       0x08001275   Thumb Code     8  stm32f10x_gpio.o(.text)
    GPIO_ReadOutputDataBit                   0x0800127d   Thumb Code    18  stm32f10x_gpio.o(.text)
    GPIO_ReadOutputData                      0x0800128f   Thumb Code     8  stm32f10x_gpio.o(.text)
    GPIO_SetBits                             0x08001297   Thumb Code     4  stm32f10x_gpio.o(.text)
    GPIO_ResetBits                           0x0800129b   Thumb Code     4  stm32f10x_gpio.o(.text)
    GPIO_WriteBit                            0x0800129f   Thumb Code    10  stm32f10x_gpio.o(.text)
    GPIO_Write                               0x080012a9   Thumb Code     4  stm32f10x_gpio.o(.text)
    GPIO_PinLockConfig                       0x080012ad   Thumb Code    18  stm32f10x_gpio.o(.text)
    GPIO_EventOutputConfig                   0x080012bf   Thumb Code    26  stm32f10x_gpio.o(.text)
    GPIO_EventOutputCmd                      0x080012d9   Thumb Code     6  stm32f10x_gpio.o(.text)
    GPIO_PinRemapConfig                      0x080012df   Thumb Code   138  stm32f10x_gpio.o(.text)
    GPIO_EXTILineConfig                      0x08001369   Thumb Code    66  stm32f10x_gpio.o(.text)
    GPIO_ETH_MediaInterfaceConfig            0x080013ab   Thumb Code     8  stm32f10x_gpio.o(.text)
    RCC_DeInit                               0x080013d9   Thumb Code    64  stm32f10x_rcc.o(.text)
    RCC_HSEConfig                            0x08001419   Thumb Code    70  stm32f10x_rcc.o(.text)
    RCC_GetFlagStatus                        0x0800145f   Thumb Code    56  stm32f10x_rcc.o(.text)
    RCC_WaitForHSEStartUp                    0x08001497   Thumb Code    56  stm32f10x_rcc.o(.text)
    RCC_AdjustHSICalibrationValue            0x080014cf   Thumb Code    20  stm32f10x_rcc.o(.text)
    RCC_HSICmd                               0x080014e3   Thumb Code     6  stm32f10x_rcc.o(.text)
    RCC_PLLConfig                            0x080014e9   Thumb Code    24  stm32f10x_rcc.o(.text)
    RCC_PLLCmd                               0x08001501   Thumb Code     6  stm32f10x_rcc.o(.text)
    RCC_SYSCLKConfig                         0x08001507   Thumb Code    18  stm32f10x_rcc.o(.text)
    RCC_GetSYSCLKSource                      0x08001519   Thumb Code    10  stm32f10x_rcc.o(.text)
    RCC_HCLKConfig                           0x08001523   Thumb Code    18  stm32f10x_rcc.o(.text)
    RCC_PCLK1Config                          0x08001535   Thumb Code    18  stm32f10x_rcc.o(.text)
    RCC_PCLK2Config                          0x08001547   Thumb Code    20  stm32f10x_rcc.o(.text)
    RCC_ITConfig                             0x0800155b   Thumb Code    26  stm32f10x_rcc.o(.text)
    RCC_USBCLKConfig                         0x08001575   Thumb Code     8  stm32f10x_rcc.o(.text)
    RCC_ADCCLKConfig                         0x0800157d   Thumb Code    18  stm32f10x_rcc.o(.text)
    RCC_LSEConfig                            0x0800158f   Thumb Code    50  stm32f10x_rcc.o(.text)
    RCC_LSICmd                               0x080015c1   Thumb Code     6  stm32f10x_rcc.o(.text)
    RCC_RTCCLKConfig                         0x080015c7   Thumb Code    12  stm32f10x_rcc.o(.text)
    RCC_RTCCLKCmd                            0x080015d3   Thumb Code     8  stm32f10x_rcc.o(.text)
    RCC_GetClocksFreq                        0x080015db   Thumb Code   192  stm32f10x_rcc.o(.text)
    RCC_AHBPeriphClockCmd                    0x0800169b   Thumb Code    26  stm32f10x_rcc.o(.text)
    RCC_APB2PeriphClockCmd                   0x080016b5   Thumb Code    26  stm32f10x_rcc.o(.text)
    RCC_APB1PeriphClockCmd                   0x080016cf   Thumb Code    26  stm32f10x_rcc.o(.text)
    RCC_APB2PeriphResetCmd                   0x080016e9   Thumb Code    26  stm32f10x_rcc.o(.text)
    RCC_APB1PeriphResetCmd                   0x08001703   Thumb Code    26  stm32f10x_rcc.o(.text)
    RCC_BackupResetCmd                       0x0800171d   Thumb Code     8  stm32f10x_rcc.o(.text)
    RCC_ClockSecuritySystemCmd               0x08001725   Thumb Code     6  stm32f10x_rcc.o(.text)
    RCC_MCOConfig                            0x0800172b   Thumb Code     6  stm32f10x_rcc.o(.text)
    RCC_ClearFlag                            0x08001731   Thumb Code    14  stm32f10x_rcc.o(.text)
    RCC_GetITStatus                          0x0800173f   Thumb Code    20  stm32f10x_rcc.o(.text)
    RCC_ClearITPendingBit                    0x08001753   Thumb Code     6  stm32f10x_rcc.o(.text)
    USART_DeInit                             0x0800177d   Thumb Code   134  stm32f10x_usart.o(.text)
    USART_Init                               0x08001803   Thumb Code   210  stm32f10x_usart.o(.text)
    USART_StructInit                         0x080018d5   Thumb Code    24  stm32f10x_usart.o(.text)
    USART_ClockInit                          0x080018ed   Thumb Code    34  stm32f10x_usart.o(.text)
    USART_ClockStructInit                    0x0800190f   Thumb Code    12  stm32f10x_usart.o(.text)
    USART_Cmd                                0x0800191b   Thumb Code    24  stm32f10x_usart.o(.text)
    USART_ITConfig                           0x08001933   Thumb Code    74  stm32f10x_usart.o(.text)
    USART_DMACmd                             0x0800197d   Thumb Code    18  stm32f10x_usart.o(.text)
    USART_SetAddress                         0x0800198f   Thumb Code    18  stm32f10x_usart.o(.text)
    USART_WakeUpConfig                       0x080019a1   Thumb Code    18  stm32f10x_usart.o(.text)
    USART_ReceiverWakeUpCmd                  0x080019b3   Thumb Code    24  stm32f10x_usart.o(.text)
    USART_LINBreakDetectLengthConfig         0x080019cb   Thumb Code    18  stm32f10x_usart.o(.text)
    USART_LINCmd                             0x080019dd   Thumb Code    24  stm32f10x_usart.o(.text)
    USART_SendData                           0x080019f5   Thumb Code     8  stm32f10x_usart.o(.text)
    USART_ReceiveData                        0x080019fd   Thumb Code    10  stm32f10x_usart.o(.text)
    USART_SendBreak                          0x08001a07   Thumb Code    10  stm32f10x_usart.o(.text)
    USART_SetGuardTime                       0x08001a11   Thumb Code    16  stm32f10x_usart.o(.text)
    USART_SetPrescaler                       0x08001a21   Thumb Code    16  stm32f10x_usart.o(.text)
    USART_SmartCardCmd                       0x08001a31   Thumb Code    24  stm32f10x_usart.o(.text)
    USART_SmartCardNACKCmd                   0x08001a49   Thumb Code    24  stm32f10x_usart.o(.text)
    USART_HalfDuplexCmd                      0x08001a61   Thumb Code    24  stm32f10x_usart.o(.text)
    USART_OverSampling8Cmd                   0x08001a79   Thumb Code    22  stm32f10x_usart.o(.text)
    USART_OneBitMethodCmd                    0x08001a8f   Thumb Code    24  stm32f10x_usart.o(.text)
    USART_IrDAConfig                         0x08001aa7   Thumb Code    18  stm32f10x_usart.o(.text)
    USART_IrDACmd                            0x08001ab9   Thumb Code    24  stm32f10x_usart.o(.text)
    USART_GetFlagStatus                      0x08001ad1   Thumb Code    26  stm32f10x_usart.o(.text)
    USART_ClearFlag                          0x08001aeb   Thumb Code    18  stm32f10x_usart.o(.text)
    USART_GetITStatus                        0x08001afd   Thumb Code    84  stm32f10x_usart.o(.text)
    USART_ClearITPendingBit                  0x08001b51   Thumb Code    52  stm32f10x_usart.o(.text)
    TIM_DeInit                               0x08001b85   Thumb Code   424  stm32f10x_tim.o(.text)
    TIM_TimeBaseInit                         0x08001d2d   Thumb Code   122  stm32f10x_tim.o(.text)
    TIM_OC1Init                              0x08001da7   Thumb Code   132  stm32f10x_tim.o(.text)
    TIM_OC2Init                              0x08001e2b   Thumb Code   154  stm32f10x_tim.o(.text)
    TIM_OC3Init                              0x08001ec5   Thumb Code   150  stm32f10x_tim.o(.text)
    TIM_OC4Init                              0x08001f5b   Thumb Code   182  stm32f10x_tim.o(.text)
    TIM_SetIC4Prescaler                      0x08002011   Thumb Code    26  stm32f10x_tim.o(.text)
    TIM_SetIC3Prescaler                      0x080020ad   Thumb Code    18  stm32f10x_tim.o(.text)
    TIM_SetIC2Prescaler                      0x08002139   Thumb Code    26  stm32f10x_tim.o(.text)
    TIM_SetIC1Prescaler                      0x080021d5   Thumb Code    18  stm32f10x_tim.o(.text)
    TIM_ICInit                               0x08002253   Thumb Code   150  stm32f10x_tim.o(.text)
    TIM_PWMIConfig                           0x080022e9   Thumb Code   124  stm32f10x_tim.o(.text)
    TIM_BDTRConfig                           0x08002365   Thumb Code    32  stm32f10x_tim.o(.text)
    TIM_TimeBaseStructInit                   0x08002385   Thumb Code    18  stm32f10x_tim.o(.text)
    TIM_OCStructInit                         0x08002397   Thumb Code    20  stm32f10x_tim.o(.text)
    TIM_ICStructInit                         0x080023ab   Thumb Code    18  stm32f10x_tim.o(.text)
    TIM_BDTRStructInit                       0x080023bd   Thumb Code    40  stm32f10x_tim.o(.text)
    TIM_Cmd                                  0x080023e5   Thumb Code    24  stm32f10x_tim.o(.text)
    TIM_CtrlPWMOutputs                       0x080023fd   Thumb Code    30  stm32f10x_tim.o(.text)
    TIM_ITConfig                             0x0800241b   Thumb Code    18  stm32f10x_tim.o(.text)
    TIM_GenerateEvent                        0x0800242d   Thumb Code     4  stm32f10x_tim.o(.text)
    TIM_DMAConfig                            0x08002431   Thumb Code    10  stm32f10x_tim.o(.text)
    TIM_DMACmd                               0x0800243b   Thumb Code    18  stm32f10x_tim.o(.text)
    TIM_InternalClockConfig                  0x0800244d   Thumb Code    12  stm32f10x_tim.o(.text)
    TIM_SelectInputTrigger                   0x08002459   Thumb Code    18  stm32f10x_tim.o(.text)
    TIM_ITRxExternalClockConfig              0x0800246b   Thumb Code    24  stm32f10x_tim.o(.text)
    TIM_TIxExternalClockConfig               0x08002483   Thumb Code    62  stm32f10x_tim.o(.text)
    TIM_ETRConfig                            0x080024c1   Thumb Code    28  stm32f10x_tim.o(.text)
    TIM_ETRClockMode1Config                  0x080024dd   Thumb Code    54  stm32f10x_tim.o(.text)
    TIM_ETRClockMode2Config                  0x08002513   Thumb Code    32  stm32f10x_tim.o(.text)
    TIM_PrescalerConfig                      0x08002533   Thumb Code     6  stm32f10x_tim.o(.text)
    TIM_CounterModeConfig                    0x08002539   Thumb Code    18  stm32f10x_tim.o(.text)
    TIM_EncoderInterfaceConfig               0x0800254b   Thumb Code    66  stm32f10x_tim.o(.text)
    TIM_ForcedOC1Config                      0x0800258d   Thumb Code    18  stm32f10x_tim.o(.text)
    TIM_ForcedOC2Config                      0x0800259f   Thumb Code    26  stm32f10x_tim.o(.text)
    TIM_ForcedOC3Config                      0x080025b9   Thumb Code    18  stm32f10x_tim.o(.text)
    TIM_ForcedOC4Config                      0x080025cb   Thumb Code    26  stm32f10x_tim.o(.text)
    TIM_ARRPreloadConfig                     0x080025e5   Thumb Code    24  stm32f10x_tim.o(.text)
    TIM_SelectCOM                            0x080025fd   Thumb Code    24  stm32f10x_tim.o(.text)
    TIM_SelectCCDMA                          0x08002615   Thumb Code    24  stm32f10x_tim.o(.text)
    TIM_CCPreloadControl                     0x0800262d   Thumb Code    24  stm32f10x_tim.o(.text)
    TIM_OC1PreloadConfig                     0x08002645   Thumb Code    18  stm32f10x_tim.o(.text)
    TIM_OC2PreloadConfig                     0x08002657   Thumb Code    26  stm32f10x_tim.o(.text)
    TIM_OC3PreloadConfig                     0x08002671   Thumb Code    18  stm32f10x_tim.o(.text)
    TIM_OC4PreloadConfig                     0x08002683   Thumb Code    26  stm32f10x_tim.o(.text)
    TIM_OC1FastConfig                        0x0800269d   Thumb Code    18  stm32f10x_tim.o(.text)
    TIM_OC2FastConfig                        0x080026af   Thumb Code    26  stm32f10x_tim.o(.text)
    TIM_OC3FastConfig                        0x080026c9   Thumb Code    18  stm32f10x_tim.o(.text)
    TIM_OC4FastConfig                        0x080026db   Thumb Code    26  stm32f10x_tim.o(.text)
    TIM_ClearOC1Ref                          0x080026f5   Thumb Code    18  stm32f10x_tim.o(.text)
    TIM_ClearOC2Ref                          0x08002707   Thumb Code    24  stm32f10x_tim.o(.text)
    TIM_ClearOC3Ref                          0x0800271f   Thumb Code    18  stm32f10x_tim.o(.text)
    TIM_ClearOC4Ref                          0x08002731   Thumb Code    24  stm32f10x_tim.o(.text)
    TIM_OC1PolarityConfig                    0x08002749   Thumb Code    18  stm32f10x_tim.o(.text)
    TIM_OC1NPolarityConfig                   0x0800275b   Thumb Code    18  stm32f10x_tim.o(.text)
    TIM_OC2PolarityConfig                    0x0800276d   Thumb Code    26  stm32f10x_tim.o(.text)
    TIM_OC2NPolarityConfig                   0x08002787   Thumb Code    26  stm32f10x_tim.o(.text)
    TIM_OC3PolarityConfig                    0x080027a1   Thumb Code    26  stm32f10x_tim.o(.text)
    TIM_OC3NPolarityConfig                   0x080027bb   Thumb Code    26  stm32f10x_tim.o(.text)
    TIM_OC4PolarityConfig                    0x080027d5   Thumb Code    26  stm32f10x_tim.o(.text)
    TIM_CCxCmd                               0x080027ef   Thumb Code    30  stm32f10x_tim.o(.text)
    TIM_CCxNCmd                              0x0800280d   Thumb Code    30  stm32f10x_tim.o(.text)
    TIM_SelectOCxM                           0x0800282b   Thumb Code    82  stm32f10x_tim.o(.text)
    TIM_UpdateDisableConfig                  0x0800287d   Thumb Code    24  stm32f10x_tim.o(.text)
    TIM_UpdateRequestConfig                  0x08002895   Thumb Code    24  stm32f10x_tim.o(.text)
    TIM_SelectHallSensor                     0x080028ad   Thumb Code    24  stm32f10x_tim.o(.text)
    TIM_SelectOnePulseMode                   0x080028c5   Thumb Code    18  stm32f10x_tim.o(.text)
    TIM_SelectOutputTrigger                  0x080028d7   Thumb Code    18  stm32f10x_tim.o(.text)
    TIM_SelectSlaveMode                      0x080028e9   Thumb Code    18  stm32f10x_tim.o(.text)
    TIM_SelectMasterSlaveMode                0x080028fb   Thumb Code    18  stm32f10x_tim.o(.text)
    TIM_SetCounter                           0x0800290d   Thumb Code     4  stm32f10x_tim.o(.text)
    TIM_SetAutoreload                        0x08002911   Thumb Code     4  stm32f10x_tim.o(.text)
    TIM_SetCompare1                          0x08002915   Thumb Code     4  stm32f10x_tim.o(.text)
    TIM_SetCompare2                          0x08002919   Thumb Code     4  stm32f10x_tim.o(.text)
    TIM_SetCompare3                          0x0800291d   Thumb Code     4  stm32f10x_tim.o(.text)
    TIM_SetCompare4                          0x08002921   Thumb Code     6  stm32f10x_tim.o(.text)
    TIM_SetClockDivision                     0x08002927   Thumb Code    18  stm32f10x_tim.o(.text)
    TIM_GetCapture1                          0x08002939   Thumb Code     6  stm32f10x_tim.o(.text)
    TIM_GetCapture2                          0x0800293f   Thumb Code     6  stm32f10x_tim.o(.text)
    TIM_GetCapture3                          0x08002945   Thumb Code     6  stm32f10x_tim.o(.text)
    TIM_GetCapture4                          0x0800294b   Thumb Code     8  stm32f10x_tim.o(.text)
    TIM_GetCounter                           0x08002953   Thumb Code     6  stm32f10x_tim.o(.text)
    TIM_GetPrescaler                         0x08002959   Thumb Code     6  stm32f10x_tim.o(.text)
    TIM_GetFlagStatus                        0x0800295f   Thumb Code    18  stm32f10x_tim.o(.text)
    TIM_ClearFlag                            0x08002971   Thumb Code     6  stm32f10x_tim.o(.text)
    TIM_GetITStatus                          0x08002977   Thumb Code    34  stm32f10x_tim.o(.text)
    TIM_ClearITPendingBit                    0x08002999   Thumb Code     6  stm32f10x_tim.o(.text)
    ADC_DeInit                               0x080029a1   Thumb Code    78  stm32f10x_adc.o(.text)
    ADC_Init                                 0x080029ef   Thumb Code    70  stm32f10x_adc.o(.text)
    ADC_StructInit                           0x08002a35   Thumb Code    18  stm32f10x_adc.o(.text)
    ADC_Cmd                                  0x08002a47   Thumb Code    22  stm32f10x_adc.o(.text)
    ADC_DMACmd                               0x08002a5d   Thumb Code    22  stm32f10x_adc.o(.text)
    ADC_ITConfig                             0x08002a73   Thumb Code    24  stm32f10x_adc.o(.text)
    ADC_ResetCalibration                     0x08002a8b   Thumb Code    10  stm32f10x_adc.o(.text)
    ADC_GetResetCalibrationStatus            0x08002a95   Thumb Code    20  stm32f10x_adc.o(.text)
    ADC_StartCalibration                     0x08002aa9   Thumb Code    10  stm32f10x_adc.o(.text)
    ADC_GetCalibrationStatus                 0x08002ab3   Thumb Code    20  stm32f10x_adc.o(.text)
    ADC_SoftwareStartConvCmd                 0x08002ac7   Thumb Code    22  stm32f10x_adc.o(.text)
    ADC_GetSoftwareStartConvStatus           0x08002add   Thumb Code    20  stm32f10x_adc.o(.text)
    ADC_DiscModeChannelCountConfig           0x08002af1   Thumb Code    24  stm32f10x_adc.o(.text)
    ADC_DiscModeCmd                          0x08002b09   Thumb Code    22  stm32f10x_adc.o(.text)
    ADC_RegularChannelConfig                 0x08002b1f   Thumb Code   184  stm32f10x_adc.o(.text)
    ADC_ExternalTrigConvCmd                  0x08002bd7   Thumb Code    22  stm32f10x_adc.o(.text)
    ADC_GetConversionValue                   0x08002bed   Thumb Code     8  stm32f10x_adc.o(.text)
    ADC_GetDualModeConversionValue           0x08002bf5   Thumb Code     8  stm32f10x_adc.o(.text)
    ADC_AutoInjectedConvCmd                  0x08002bfd   Thumb Code    22  stm32f10x_adc.o(.text)
    ADC_InjectedDiscModeCmd                  0x08002c13   Thumb Code    22  stm32f10x_adc.o(.text)
    ADC_ExternalTrigInjectedConvConfig       0x08002c29   Thumb Code    16  stm32f10x_adc.o(.text)
    ADC_ExternalTrigInjectedConvCmd          0x08002c39   Thumb Code    22  stm32f10x_adc.o(.text)
    ADC_SoftwareStartInjectedConvCmd         0x08002c4f   Thumb Code    22  stm32f10x_adc.o(.text)
    ADC_GetSoftwareStartInjectedConvCmdStatus 0x08002c65   Thumb Code    20  stm32f10x_adc.o(.text)
    ADC_InjectedChannelConfig                0x08002c79   Thumb Code   130  stm32f10x_adc.o(.text)
    ADC_InjectedSequencerLengthConfig        0x08002cfb   Thumb Code    24  stm32f10x_adc.o(.text)
    ADC_SetInjectedOffset                    0x08002d13   Thumb Code    20  stm32f10x_adc.o(.text)
    ADC_GetInjectedConversionValue           0x08002d27   Thumb Code    28  stm32f10x_adc.o(.text)
    ADC_AnalogWatchdogCmd                    0x08002d43   Thumb Code    16  stm32f10x_adc.o(.text)
    ADC_AnalogWatchdogThresholdsConfig       0x08002d53   Thumb Code     6  stm32f10x_adc.o(.text)
    ADC_AnalogWatchdogSingleChannelConfig    0x08002d59   Thumb Code    16  stm32f10x_adc.o(.text)
    ADC_TempSensorVrefintCmd                 0x08002d69   Thumb Code    64  stm32f10x_adc.o(.text)
    ADC_GetFlagStatus                        0x08002da9   Thumb Code    18  stm32f10x_adc.o(.text)
    ADC_ClearFlag                            0x08002dbb   Thumb Code     6  stm32f10x_adc.o(.text)
    ADC_GetITStatus                          0x08002dc1   Thumb Code    36  stm32f10x_adc.o(.text)
    ADC_ClearITPendingBit                    0x08002de5   Thumb Code    10  stm32f10x_adc.o(.text)
    __use_no_semihosting                     0x08002def   Thumb Code     2  use_no_semi_2.o(.text)
    __c89vsprintf                            0x08002df1   Thumb Code    32  c89vsprintf.o(.text)
    _printf_str                              0x08002e15   Thumb Code    82  _printf_str.o(.text)
    __printf                                 0x08002e69   Thumb Code   388  __printf_flags_ss_wp.o(.text)
    strlen                                   0x08002ff1   Thumb Code    62  strlen.o(.text)
    __use_two_region_memory                  0x0800302f   Thumb Code     2  heapauxi.o(.text)
    __rt_heap_escrow$2region                 0x08003031   Thumb Code     2  heapauxi.o(.text)
    __rt_heap_expand$2region                 0x08003033   Thumb Code     2  heapauxi.o(.text)
    __I$use$semihosting                      0x08003035   Thumb Code     0  use_no_semi.o(.text)
    __use_no_semihosting_swi                 0x08003035   Thumb Code     2  use_no_semi.o(.text)
    _printf_pre_padding                      0x08003037   Thumb Code    44  _printf_pad.o(.text)
    _printf_post_padding                     0x08003063   Thumb Code    34  _printf_pad.o(.text)
    _printf_truncate_signed                  0x08003085   Thumb Code    18  _printf_truncate.o(.text)
    _printf_truncate_unsigned                0x08003097   Thumb Code    18  _printf_truncate.o(.text)
    _printf_int_dec                          0x080030a9   Thumb Code   104  _printf_dec.o(.text)
    _printf_charcount                        0x08003121   Thumb Code    40  _printf_charcount.o(.text)
    _printf_char_common                      0x08003153   Thumb Code    32  _printf_char_common.o(.text)
    _sputc                                   0x08003179   Thumb Code    10  _sputc.o(.text)
    _printf_cs_common                        0x08003183   Thumb Code    20  _printf_char.o(.text)
    _printf_char                             0x08003197   Thumb Code    16  _printf_char.o(.text)
    _printf_string                           0x080031a7   Thumb Code     8  _printf_char.o(.text)
    _printf_wctomb                           0x080031b1   Thumb Code   182  _printf_wctomb.o(.text)
    _printf_longlong_dec                     0x0800326d   Thumb Code   108  _printf_longlong_dec.o(.text)
    _printf_longlong_oct                     0x080032e9   Thumb Code    66  _printf_oct_int_ll.o(.text)
    _printf_int_oct                          0x0800332b   Thumb Code    24  _printf_oct_int_ll.o(.text)
    _printf_ll_oct                           0x08003343   Thumb Code    12  _printf_oct_int_ll.o(.text)
    _printf_longlong_hex                     0x08003359   Thumb Code    86  _printf_hex_int_ll_ptr.o(.text)
    _printf_int_hex                          0x080033af   Thumb Code    28  _printf_hex_int_ll_ptr.o(.text)
    _printf_ll_hex                           0x080033cb   Thumb Code    12  _printf_hex_int_ll_ptr.o(.text)
    _printf_hex_ptr                          0x080033d7   Thumb Code    18  _printf_hex_int_ll_ptr.o(.text)
    _ll_udiv10                               0x080033ed   Thumb Code   138  lludiv10.o(.text)
    _printf_int_common                       0x08003477   Thumb Code   178  _printf_intcommon.o(.text)
    __lib_sel_fp_printf                      0x08003529   Thumb Code     2  _printf_fp_dec.o(.text)
    _printf_fp_dec_real                      0x080036d7   Thumb Code   620  _printf_fp_dec.o(.text)
    _printf_lcs_common                       0x08003943   Thumb Code    20  _printf_wchar.o(.text)
    _printf_wchar                            0x08003957   Thumb Code    16  _printf_wchar.o(.text)
    _printf_wstring                          0x08003967   Thumb Code     8  _printf_wchar.o(.text)
    _wcrtomb                                 0x0800396f   Thumb Code    64  _wcrtomb.o(.text)
    __user_setup_stackheap                   0x080039af   Thumb Code    74  sys_stackheap_outer.o(.text)
    __rt_ctype_table                         0x080039f9   Thumb Code    16  rt_ctype_table.o(.text)
    __rt_locale                              0x08003a09   Thumb Code     8  rt_locale_intlibspace.o(.text)
    _printf_fp_infnan                        0x08003a11   Thumb Code   112  _printf_fp_infnan.o(.text)
    _btod_etento                             0x08003a91   Thumb Code   216  bigflt0.o(.text)
    exit                                     0x08003b6d   Thumb Code    18  exit.o(.text)
    __user_libspace                          0x08003b81   Thumb Code     8  libspace.o(.text)
    __user_perproc_libspace                  0x08003b81   Thumb Code     0  libspace.o(.text)
    __user_perthread_libspace                0x08003b81   Thumb Code     0  libspace.o(.text)
    strcmp                                   0x08003b89   Thumb Code   128  strcmpv7m.o(.text)
    _btod_d2e                                0x08003c09   Thumb Code    62  btod.o(CL$$btod_d2e)
    _d2e_denorm_low                          0x08003c47   Thumb Code    70  btod.o(CL$$btod_d2e_denorm_low)
    _d2e_norm_op1                            0x08003c8d   Thumb Code    96  btod.o(CL$$btod_d2e_norm_op1)
    __btod_div_common                        0x08003ced   Thumb Code   696  btod.o(CL$$btod_div_common)
    _e2e                                     0x08004025   Thumb Code   198  btod.o(CL$$btod_e2e)
    _btod_ediv                               0x080040eb   Thumb Code    40  btod.o(CL$$btod_ediv)
    _btod_emul                               0x08004113   Thumb Code    40  btod.o(CL$$btod_emul)
    __btod_mult_common                       0x0800413b   Thumb Code   580  btod.o(CL$$btod_mult_common)
    __ARM_fpclassify                         0x0800437f   Thumb Code    40  fpclassify.o(i.__ARM_fpclassify)
    _is_digit                                0x080043a7   Thumb Code    14  __printf_wp.o(i._is_digit)
    _get_lc_numeric                          0x080043b5   Thumb Code    44  lc_numeric_c.o(locale$$code)
    _get_lc_ctype                            0x080043e1   Thumb Code    44  lc_ctype_c.o(locale$$code)
    __aeabi_fdiv                             0x0800440d   Thumb Code     0  fdiv.o(x$fpl$fdiv)
    _fdiv                                    0x0800440d   Thumb Code   384  fdiv.o(x$fpl$fdiv)
    __aeabi_f2uiz                            0x08004591   Thumb Code     0  ffixu.o(x$fpl$ffixu)
    _ffixu                                   0x08004591   Thumb Code    62  ffixu.o(x$fpl$ffixu)
    __aeabi_ui2f                             0x080045d1   Thumb Code     0  fflt_clz.o(x$fpl$ffltu)
    _ffltu                                   0x080045d1   Thumb Code    38  fflt_clz.o(x$fpl$ffltu)
    __aeabi_fmul                             0x080045f9   Thumb Code     0  fmul.o(x$fpl$fmul)
    _fmul                                    0x080045f9   Thumb Code   258  fmul.o(x$fpl$fmul)
    __fpl_fnaninf                            0x080046fb   Thumb Code   140  fnaninf.o(x$fpl$fnaninf)
    __fpl_fretinf                            0x08004787   Thumb Code    10  fretinf.o(x$fpl$fretinf)
    _printf_fp_dec                           0x08004791   Thumb Code     4  printf1.o(x$fpl$printf1)
    __I$use$fp                               0x08004794   Number         0  usenofp.o(x$fpl$usenofp)
    Region$$Table$$Base                      0x0800486c   Number         0  anon$$obj.o(Region$$Table)
    Region$$Table$$Limit                     0x0800488c   Number         0  anon$$obj.o(Region$$Table)
    __ctype                                  0x080048b5   Data           0  lc_ctype_c.o(locale$$data)
    SystemCoreClock                          0x20000000   Data           4  system_stm32f10x.o(.data)
    AHBPrescTable                            0x20000004   Data          16  system_stm32f10x.o(.data)
    sdata                                    0x20000014   Data           4  tasklist.o(.data)
    SMARTMODE                                0x20000018   Data           1  agreement.o(.data)
    tempup_threshold                         0x20000019   Data           1  agreement.o(.data)
    tempdown_threshold                       0x2000001a   Data           1  agreement.o(.data)
    humi_threshold                           0x2000001b   Data           1  agreement.o(.data)
    DataBuf                                  0x2000001c   Data          18  agreement.o(.data)
    heartBeat                                0x20000030   Data           4  timer.o(.data)
    flag_taskOne                             0x20000034   Data           1  timer.o(.data)
    flag_taskTwo                             0x20000035   Data           1  timer.o(.data)
    flag_taskThree                           0x20000036   Data           1  timer.o(.data)
    flag_taskFour                            0x20000037   Data           1  timer.o(.data)
    USART3_RX_STA                            0x20000038   Data           2  usart3.o(.data)
    RH                                       0x2000003a   Data           1  dht11.o(.data)
    RL                                       0x2000003b   Data           1  dht11.o(.data)
    TH                                       0x2000003c   Data           1  dht11.o(.data)
    TL                                       0x2000003d   Data           1  dht11.o(.data)
    water_level                              0x2000003e   Data           1  adc.o(.data)
    __stdout                                 0x20000044   Data           4  usart.o(.data)
    USART_RX_STA                             0x20000048   Data           2  usart.o(.data)
    USART3_RX_BUF                            0x20000060   Data         600  usart3.o(.bss)
    USART3_TX_BUF                            0x200002b8   Data         600  usart3.o(.bss)
    USART_RX_BUF                             0x20000510   Data         200  usart.o(.bss)
    __libspace_start                         0x200005d8   Data          96  libspace.o(.bss)
    __temporary_stack_top$libspace           0x20000638   Data           0  libspace.o(.bss)
    mem2base                                 0x68000000   Data       983040  malloc.o(.ARM.__AT_0x68000000)
    mem2mapbase                              0x680f0000   Data       61440  malloc.o(.ARM.__AT_0x680F0000)



==============================================================================

Memory Map of the image

  Image Entry point : 0x08000131

  Load Region LR_IROM1 (Base: 0x08000000, Size: 0x00004a18, Max: 0x00040000, ABSOLUTE)

    Execution Region ER_IROM1 (Base: 0x08000000, Size: 0x000049b8, Max: 0x00040000, ABSOLUTE)

    Base Addr    Size         Type   Attr      Idx    E Section Name        Object

    0x08000000   0x00000130   Data   RO          436    RESET               startup_stm32f10x_hd.o
    0x08000130   0x00000008   Code   RO          618  * !!!main             c_w.l(__main.o)
    0x08000138   0x00000034   Code   RO          928    !!!scatter          c_w.l(__scatter.o)
    0x0800016c   0x0000001a   Code   RO          930    !!handler_copy      c_w.l(__scatter_copy.o)
    0x08000186   0x00000002   PAD
    0x08000188   0x0000001c   Code   RO          932    !!handler_zi        c_w.l(__scatter_zi.o)
    0x080001a4   0x00000000   Code   RO          611    .ARM.Collect$$_printf_percent$$00000000  c_w.l(_printf_percent.o)
    0x080001a4   0x00000006   Code   RO          688    .ARM.Collect$$_printf_percent$$00000001  c_w.l(_printf_n.o)
    0x080001aa   0x00000006   Code   RO          690    .ARM.Collect$$_printf_percent$$00000002  c_w.l(_printf_p.o)
    0x080001b0   0x00000006   Code   RO          695    .ARM.Collect$$_printf_percent$$00000003  c_w.l(_printf_f.o)
    0x080001b6   0x00000006   Code   RO          696    .ARM.Collect$$_printf_percent$$00000004  c_w.l(_printf_e.o)
    0x080001bc   0x00000006   Code   RO          697    .ARM.Collect$$_printf_percent$$00000005  c_w.l(_printf_g.o)
    0x080001c2   0x00000006   Code   RO          698    .ARM.Collect$$_printf_percent$$00000006  c_w.l(_printf_a.o)
    0x080001c8   0x0000000a   Code   RO          703    .ARM.Collect$$_printf_percent$$00000007  c_w.l(_printf_ll.o)
    0x080001d2   0x00000006   Code   RO          692    .ARM.Collect$$_printf_percent$$00000008  c_w.l(_printf_i.o)
    0x080001d8   0x00000006   Code   RO          693    .ARM.Collect$$_printf_percent$$00000009  c_w.l(_printf_d.o)
    0x080001de   0x00000006   Code   RO          694    .ARM.Collect$$_printf_percent$$0000000A  c_w.l(_printf_u.o)
    0x080001e4   0x00000006   Code   RO          691    .ARM.Collect$$_printf_percent$$0000000B  c_w.l(_printf_o.o)
    0x080001ea   0x00000006   Code   RO          689    .ARM.Collect$$_printf_percent$$0000000C  c_w.l(_printf_x.o)
    0x080001f0   0x00000006   Code   RO          700    .ARM.Collect$$_printf_percent$$0000000D  c_w.l(_printf_lli.o)
    0x080001f6   0x00000006   Code   RO          701    .ARM.Collect$$_printf_percent$$0000000E  c_w.l(_printf_lld.o)
    0x080001fc   0x00000006   Code   RO          702    .ARM.Collect$$_printf_percent$$0000000F  c_w.l(_printf_llu.o)
    0x08000202   0x00000006   Code   RO          707    .ARM.Collect$$_printf_percent$$00000010  c_w.l(_printf_llo.o)
    0x08000208   0x00000006   Code   RO          708    .ARM.Collect$$_printf_percent$$00000011  c_w.l(_printf_llx.o)
    0x0800020e   0x0000000a   Code   RO          704    .ARM.Collect$$_printf_percent$$00000012  c_w.l(_printf_l.o)
    0x08000218   0x00000006   Code   RO          687    .ARM.Collect$$_printf_percent$$00000013  c_w.l(_printf_c.o)
    0x0800021e   0x00000006   Code   RO          610    .ARM.Collect$$_printf_percent$$00000014  c_w.l(_printf_s.o)
    0x08000224   0x00000006   Code   RO          705    .ARM.Collect$$_printf_percent$$00000015  c_w.l(_printf_lc.o)
    0x0800022a   0x00000006   Code   RO          706    .ARM.Collect$$_printf_percent$$00000016  c_w.l(_printf_ls.o)
    0x08000230   0x00000004   Code   RO          699    .ARM.Collect$$_printf_percent$$00000017  c_w.l(_printf_percent_end.o)
    0x08000234   0x00000002   Code   RO          793    .ARM.Collect$$libinit$$00000000  c_w.l(libinit.o)
    0x08000236   0x00000000   Code   RO          809    .ARM.Collect$$libinit$$00000002  c_w.l(libinit2.o)
    0x08000236   0x00000000   Code   RO          811    .ARM.Collect$$libinit$$00000004  c_w.l(libinit2.o)
    0x08000236   0x00000000   Code   RO          814    .ARM.Collect$$libinit$$0000000A  c_w.l(libinit2.o)
    0x08000236   0x00000000   Code   RO          816    .ARM.Collect$$libinit$$0000000C  c_w.l(libinit2.o)
    0x08000236   0x00000000   Code   RO          818    .ARM.Collect$$libinit$$0000000E  c_w.l(libinit2.o)
    0x08000236   0x00000006   Code   RO          819    .ARM.Collect$$libinit$$0000000F  c_w.l(libinit2.o)
    0x0800023c   0x00000000   Code   RO          821    .ARM.Collect$$libinit$$00000011  c_w.l(libinit2.o)
    0x0800023c   0x0000000c   Code   RO          822    .ARM.Collect$$libinit$$00000012  c_w.l(libinit2.o)
    0x08000248   0x00000000   Code   RO          823    .ARM.Collect$$libinit$$00000013  c_w.l(libinit2.o)
    0x08000248   0x00000000   Code   RO          825    .ARM.Collect$$libinit$$00000015  c_w.l(libinit2.o)
    0x08000248   0x0000000a   Code   RO          826    .ARM.Collect$$libinit$$00000016  c_w.l(libinit2.o)
    0x08000252   0x00000000   Code   RO          827    .ARM.Collect$$libinit$$00000017  c_w.l(libinit2.o)
    0x08000252   0x00000000   Code   RO          829    .ARM.Collect$$libinit$$00000019  c_w.l(libinit2.o)
    0x08000252   0x00000000   Code   RO          831    .ARM.Collect$$libinit$$0000001B  c_w.l(libinit2.o)
    0x08000252   0x00000000   Code   RO          833    .ARM.Collect$$libinit$$0000001D  c_w.l(libinit2.o)
    0x08000252   0x00000000   Code   RO          835    .ARM.Collect$$libinit$$0000001F  c_w.l(libinit2.o)
    0x08000252   0x00000000   Code   RO          837    .ARM.Collect$$libinit$$00000021  c_w.l(libinit2.o)
    0x08000252   0x00000000   Code   RO          839    .ARM.Collect$$libinit$$00000023  c_w.l(libinit2.o)
    0x08000252   0x00000000   Code   RO          841    .ARM.Collect$$libinit$$00000025  c_w.l(libinit2.o)
    0x08000252   0x00000000   Code   RO          845    .ARM.Collect$$libinit$$0000002C  c_w.l(libinit2.o)
    0x08000252   0x00000000   Code   RO          847    .ARM.Collect$$libinit$$0000002E  c_w.l(libinit2.o)
    0x08000252   0x00000000   Code   RO          849    .ARM.Collect$$libinit$$00000030  c_w.l(libinit2.o)
    0x08000252   0x00000000   Code   RO          851    .ARM.Collect$$libinit$$00000032  c_w.l(libinit2.o)
    0x08000252   0x00000002   Code   RO          852    .ARM.Collect$$libinit$$00000033  c_w.l(libinit2.o)
    0x08000254   0x00000002   Code   RO          870    .ARM.Collect$$libshutdown$$00000000  c_w.l(libshutdown.o)
    0x08000256   0x00000000   Code   RO          880    .ARM.Collect$$libshutdown$$00000002  c_w.l(libshutdown2.o)
    0x08000256   0x00000000   Code   RO          882    .ARM.Collect$$libshutdown$$00000004  c_w.l(libshutdown2.o)
    0x08000256   0x00000000   Code   RO          885    .ARM.Collect$$libshutdown$$00000007  c_w.l(libshutdown2.o)
    0x08000256   0x00000000   Code   RO          888    .ARM.Collect$$libshutdown$$0000000A  c_w.l(libshutdown2.o)
    0x08000256   0x00000000   Code   RO          890    .ARM.Collect$$libshutdown$$0000000C  c_w.l(libshutdown2.o)
    0x08000256   0x00000000   Code   RO          893    .ARM.Collect$$libshutdown$$0000000F  c_w.l(libshutdown2.o)
    0x08000256   0x00000002   Code   RO          894    .ARM.Collect$$libshutdown$$00000010  c_w.l(libshutdown2.o)
    0x08000258   0x00000000   Code   RO          638    .ARM.Collect$$rtentry$$00000000  c_w.l(__rtentry.o)
    0x08000258   0x00000000   Code   RO          717    .ARM.Collect$$rtentry$$00000002  c_w.l(__rtentry2.o)
    0x08000258   0x00000006   Code   RO          729    .ARM.Collect$$rtentry$$00000004  c_w.l(__rtentry4.o)
    0x0800025e   0x00000000   Code   RO          719    .ARM.Collect$$rtentry$$00000009  c_w.l(__rtentry2.o)
    0x0800025e   0x00000004   Code   RO          720    .ARM.Collect$$rtentry$$0000000A  c_w.l(__rtentry2.o)
    0x08000262   0x00000000   Code   RO          722    .ARM.Collect$$rtentry$$0000000C  c_w.l(__rtentry2.o)
    0x08000262   0x00000008   Code   RO          723    .ARM.Collect$$rtentry$$0000000D  c_w.l(__rtentry2.o)
    0x0800026a   0x00000002   Code   RO          801    .ARM.Collect$$rtexit$$00000000  c_w.l(rtexit.o)
    0x0800026c   0x00000000   Code   RO          854    .ARM.Collect$$rtexit$$00000002  c_w.l(rtexit2.o)
    0x0800026c   0x00000004   Code   RO          855    .ARM.Collect$$rtexit$$00000003  c_w.l(rtexit2.o)
    0x08000270   0x00000006   Code   RO          856    .ARM.Collect$$rtexit$$00000004  c_w.l(rtexit2.o)
    0x08000276   0x00000002   PAD
    0x08000278   0x000000d8   Code   RO            1    .text               main.o
    0x08000350   0x0000001a   Code   RO          147    .text               stm32f10x_it.o
    0x0800036a   0x00000002   PAD
    0x0800036c   0x000001e0   Code   RO          188    .text               system_stm32f10x.o
    0x0800054c   0x000000a0   Code   RO          206    .text               tasklist.o
    0x080005ec   0x0000009c   Code   RO          221    .text               agreement.o
    0x08000688   0x0000006c   Code   RO          239    .text               led.o
    0x080006f4   0x00000194   Code   RO          267    .text               timer.o
    0x08000888   0x000001a8   Code   RO          286    .text               usart3.o
    0x08000a30   0x0000018c   Code   RO          315    .text               dht11.o
    0x08000bbc   0x00000140   Code   RO          348    .text               adc.o
    0x08000cfc   0x000000d4   Code   RO          366    .text               delay.o
    0x08000dd0   0x00000190   Code   RO          397    .text               usart.o
    0x08000f60   0x00000040   Code   RO          437    .text               startup_stm32f10x_hd.o
    0x08000fa0   0x000000dc   Code   RO          441    .text               misc.o
    0x0800107c   0x0000035c   Code   RO          453    .text               stm32f10x_gpio.o
    0x080013d8   0x000003a4   Code   RO          465    .text               stm32f10x_rcc.o
    0x0800177c   0x00000408   Code   RO          479    .text               stm32f10x_usart.o
    0x08001b84   0x00000e1a   Code   RO          491    .text               stm32f10x_tim.o
    0x0800299e   0x00000002   PAD
    0x080029a0   0x0000044e   Code   RO          503    .text               stm32f10x_adc.o
    0x08002dee   0x00000002   Code   RO          574    .text               c_w.l(use_no_semi_2.o)
    0x08002df0   0x00000024   Code   RO          576    .text               c_w.l(c89vsprintf.o)
    0x08002e14   0x00000052   Code   RO          588    .text               c_w.l(_printf_str.o)
    0x08002e66   0x00000002   PAD
    0x08002e68   0x00000188   Code   RO          607    .text               c_w.l(__printf_flags_ss_wp.o)
    0x08002ff0   0x0000003e   Code   RO          614    .text               c_w.l(strlen.o)
    0x0800302e   0x00000006   Code   RO          616    .text               c_w.l(heapauxi.o)
    0x08003034   0x00000002   Code   RO          636    .text               c_w.l(use_no_semi.o)
    0x08003036   0x0000004e   Code   RO          639    .text               c_w.l(_printf_pad.o)
    0x08003084   0x00000024   Code   RO          641    .text               c_w.l(_printf_truncate.o)
    0x080030a8   0x00000078   Code   RO          643    .text               c_w.l(_printf_dec.o)
    0x08003120   0x00000028   Code   RO          645    .text               c_w.l(_printf_charcount.o)
    0x08003148   0x00000030   Code   RO          647    .text               c_w.l(_printf_char_common.o)
    0x08003178   0x0000000a   Code   RO          649    .text               c_w.l(_sputc.o)
    0x08003182   0x0000002c   Code   RO          651    .text               c_w.l(_printf_char.o)
    0x080031ae   0x00000002   PAD
    0x080031b0   0x000000bc   Code   RO          655    .text               c_w.l(_printf_wctomb.o)
    0x0800326c   0x0000007c   Code   RO          658    .text               c_w.l(_printf_longlong_dec.o)
    0x080032e8   0x00000070   Code   RO          664    .text               c_w.l(_printf_oct_int_ll.o)
    0x08003358   0x00000094   Code   RO          684    .text               c_w.l(_printf_hex_int_ll_ptr.o)
    0x080033ec   0x0000008a   Code   RO          731    .text               c_w.l(lludiv10.o)
    0x08003476   0x000000b2   Code   RO          733    .text               c_w.l(_printf_intcommon.o)
    0x08003528   0x0000041a   Code   RO          735    .text               c_w.l(_printf_fp_dec.o)
    0x08003942   0x0000002c   Code   RO          739    .text               c_w.l(_printf_wchar.o)
    0x0800396e   0x00000040   Code   RO          745    .text               c_w.l(_wcrtomb.o)
    0x080039ae   0x0000004a   Code   RO          747    .text               c_w.l(sys_stackheap_outer.o)
    0x080039f8   0x00000010   Code   RO          749    .text               c_w.l(rt_ctype_table.o)
    0x08003a08   0x00000008   Code   RO          754    .text               c_w.l(rt_locale_intlibspace.o)
    0x08003a10   0x00000080   Code   RO          756    .text               c_w.l(_printf_fp_infnan.o)
    0x08003a90   0x000000dc   Code   RO          758    .text               c_w.l(bigflt0.o)
    0x08003b6c   0x00000012   Code   RO          786    .text               c_w.l(exit.o)
    0x08003b7e   0x00000002   PAD
    0x08003b80   0x00000008   Code   RO          798    .text               c_w.l(libspace.o)
    0x08003b88   0x00000080   Code   RO          806    .text               c_w.l(strcmpv7m.o)
    0x08003c08   0x0000003e   Code   RO          761    CL$$btod_d2e        c_w.l(btod.o)
    0x08003c46   0x00000046   Code   RO          763    CL$$btod_d2e_denorm_low  c_w.l(btod.o)
    0x08003c8c   0x00000060   Code   RO          762    CL$$btod_d2e_norm_op1  c_w.l(btod.o)
    0x08003cec   0x00000338   Code   RO          771    CL$$btod_div_common  c_w.l(btod.o)
    0x08004024   0x000000c6   Code   RO          768    CL$$btod_e2e        c_w.l(btod.o)
    0x080040ea   0x00000028   Code   RO          765    CL$$btod_ediv       c_w.l(btod.o)
    0x08004112   0x00000028   Code   RO          764    CL$$btod_emul       c_w.l(btod.o)
    0x0800413a   0x00000244   Code   RO          770    CL$$btod_mult_common  c_w.l(btod.o)
    0x0800437e   0x00000028   Code   RO          796    i.__ARM_fpclassify  m_ws.l(fpclassify.o)
    0x080043a6   0x0000000e   Code   RO          600    i._is_digit         c_w.l(__printf_wp.o)
    0x080043b4   0x0000002c   Code   RO          784    locale$$code        c_w.l(lc_numeric_c.o)
    0x080043e0   0x0000002c   Code   RO          804    locale$$code        c_w.l(lc_ctype_c.o)
    0x0800440c   0x00000184   Code   RO          621    x$fpl$fdiv          fz_ws.l(fdiv.o)
    0x08004590   0x0000003e   Code   RO          624    x$fpl$ffixu         fz_ws.l(ffixu.o)
    0x080045ce   0x00000002   PAD
    0x080045d0   0x00000026   Code   RO          628    x$fpl$ffltu         fz_ws.l(fflt_clz.o)
    0x080045f6   0x00000002   PAD
    0x080045f8   0x00000102   Code   RO          634    x$fpl$fmul          fz_ws.l(fmul.o)
    0x080046fa   0x0000008c   Code   RO          709    x$fpl$fnaninf       fz_ws.l(fnaninf.o)
    0x08004786   0x0000000a   Code   RO          711    x$fpl$fretinf       fz_ws.l(fretinf.o)
    0x08004790   0x00000004   Code   RO          713    x$fpl$printf1       fz_ws.l(printf1.o)
    0x08004794   0x00000000   Code   RO          715    x$fpl$usenofp       fz_ws.l(usenofp.o)
    0x08004794   0x00000011   Data   RO          608    .constdata          c_w.l(__printf_flags_ss_wp.o)
    0x080047a5   0x00000003   PAD
    0x080047a8   0x00000008   Data   RO          656    .constdata          c_w.l(_printf_wctomb.o)
    0x080047b0   0x00000028   Data   RO          685    .constdata          c_w.l(_printf_hex_int_ll_ptr.o)
    0x080047d8   0x00000094   Data   RO          759    .constdata          c_w.l(bigflt0.o)
    0x0800486c   0x00000020   Data   RO          926    Region$$Table       anon$$obj.o
    0x0800488c   0x0000001c   Data   RO          783    locale$$data        c_w.l(lc_numeric_c.o)
    0x080048a8   0x00000110   Data   RO          803    locale$$data        c_w.l(lc_ctype_c.o)


    Execution Region RW_IRAM1 (Base: 0x20000000, Size: 0x00000c38, Max: 0x0000c000, ABSOLUTE)

    Base Addr    Size         Type   Attr      Idx    E Section Name        Object

    0x20000000   0x00000014   Data   RW          189    .data               system_stm32f10x.o
    0x20000014   0x00000004   Data   RW          207    .data               tasklist.o
    0x20000018   0x00000016   Data   RW          222    .data               agreement.o
    0x2000002e   0x00000002   PAD
    0x20000030   0x00000008   Data   RW          268    .data               timer.o
    0x20000038   0x00000002   Data   RW          288    .data               usart3.o
    0x2000003a   0x00000004   Data   RW          316    .data               dht11.o
    0x2000003e   0x00000001   Data   RW          349    .data               adc.o
    0x2000003f   0x00000001   PAD
    0x20000040   0x00000004   Data   RW          367    .data               delay.o
    0x20000044   0x00000006   Data   RW          399    .data               usart.o
    0x2000004a   0x00000014   Data   RW          466    .data               stm32f10x_rcc.o
    0x2000005e   0x00000002   PAD
    0x20000060   0x000004b0   Zero   RW          287    .bss                usart3.o
    0x20000510   0x000000c8   Zero   RW          398    .bss                usart.o
    0x200005d8   0x00000060   Zero   RW          799    .bss                c_w.l(libspace.o)
    0x20000638   0x00000200   Zero   RW          435    HEAP                startup_stm32f10x_hd.o
    0x20000838   0x00000400   Zero   RW          434    STACK               startup_stm32f10x_hd.o



  Load Region LR$$.ARM.__AT_0x68000000 (Base: 0x68000000, Size: 0x00000000, Max: 0x000f0000, ABSOLUTE)

    Execution Region ER$$.ARM.__AT_0x68000000 (Base: 0x68000000, Size: 0x000f0000, Max: 0x000f0000, ABSOLUTE, UNINIT)

    Base Addr    Size         Type   Attr      Idx    E Section Name        Object

    0x68000000   0x000f0000   Zero   RW          551    .ARM.__AT_0x68000000  malloc.o



  Load Region LR$$.ARM.__AT_0x680F0000 (Base: 0x680f0000, Size: 0x00000000, Max: 0x0000f000, ABSOLUTE)

    Execution Region ER$$.ARM.__AT_0x680F0000 (Base: 0x680f0000, Size: 0x0000f000, Max: 0x0000f000, ABSOLUTE, UNINIT)

    Base Addr    Size         Type   Attr      Idx    E Section Name        Object

    0x680f0000   0x0000f000   Zero   RW          552    .ARM.__AT_0x680F0000  malloc.o


==============================================================================

Image component sizes


      Code (inc. data)   RO Data    RW Data    ZI Data      Debug   Object Name

       320         22          0          1          0       1481   adc.o
       156         26          0         22          0       2304   agreement.o
       212         18          0          4          0        999   delay.o
       396         30          0          4          0       2045   dht11.o
       108         14          0          0          0        482   led.o
       216         40          0          0          0     262300   main.o
         0          0          0          0    1044480       1501   malloc.o
       220         22          0          0          0       1753   misc.o
        64         26        304          0       1536        780   startup_stm32f10x_hd.o
      1102         26          0          0          0      10997   stm32f10x_adc.o
       860         38          0          0          0       5689   stm32f10x_gpio.o
        26          0          0          0          0       1158   stm32f10x_it.o
       932         36          0         20          0       8848   stm32f10x_rcc.o
      3610         88          0          0          0      22796   stm32f10x_tim.o
      1032         22          0          0          0       8412   stm32f10x_usart.o
         0          0          0          0          0         32   sys.o
       480         38          0         20          0       1671   system_stm32f10x.o
       160         20          0          4          0       1377   tasklist.o
       404         32          0          8          0       1669   timer.o
       400         18          0          6        200       3589   usart.o
       424         24          0          2       1200       2775   usart3.o

    ----------------------------------------------------------------------
     11126        540        336         96    1047416     342658   Object Totals
         0          0         32          0          0          0   (incl. Generated)
         4          0          0          5          0          0   (incl. Padding)

    ----------------------------------------------------------------------

      Code (inc. data)   RO Data    RW Data    ZI Data      Debug   Library Member Name

         8          0          0          0          0         68   __main.o
       392          4         17          0          0         92   __printf_flags_ss_wp.o
        14          0          0          0          0         68   __printf_wp.o
         0          0          0          0          0          0   __rtentry.o
        12          0          0          0          0          0   __rtentry2.o
         6          0          0          0          0          0   __rtentry4.o
        52          8          0          0          0          0   __scatter.o
        26          0          0          0          0          0   __scatter_copy.o
        28          0          0          0          0          0   __scatter_zi.o
         6          0          0          0          0          0   _printf_a.o
         6          0          0          0          0          0   _printf_c.o
        44          0          0          0          0        108   _printf_char.o
        48          6          0          0          0         96   _printf_char_common.o
        40          0          0          0          0         68   _printf_charcount.o
         6          0          0          0          0          0   _printf_d.o
       120         16          0          0          0         92   _printf_dec.o
         6          0          0          0          0          0   _printf_e.o
         6          0          0          0          0          0   _printf_f.o
      1050          0          0          0          0        216   _printf_fp_dec.o
       128         16          0          0          0         84   _printf_fp_infnan.o
         6          0          0          0          0          0   _printf_g.o
       148          4         40          0          0        160   _printf_hex_int_ll_ptr.o
         6          0          0          0          0          0   _printf_i.o
       178          0          0          0          0         88   _printf_intcommon.o
        10          0          0          0          0          0   _printf_l.o
         6          0          0          0          0          0   _printf_lc.o
        10          0          0          0          0          0   _printf_ll.o
         6          0          0          0          0          0   _printf_lld.o
         6          0          0          0          0          0   _printf_lli.o
         6          0          0          0          0          0   _printf_llo.o
         6          0          0          0          0          0   _printf_llu.o
         6          0          0          0          0          0   _printf_llx.o
       124         16          0          0          0         92   _printf_longlong_dec.o
         6          0          0          0          0          0   _printf_ls.o
         6          0          0          0          0          0   _printf_n.o
         6          0          0          0          0          0   _printf_o.o
       112         10          0          0          0        124   _printf_oct_int_ll.o
         6          0          0          0          0          0   _printf_p.o
        78          0          0          0          0        108   _printf_pad.o
         0          0          0          0          0          0   _printf_percent.o
         4          0          0          0          0          0   _printf_percent_end.o
         6          0          0          0          0          0   _printf_s.o
        82          0          0          0          0         80   _printf_str.o
        36          0          0          0          0         84   _printf_truncate.o
         6          0          0          0          0          0   _printf_u.o
        44          0          0          0          0        108   _printf_wchar.o
       188          6          8          0          0         92   _printf_wctomb.o
         6          0          0          0          0          0   _printf_x.o
        10          0          0          0          0         68   _sputc.o
        64          0          0          0          0         92   _wcrtomb.o
       220          4        148          0          0         96   bigflt0.o
      1910        128          0          0          0        672   btod.o
        36          4          0          0          0         76   c89vsprintf.o
        18          0          0          0          0         80   exit.o
         6          0          0          0          0        152   heapauxi.o
        44         10        272          0          0         76   lc_ctype_c.o
        44         10         28          0          0         76   lc_numeric_c.o
         2          0          0          0          0          0   libinit.o
        30          0          0          0          0          0   libinit2.o
         2          0          0          0          0          0   libshutdown.o
         2          0          0          0          0          0   libshutdown2.o
         8          4          0          0         96         68   libspace.o
       138          0          0          0          0         80   lludiv10.o
        16          4          0          0          0         76   rt_ctype_table.o
         8          4          0          0          0         68   rt_locale_intlibspace.o
         2          0          0          0          0          0   rtexit.o
        10          0          0          0          0          0   rtexit2.o
       128          0          0          0          0         68   strcmpv7m.o
        62          0          0          0          0         76   strlen.o
        74          0          0          0          0         80   sys_stackheap_outer.o
         2          0          0          0          0         68   use_no_semi.o
         2          0          0          0          0         68   use_no_semi_2.o
       388         76          0          0          0         96   fdiv.o
        62          4          0          0          0         84   ffixu.o
        38          0          0          0          0         68   fflt_clz.o
       258          4          0          0          0         84   fmul.o
       140          4          0          0          0         84   fnaninf.o
        10          0          0          0          0         68   fretinf.o
         4          0          0          0          0         68   printf1.o
         0          0          0          0          0          0   usenofp.o
        40          0          0          0          0         68   fpclassify.o

    ----------------------------------------------------------------------
      6894        342        516          0         96       4488   Library Totals
        14          0          3          0          0          0   (incl. Padding)

    ----------------------------------------------------------------------

      Code (inc. data)   RO Data    RW Data    ZI Data      Debug   Library Name

      5940        254        513          0         96       3868   c_w.l
       900         88          0          0          0        552   fz_ws.l
        40          0          0          0          0         68   m_ws.l

    ----------------------------------------------------------------------
      6894        342        516          0         96       4488   Library Totals

    ----------------------------------------------------------------------

==============================================================================


      Code (inc. data)   RO Data    RW Data    ZI Data      Debug   

     18020        882        852         96    1047512     343190   Grand Totals
     18020        882        852         96    1047512     343190   ELF Image Totals
     18020        882        852         96          0          0   ROM Totals

==============================================================================

    Total RO  Size (Code + RO Data)                18872 (  18.43kB)
    Total RW  Size (RW Data + ZI Data)           1047608 (1023.05kB)
    Total ROM Size (Code + RO Data + RW Data)      18968 (  18.52kB)

==============================================================================

